Component: ARM Compiler 5.05 update 1 (build 106) Tool: armlink [4d0efa]

==============================================================================

Section Cross References

    main.o(i.LED_State) refers to rt_memclr_w.o(.text) for __aeabi_memclr4
    main.o(i.LED_State) refers to __2sprintf.o(.text) for __2sprintf
    main.o(i.LED_State) refers to stm32f10x_gpio.o(i.GPIO_ReadOutputDataBit) for GPIO_ReadOutputDataBit
    main.o(i.LED_State) refers to mqtt.o(i.MQTT_PublishQs0) for MQTT_PublishQs0
    main.o(i.main) refers to delay.o(i.Delay_Init) for Delay_Init
    main.o(i.main) refers to usart1.o(i.Usart1_Init) for Usart1_Init
    main.o(i.main) refers to usart2.o(i.Usart2_Init) for Usart2_Init
    main.o(i.main) refers to timer4.o(i.TIM4_Init) for TIM4_Init
    main.o(i.main) refers to led.o(i.LED_Init) for LED_Init
    main.o(i.main) refers to key.o(i.KEY_Init) for KEY_Init
    main.o(i.main) refers to wifi.o(i.WiFi_ResetIO_Init) for WiFi_ResetIO_Init
    main.o(i.main) refers to mqtt.o(i.IoT_Parameter_Init) for IoT_Parameter_Init
    main.o(i.main) refers to usart1.o(i.u1_printf) for u1_printf
    main.o(i.main) refers to usart2.o(i.u2_TxData) for u2_TxData
    main.o(i.main) refers to timer3.o(i.TIM3_ENABLE_30S) for TIM3_ENABLE_30S
    main.o(i.main) refers to main.o(i.LED_State) for LED_State
    main.o(i.main) refers to mqtt.o(i.MQTT_DealPushdata_Qs0) for MQTT_DealPushdata_Qs0
    main.o(i.main) refers to strlen.o(.text) for strlen
    main.o(i.main) refers to memcmp.o(.text) for memcmp
    main.o(i.main) refers to stm32f10x_gpio.o(i.GPIO_ReadOutputDataBit) for GPIO_ReadOutputDataBit
    main.o(i.main) refers to stm32f10x_gpio.o(i.GPIO_WriteBit) for GPIO_WriteBit
    main.o(i.main) refers to led.o(i.LED_AllOn) for LED_AllOn
    main.o(i.main) refers to led.o(i.LED_AllOff) for LED_AllOff
    main.o(i.main) refers to stm32f10x_tim.o(i.TIM_Cmd) for TIM_Cmd
    main.o(i.main) refers to rt_memclr.o(.text) for __aeabi_memclr
    main.o(i.main) refers to wifi.o(i.WiFi_Connect_IoTServer) for WiFi_Connect_IoTServer
    main.o(i.main) refers to mqtt.o(i.MQTT_Buff_Init) for MQTT_Buff_Init
    main.o(i.main) refers to mqtt.o(.data) for Connect_flag
    main.o(i.main) refers to mqtt.o(.bss) for MQTT_TxDataBuf
    main.o(i.main) refers to main.o(.data) for CMD1
    main.o(i.main) refers to usart2.o(.data) for Usart2_RxCounter
    main.o(i.main) refers to usart2.o(.bss) for Usart2_RxBuff
    main.o(.data) refers to main.o(.conststring) for .conststring
    delay.o(i.Delay_Init) refers to misc.o(i.SysTick_CLKSourceConfig) for SysTick_CLKSourceConfig
    usart1.o(i.Usart1_Init) refers to stm32f10x_rcc.o(i.RCC_APB2PeriphClockCmd) for RCC_APB2PeriphClockCmd
    usart1.o(i.Usart1_Init) refers to stm32f10x_gpio.o(i.GPIO_Init) for GPIO_Init
    usart1.o(i.Usart1_Init) refers to stm32f10x_usart.o(i.USART_Init) for USART_Init
    usart1.o(i.Usart1_Init) refers to stm32f10x_usart.o(i.USART_Cmd) for USART_Cmd
    usart1.o(i.u1_printf) refers to c89vsprintf.o(.text) for __c89vsprintf
    usart1.o(i.u1_printf) refers to strlen.o(.text) for strlen
    usart1.o(i.u1_printf) refers to usart1.o(.bss) for Usart1_TxBuff
    timer4.o(i.TIM4_Init) refers to misc.o(i.NVIC_PriorityGroupConfig) for NVIC_PriorityGroupConfig
    timer4.o(i.TIM4_Init) refers to stm32f10x_rcc.o(i.RCC_APB1PeriphClockCmd) for RCC_APB1PeriphClockCmd
    timer4.o(i.TIM4_Init) refers to stm32f10x_tim.o(i.TIM_TimeBaseInit) for TIM_TimeBaseInit
    timer4.o(i.TIM4_Init) refers to stm32f10x_tim.o(i.TIM_ClearITPendingBit) for TIM_ClearITPendingBit
    timer4.o(i.TIM4_Init) refers to stm32f10x_tim.o(i.TIM_ITConfig) for TIM_ITConfig
    timer4.o(i.TIM4_Init) refers to stm32f10x_tim.o(i.TIM_Cmd) for TIM_Cmd
    timer4.o(i.TIM4_Init) refers to misc.o(i.NVIC_Init) for NVIC_Init
    stm32f10x_it.o(i.TIM3_IRQHandler) refers to stm32f10x_tim.o(i.TIM_GetITStatus) for TIM_GetITStatus
    stm32f10x_it.o(i.TIM3_IRQHandler) refers to mqtt.o(i.MQTT_PingREQ) for MQTT_PingREQ
    stm32f10x_it.o(i.TIM3_IRQHandler) refers to timer3.o(i.TIM3_ENABLE_2S) for TIM3_ENABLE_2S
    stm32f10x_it.o(i.TIM3_IRQHandler) refers to stm32f10x_tim.o(i.TIM_Cmd) for TIM_Cmd
    stm32f10x_it.o(i.TIM3_IRQHandler) refers to stm32f10x_tim.o(i.TIM_ClearITPendingBit) for TIM_ClearITPendingBit
    stm32f10x_it.o(i.TIM3_IRQHandler) refers to mqtt.o(.data) for Ping_flag
    stm32f10x_it.o(i.TIM4_IRQHandler) refers to stm32f10x_tim.o(i.TIM_GetITStatus) for TIM_GetITStatus
    stm32f10x_it.o(i.TIM4_IRQHandler) refers to rt_memcpy_v6.o(.text) for __aeabi_memcpy
    stm32f10x_it.o(i.TIM4_IRQHandler) refers to stm32f10x_tim.o(i.TIM_SetCounter) for TIM_SetCounter
    stm32f10x_it.o(i.TIM4_IRQHandler) refers to stm32f10x_tim.o(i.TIM_Cmd) for TIM_Cmd
    stm32f10x_it.o(i.TIM4_IRQHandler) refers to stm32f10x_tim.o(i.TIM_ClearITPendingBit) for TIM_ClearITPendingBit
    stm32f10x_it.o(i.TIM4_IRQHandler) refers to usart2.o(.data) for Usart2_RxCounter
[...]
    .ARM.Collect$$libinit$$0000002C          0x08000252   Section        0  libinit2.o(.ARM.Collect$$libinit$$0000002C)
    .ARM.Collect$$libinit$$0000002E          0x08000252   Section        0  libinit2.o(.ARM.Collect$$libinit$$0000002E)
    .ARM.Collect$$libinit$$00000030          0x08000252   Section        0  libinit2.o(.ARM.Collect$$libinit$$00000030)
    .ARM.Collect$$libinit$$00000032          0x08000252   Section        0  libinit2.o(.ARM.Collect$$libinit$$00000032)
    .ARM.Collect$$libinit$$00000033          0x08000252   Section        2  libinit2.o(.ARM.Collect$$libinit$$00000033)
    .ARM.Collect$$libshutdown$$00000000      0x08000254   Section        2  libshutdown.o(.ARM.Collect$$libshutdown$$00000000)
    .ARM.Collect$$libshutdown$$00000003      0x08000256   Section        0  libshutdown2.o(.ARM.Collect$$libshutdown$$00000003)
    .ARM.Collect$$libshutdown$$00000006      0x08000256   Section        0  libshutdown2.o(.ARM.Collect$$libshutdown$$00000006)
    .ARM.Collect$$libshutdown$$00000009      0x08000256   Section        0  libshutdown2.o(.ARM.Collect$$libshutdown$$00000009)
    .ARM.Collect$$libshutdown$$0000000B      0x08000256   Section        0  libshutdown2.o(.ARM.Collect$$libshutdown$$0000000B)
    .ARM.Collect$$libshutdown$$0000000E      0x08000256   Section        0  libshutdown2.o(.ARM.Collect$$libshutdown$$0000000E)
    .ARM.Collect$$libshutdown$$0000000F      0x08000256   Section        2  libshutdown2.o(.ARM.Collect$$libshutdown$$0000000F)
    .ARM.Collect$$rtentry$$00000000          0x08000258   Section        0  __rtentry.o(.ARM.Collect$$rtentry$$00000000)
    .ARM.Collect$$rtentry$$00000002          0x08000258   Section        0  __rtentry2.o(.ARM.Collect$$rtentry$$00000002)
    .ARM.Collect$$rtentry$$00000004          0x08000258   Section        6  __rtentry4.o(.ARM.Collect$$rtentry$$00000004)
    .ARM.Collect$$rtentry$$00000009          0x0800025e   Section        0  __rtentry2.o(.ARM.Collect$$rtentry$$00000009)
    .ARM.Collect$$rtentry$$0000000A          0x0800025e   Section        4  __rtentry2.o(.ARM.Collect$$rtentry$$0000000A)
    .ARM.Collect$$rtentry$$0000000C          0x08000262   Section        0  __rtentry2.o(.ARM.Collect$$rtentry$$0000000C)
    .ARM.Collect$$rtentry$$0000000D          0x08000262   Section        8  __rtentry2.o(.ARM.Collect$$rtentry$$0000000D)
    .ARM.Collect$$rtexit$$00000000           0x0800026a   Section        2  rtexit.o(.ARM.Collect$$rtexit$$00000000)
    .ARM.Collect$$rtexit$$00000002           0x0800026c   Section        0  rtexit2.o(.ARM.Collect$$rtexit$$00000002)
    .ARM.Collect$$rtexit$$00000003           0x0800026c   Section        4  rtexit2.o(.ARM.Collect$$rtexit$$00000003)
    .ARM.Collect$$rtexit$$00000004           0x08000270   Section        6  rtexit2.o(.ARM.Collect$$rtexit$$00000004)
    .text                                    0x08000278   Section       64  startup_stm32f10x_hd.o(.text)
    .text                                    0x080002b8   Section        0  c89vsprintf.o(.text)
    .text                                    0x080002dc   Section        0  __2sprintf.o(.text)
    .text                                    0x08000308   Section        0  _printf_str.o(.text)
    .text                                    0x0800035c   Section        0  __printf_flags_ss_wp.o(.text)
    .text                                    0x080004e4   Section        0  strstr.o(.text)
    .text                                    0x08000508   Section        0  memcmp.o(.text)
    .text                                    0x08000560   Section        0  strlen.o(.text)
    .text                                    0x0800059e   Section      138  rt_memcpy_v6.o(.text)
    .text                                    0x08000628   Section      100  rt_memcpy_w.o(.text)
    .text                                    0x0800068c   Section       68  rt_memclr.o(.text)
    .text                                    0x080006d0   Section       78  rt_memclr_w.o(.text)
    .text                                    0x0800071e   Section        0  heapauxi.o(.text)
    .text                                    0x08000724   Section        0  _printf_pad.o(.text)
    .text                                    0x08000772   Section        0  _printf_truncate.o(.text)
    .text                                    0x08000798   Section        0  _printf_dec.o(.text)
    .text                                    0x08000810   Section        0  _printf_charcount.o(.text)
    .text                                    0x08000838   Section        0  _printf_char_common.o(.text)
    _printf_input_char                       0x08000839   Thumb Code    10  _printf_char_common.o(.text)
    .text                                    0x08000868   Section        0  _sputc.o(.text)
    .text                                    0x08000872   Section        0  _printf_char.o(.text)
    .text                                    0x080008a0   Section        0  _printf_wctomb.o(.text)
    .text                                    0x0800095c   Section        0  _printf_longlong_dec.o(.text)
    .text                                    0x080009d8   Section        0  _printf_oct_int_ll.o(.text)
    _printf_longlong_oct_internal            0x080009d9   Thumb Code     0  _printf_oct_int_ll.o(.text)
    .text                                    0x08000a48   Section        0  _printf_hex_int_ll_ptr.o(.text)
    _printf_hex_common                       0x08000a49   Thumb Code     0  _printf_hex_int_ll_ptr.o(.text)
    .text                                    0x08000adc   Section      138  lludiv10.o(.text)
    .text                                    0x08000b66   Section        0  _printf_intcommon.o(.text)
    .text                                    0x08000c18   Section        0  _printf_fp_dec.o(.text)
    _fp_digits                               0x08000c1b   Thumb Code   428  _printf_fp_dec.o(.text)
    .text                                    0x08001032   Section        0  _printf_wchar.o(.text)
    .text                                    0x0800105e   Section        0  _wcrtomb.o(.text)
    .text                                    0x0800109e   Section       74  sys_stackheap_outer.o(.text)
    .text                                    0x080010e8   Section       16  rt_ctype_table.o(.text)
    .text                                    0x080010f8   Section        8  rt_locale_intlibspace.o(.text)
    .text                                    0x08001100   Section        0  _printf_fp_infnan.o(.text)
    .text                                    0x08001180   Section        0  bigflt0.o(.text)
    .text                                    0x0800125c   Section        0  exit.o(.text)
    .text                                    0x08001268   Section        8  libspace.o(.text)
    .text                                    0x08001270   Section      128  strcmpv7m.o(.text)
    .text                                    0x080012f0   Section        0  sys_exit.o(.text)
    .text                                    0x080012fc   Section        2  use_no_semi.o(.text)
    .text                                    0x080012fe   Section        0  indicate_semi.o(.text)
    CL$$btod_d2e                             0x080012fe   Section       62  btod.o(CL$$btod_d2e)
    CL$$btod_d2e_denorm_low                  0x0800133c   Section       70  btod.o(CL$$btod_d2e_denorm_low)
    CL$$btod_d2e_norm_op1                    0x08001382   Section       96  btod.o(CL$$btod_d2e_norm_op1)
    CL$$btod_div_common                      0x080013e2   Section      824  btod.o(CL$$btod_div_common)
    CL$$btod_e2e                             0x0800171a   Section      198  btod.o(CL$$btod_e2e)
    CL$$btod_ediv                            0x080017e0   Section       40  btod.o(CL$$btod_ediv)
    CL$$btod_emul                            0x08001808   Section       40  btod.o(CL$$btod_emul)
    CL$$btod_mult_common                     0x08001830   Section      580  btod.o(CL$$btod_mult_common)
    i.AT24C02_ReadOneByte                    0x08001a74   Section        0  24c02.o(i.AT24C02_ReadOneByte)
    i.BusFault_Handler                       0x08001ab6   Section        0  stm32f10x_it.o(i.BusFault_Handler)
    i.CMDBuf_Deal                            0x08001ab8   Section        0  mqtt.o(i.CMDBuf_Deal)
    i.DebugMon_Handler                       0x08001b24   Section        0  stm32f10x_it.o(i.DebugMon_Handler)
    i.Delay_Init                             0x08001b26   Section        0  delay.o(i.Delay_Init)
    i.Delay_Ms                               0x08001b34   Section        0  delay.o(i.Delay_Ms)
    i.Delay_Us                               0x08001c2c   Section        0  delay.o(i.Delay_Us)
    i.GPIO_Init                              0x08001c6e   Section        0  stm32f10x_gpio.o(i.GPIO_Init)
    i.GPIO_ReadInputDataBit                  0x08001d84   Section        0  stm32f10x_gpio.o(i.GPIO_ReadInputDataBit)
    i.GPIO_ReadOutputDataBit                 0x08001d96   Section        0  stm32f10x_gpio.o(i.GPIO_ReadOutputDataBit)
    i.GPIO_ResetBits                         0x08001da8   Section        0  stm32f10x_gpio.o(i.GPIO_ResetBits)
    i.GPIO_SetBits                           0x08001dac   Section        0  stm32f10x_gpio.o(i.GPIO_SetBits)
    i.GPIO_WriteBit                          0x08001db0   Section        0  stm32f10x_gpio.o(i.GPIO_WriteBit)
    i.HardFault_Handler                      0x08001dba   Section        0  stm32f10x_it.o(i.HardFault_Handler)
    i.IIC_Init                               0x08001dbc   Section        0  iic.o(i.IIC_Init)
    i.IIC_Read_Byte                          0x08001dfc   Section        0  iic.o(i.IIC_Read_Byte)
    i.IIC_Send_Byte                          0x08001ef8   Section        0  iic.o(i.IIC_Send_Byte)
    i.IIC_Start                              0x08001f5c   Section        0  iic.o(i.IIC_Start)
    i.IIC_Stop                               0x08001f9c   Section        0  iic.o(i.IIC_Stop)
    i.IIC_Wait_Ack                           0x08001fdc   Section        0  iic.o(i.IIC_Wait_Ack)
    i.IoT_Parameter_Init                     0x0800204c   Section        0  mqtt.o(i.IoT_Parameter_Init)
    i.KEY_Init                               0x08002178   Section        0  key.o(i.KEY_Init)
    i.LED_AllOff                             0x080021b0   Section        0  led.o(i.LED_AllOff)
    i.LED_AllOn                              0x080021dc   Section        0  led.o(i.LED_AllOn)
    i.LED_Init                               0x08002208   Section        0  led.o(i.LED_Init)
    i.LED_State                              0x0800225c   Section        0  main.o(i.LED_State)
    i.MQTT_Buff_Init                         0x08002300   Section        0  mqtt.o(i.MQTT_Buff_Init)
    i.MQTT_ConectPack                        0x080023b0   Section        0  mqtt.o(i.MQTT_ConectPack)
    i.MQTT_DealPushdata_Qs0                  0x080025c8   Section        0  mqtt.o(i.MQTT_DealPushdata_Qs0)
    i.MQTT_PingREQ                           0x080026d0   Section        0  mqtt.o(i.MQTT_PingREQ)
    i.MQTT_PublishQs0                        0x080026ec   Section        0  mqtt.o(i.MQTT_PublishQs0)
    i.MQTT_Subscribe                         0x080027d8   Section        0  mqtt.o(i.MQTT_Subscribe)
    i.MemManage_Handler                      0x08002870   Section        0  stm32f10x_it.o(i.MemManage_Handler)
    i.NMI_Handler                            0x08002872   Section        0  stm32f10x_it.o(i.NMI_Handler)
    i.NVIC_Init                              0x08002874   Section        0  misc.o(i.NVIC_Init)
    i.NVIC_PriorityGroupConfig               0x080028e4   Section        0  misc.o(i.NVIC_PriorityGroupConfig)
    i.PendSV_Handler                         0x080028f8   Section        0  stm32f10x_it.o(i.PendSV_Handler)
    i.RCC_APB1PeriphClockCmd                 0x080028fc   Section        0  stm32f10x_rcc.o(i.RCC_APB1PeriphClockCmd)
    i.RCC_APB1PeriphResetCmd                 0x0800291c   Section        0  stm32f10x_rcc.o(i.RCC_APB1PeriphResetCmd)
    i.RCC_APB2PeriphClockCmd                 0x0800293c   Section        0  stm32f10x_rcc.o(i.RCC_APB2PeriphClockCmd)
    i.RCC_APB2PeriphResetCmd                 0x0800295c   Section        0  stm32f10x_rcc.o(i.RCC_APB2PeriphResetCmd)
    i.RCC_GetClocksFreq                      0x0800297c   Section        0  stm32f10x_rcc.o(i.RCC_GetClocksFreq)
    i.SVC_Handler                            0x08002a50   Section        0  stm32f10x_it.o(i.SVC_Handler)
    i.SetSysClock                            0x08002a52   Section        0  system_stm32f10x.o(i.SetSysClock)
    SetSysClock                              0x08002a53   Thumb Code     8  system_stm32f10x.o(i.SetSysClock)
    i.SetSysClockTo72                        0x08002a5c   Section        0  system_stm32f10x.o(i.SetSysClockTo72)
    SetSysClockTo72                          0x08002a5d   Thumb Code   214  system_stm32f10x.o(i.SetSysClockTo72)
    i.SysTick_CLKSourceConfig                0x08002b3c   Section        0  misc.o(i.SysTick_CLKSourceConfig)
    i.SysTick_Handler                        0x08002b78   Section        0  stm32f10x_it.o(i.SysTick_Handler)
    i.SystemInit                             0x08002b7c   Section        0  system_stm32f10x.o(i.SystemInit)
    i.TIM3_ENABLE_2S                         0x08002bdc   Section        0  timer3.o(i.TIM3_ENABLE_2S)
    i.TIM3_ENABLE_30S                        0x08002c54   Section        0  timer3.o(i.TIM3_ENABLE_30S)
    i.TIM3_IRQHandler                        0x08002ccc   Section        0  stm32f10x_it.o(i.TIM3_IRQHandler)
    i.TIM4_IRQHandler                        0x08002d38   Section        0  stm32f10x_it.o(i.TIM4_IRQHandler)
    i.TIM4_Init                              0x08002dd0   Section        0  timer4.o(i.TIM4_Init)
    i.TIM_ClearITPendingBit                  0x08002e40   Section        0  stm32f10x_tim.o(i.TIM_ClearITPendingBit)
    i.TIM_Cmd                                0x08002e46   Section        0  stm32f10x_tim.o(i.TIM_Cmd)
    i.TIM_DeInit                             0x08002e60   Section        0  stm32f10x_tim.o(i.TIM_DeInit)
    i.TIM_GetITStatus                        0x08003048   Section        0  stm32f10x_tim.o(i.TIM_GetITStatus)
    i.TIM_ITConfig                           0x0800306a   Section        0  stm32f10x_tim.o(i.TIM_ITConfig)
    i.TIM_SetCounter                         0x0800307c   Section        0  stm32f10x_tim.o(i.TIM_SetCounter)
    i.TIM_TimeBaseInit                       0x08003080   Section        0  stm32f10x_tim.o(i.TIM_TimeBaseInit)
    i.TxDataBuf_Deal                         0x08003124   Section        0  mqtt.o(i.TxDataBuf_Deal)
    i.USART2_IRQHandler                      0x08003188   Section        0  stm32f10x_it.o(i.USART2_IRQHandler)
    i.USART_ClearFlag                        0x08003204   Section        0  stm32f10x_usart.o(i.USART_ClearFlag)
    i.USART_Cmd                              0x08003216   Section        0  stm32f10x_usart.o(i.USART_Cmd)
    i.USART_DeInit                           0x08003230   Section        0  stm32f10x_usart.o(i.USART_DeInit)
    i.USART_GetITStatus                      0x080032cc   Section        0  stm32f10x_usart.o(i.USART_GetITStatus)
    i.USART_ITConfig                         0x08003320   Section        0  stm32f10x_usart.o(i.USART_ITConfig)
    i.USART_Init                             0x0800336c   Section        0  stm32f10x_usart.o(i.USART_Init)
    i.UsageFault_Handler                     0x08003444   Section        0  stm32f10x_it.o(i.UsageFault_Handler)
    i.Usart1_Init                            0x08003448   Section        0  usart1.o(i.Usart1_Init)
    i.Usart2_Init                            0x080034c8   Section        0  usart2.o(i.Usart2_Init)
    i.WiFi_Connect_IoTServer                 0x08003580   Section        0  wifi.o(i.WiFi_Connect_IoTServer)
    i.WiFi_Connect_Server                    0x08003a90   Section        0  wifi.o(i.WiFi_Connect_Server)
    i.WiFi_JoinAP                            0x08003be4   Section        0  wifi.o(i.WiFi_JoinAP)
    i.WiFi_Reset                             0x08003c94   Section        0  wifi.o(i.WiFi_Reset)
    i.WiFi_ResetIO_Init                      0x08003d04   Section        0  wifi.o(i.WiFi_ResetIO_Init)
    i.WiFi_SendCmd                           0x08003d38   Section        0  wifi.o(i.WiFi_SendCmd)
    i.WiFi_Smartconfig                       0x08003dac   Section        0  wifi.o(i.WiFi_Smartconfig)
    i.WiFi_WaitAP                            0x08003e18   Section        0  wifi.o(i.WiFi_WaitAP)
    i.__ARM_fpclassify                       0x08003e70   Section        0  fpclassify.o(i.__ARM_fpclassify)
    i._is_digit                              0x08003e98   Section        0  __printf_wp.o(i._is_digit)
    i.main                                   0x08003ea8   Section        0  main.o(i.main)
    i.u1_printf                              0x080044a0   Section        0  usart1.o(i.u1_printf)
    i.u2_TxData                              0x080044fc   Section        0  usart2.o(i.u2_TxData)
    i.u2_printf                              0x0800453c   Section        0  usart2.o(i.u2_printf)
    locale$$code                             0x08004598   Section       44  lc_numeric_c.o(locale$$code)
    locale$$code                             0x080045c4   Section       44  lc_ctype_c.o(locale$$code)
    x$fpl$printf1                            0x080045f0   Section        4  printf1.o(x$fpl$printf1)
    .constdata                               0x080045f4   Section       17  __printf_flags_ss_wp.o(.constdata)
    x$fpl$usenofp                            0x080045f4   Section        0  usenofp.o(x$fpl$usenofp)
    maptable                                 0x080045f4   Data          17  __printf_flags_ss_wp.o(.constdata)
    .constdata                               0x08004608   Section        8  _printf_wctomb.o(.constdata)
    initial_mbstate                          0x08004608   Data           8  _printf_wctomb.o(.constdata)
    .constdata                               0x08004610   Section       40  _printf_hex_int_ll_ptr.o(.constdata)
    uc_hextab                                0x08004610   Data          20  _printf_hex_int_ll_ptr.o(.constdata)
    lc_hextab                                0x08004624   Data          20  _printf_hex_int_ll_ptr.o(.constdata)
    .constdata                               0x08004638   Section      148  bigflt0.o(.constdata)
    tenpwrs_x                                0x08004638   Data          60  bigflt0.o(.constdata)
    tenpwrs_i                                0x08004674   Data          64  bigflt0.o(.constdata)
    .conststring                             0x080046cc   Section      109  main.o(.conststring)
    locale$$data                             0x0800475c   Section       28  lc_numeric_c.o(locale$$data)
    __lcnum_c_name                           0x08004760   Data           2  lc_numeric_c.o(locale$$data)
    __lcnum_c_start                          0x08004768   Data           0  lc_numeric_c.o(locale$$data)
    __lcnum_c_point                          0x08004774   Data           0  lc_numeric_c.o(locale$$data)
    __lcnum_c_thousands                      0x08004776   Data           0  lc_numeric_c.o(locale$$data)
    __lcnum_c_grouping                       0x08004777   Data           0  lc_numeric_c.o(locale$$data)
    locale$$data                             0x08004778   Section      272  lc_ctype_c.o(locale$$data)
    __lcnum_c_end                            0x08004778   Data           0  lc_numeric_c.o(locale$$data)
    __lcctype_c_name                         0x0800477c   Data           2  lc_ctype_c.o(locale$$data)
    __lcctype_c_start                        0x08004784   Data           0  lc_ctype_c.o(locale$$data)
    __lcctype_c_end                          0x08004888   Data           0  lc_ctype_c.o(locale$$data)
    .data                                    0x20000000   Section       28  main.o(.data)
    .data                                    0x2000001c   Section        8  usart2.o(.data)
    .data                                    0x20000024   Section        1  wifi.o(.data)
    .data                                    0x20000028   Section       68  mqtt.o(.data)
    .data                                    0x2000006c   Section       20  stm32f10x_rcc.o(.data)
    APBAHBPrescTable                         0x2000006c   Data          16  stm32f10x_rcc.o(.data)
    ADCPrescTable                            0x2000007c   Data           4  stm32f10x_rcc.o(.data)
    .bss                                     0x20000080   Section      256  usart1.o(.bss)
    .bss                                     0x20000180   Section     2048  usart2.o(.bss)
    .bss                                     0x20000980   Section     5312  mqtt.o(.bss)
    .bss                                     0x20001e40   Section       96  libspace.o(.bss)
    HEAP                                     0x20001ea0   Section      512  startup_stm32f10x_hd.o(HEAP)
    Heap_Mem                                 0x20001ea0   Data         512  startup_stm32f10x_hd.o(HEAP)
    STACK                                    0x200020a0   Section     1024  startup_stm32f10x_hd.o(STACK)
    Stack_Mem                                0x200020a0   Data        1024  startup_stm32f10x_hd.o(STACK)
    __initial_sp                             0x200024a0   Data           0  startup_stm32f10x_hd.o(STACK)

    Global Symbols

    Symbol Name                              Value     Ov Type        Size  Object(Section)

    BuildAttributes$$THM_ISAv4$P$D$K$B$S$PE$A:L22UL41UL21$X:L11$S22US41US21$IEEE1$IW$USESV6$~STKCKD$USESV7$~SHL$OTIME$ROPI$IEEEJ$EBA8$UX$STANDARDLIB$REQ8$PRES8$EABIv2 0x00000000   Number         0  anon$$obj.o ABSOLUTE
    __ARM_use_no_argv                        0x00000000   Number         0  main.o ABSOLUTE
    _printf_flags                            0x00000000   Number         0  printf_stubs.o ABSOLUTE
    _printf_return_value                     0x00000000   Number         0  printf_stubs.o ABSOLUTE
    _printf_sizespec                         0x00000000   Number         0  printf_stubs.o ABSOLUTE
    _printf_widthprec                        0x00000000   Number         0  printf_stubs.o ABSOLUTE
    __ARM_exceptions_init                     - Undefined Weak Reference
    __alloca_initialize                       - Undefined Weak Reference
    __arm_preinit_                            - Undefined Weak Reference
    __cpp_initialize__aeabi_                  - Undefined Weak Reference
    __cxa_finalize                            - Undefined Weak Reference
    __sigvec_lookup                           - Undefined Weak Reference
    _atexit_init                              - Undefined Weak Reference
    _call_atexit_fns                          - Undefined Weak Reference
    _clock_init                               - Undefined Weak Reference
    _fp_trap_init                             - Undefined Weak Reference
    _fp_trap_shutdown                         - Undefined Weak Reference
    _get_lc_collate                           - Undefined Weak Reference
    _get_lc_monetary                          - Undefined Weak Reference
    _get_lc_time                              - Undefined Weak Reference
    _getenv_init                              - Undefined Weak Reference
    _handle_redirection                       - Undefined Weak Reference
    _init_alloc                               - Undefined Weak Reference
    _init_user_alloc                          - Undefined Weak Reference
    _initio                                   - Undefined Weak Reference
    _printf_fp_hex                            - Undefined Weak Reference
    _printf_mbtowc                            - Undefined Weak Reference
    _printf_wc                                - Undefined Weak Reference
    _rand_init                                - Undefined Weak Reference
    _signal_finish                            - Undefined Weak Reference
    _signal_init                              - Undefined Weak Reference
    _terminate_alloc                          - Undefined Weak Reference
    _terminate_user_alloc                     - Undefined Weak Reference
    _terminateio                              - Undefined Weak Reference
    __Vectors_Size                           0x00000130   Number         0  startup_stm32f10x_hd.o ABSOLUTE
    __Vectors                                0x08000000   Data           4  startup_stm32f10x_hd.o(RESET)
    __Vectors_End                            0x08000130   Data           0  startup_stm32f10x_hd.o(RESET)
    __main                                   0x08000131   Thumb Code     8  __main.o(!!!main)
    __scatterload                            0x08000139   Thumb Code     0  __scatter.o(!!!scatter)
    __scatterload_rt2                        0x08000139   Thumb Code    44  __scatter.o(!!!scatter)
    __scatterload_rt2_thumb_only             0x08000139   Thumb Code     0  __scatter.o(!!!scatter)
    __scatterload_null                       0x08000147   Thumb Code     0  __scatter.o(!!!scatter)
    __scatterload_copy                       0x0800016d   Thumb Code    26  __scatter_copy.o(!!handler_copy)
    __scatterload_zeroinit                   0x08000189   Thumb Code    28  __scatter_zi.o(!!handler_zi)
    _printf_n                                0x080001a5   Thumb Code     0  _printf_n.o(.ARM.Collect$$_printf_percent$$00000001)
    _printf_percent                          0x080001a5   Thumb Code     0  _printf_percent.o(.ARM.Collect$$_printf_percent$$00000000)
    _printf_p                                0x080001ab   Thumb Code     0  _printf_p.o(.ARM.Collect$$_printf_percent$$00000002)
    _printf_f                                0x080001b1   Thumb Code     0  _printf_f.o(.ARM.Collect$$_printf_percent$$00000003)
    _printf_e                                0x080001b7   Thumb Code     0  _printf_e.o(.ARM.Collect$$_printf_percent$$00000004)
    _printf_g                                0x080001bd   Thumb Code     0  _printf_g.o(.ARM.Collect$$_printf_percent$$00000005)
    _printf_a                                0x080001c3   Thumb Code     0  _printf_a.o(.ARM.Collect$$_printf_percent$$00000006)
    _printf_ll                               0x080001c9   Thumb Code     0  _printf_ll.o(.ARM.Collect$$_printf_percent$$00000007)
    _printf_i                                0x080001d3   Thumb Code     0  _printf_i.o(.ARM.Collect$$_printf_percent$$00000008)
    _printf_d                                0x080001d9   Thumb Code     0  _printf_d.o(.ARM.Collect$$_printf_percent$$00000009)
    _printf_u                                0x080001df   Thumb Code     0  _printf_u.o(.ARM.Collect$$_printf_percent$$0000000A)
    _printf_o                                0x080001e5   Thumb Code     0  _printf_o.o(.ARM.Collect$$_printf_percent$$0000000B)
    _printf_x                                0x080001eb   Thumb Code     0  _printf_x.o(.ARM.Collect$$_printf_percent$$0000000C)
    _printf_lli                              0x080001f1   Thumb Code     0  _printf_lli.o(.ARM.Collect$$_printf_percent$$0000000D)
    _printf_lld                              0x080001f7   Thumb Code     0  _printf_lld.o(.ARM.Collect$$_printf_percent$$0000000E)
    _printf_llu                              0x080001fd   Thumb Code     0  _printf_llu.o(.ARM.Collect$$_printf_percent$$0000000F)
    _printf_llo                              0x08000203   Thumb Code     0  _printf_llo.o(.ARM.Collect$$_printf_percent$$00000010)
    _printf_llx                              0x08000209   Thumb Code     0  _printf_llx.o(.ARM.Collect$$_printf_percent$$00000011)
    _printf_l                                0x0800020f   Thumb Code     0  _printf_l.o(.ARM.Collect$$_printf_percent$$00000012)
    _printf_c                                0x08000219   Thumb Code     0  _printf_c.o(.ARM.Collect$$_printf_percent$$00000013)
    _printf_s                                0x0800021f   Thumb Code     0  _printf_s.o(.ARM.Collect$$_printf_percent$$00000014)
    _printf_lc                               0x08000225   Thumb Code     0  _printf_lc.o(.ARM.Collect$$_printf_percent$$00000015)
    _printf_ls                               0x0800022b   Thumb Code     0  _printf_ls.o(.ARM.Collect$$_printf_percent$$00000016)
    _printf_percent_end                      0x08000231   Thumb Code     0  _printf_percent_end.o(.ARM.Collect$$_printf_percent$$00000017)
    __rt_lib_init                            0x08000235   Thumb Code     0  libinit.o(.ARM.Collect$$libinit$$00000000)
    __rt_lib_init_fp_1                       0x08000237   Thumb Code     0  libinit2.o(.ARM.Collect$$libinit$$00000002)
    __rt_lib_init_heap_1                     0x08000237   Thumb Code     0  libinit2.o(.ARM.Collect$$libinit$$0000000A)
    __rt_lib_init_lc_common                  0x08000237   Thumb Code     0  libinit2.o(.ARM.Collect$$libinit$$0000000F)
    __rt_lib_init_preinit_1                  0x08000237   Thumb Code     0  libinit2.o(.ARM.Collect$$libinit$$00000004)
    __rt_lib_init_rand_1                     0x08000237   Thumb Code     0  libinit2.o(.ARM.Collect$$libinit$$0000000E)
    __rt_lib_init_user_alloc_1               0x08000237   Thumb Code     0  libinit2.o(.ARM.Collect$$libinit$$0000000C)
    __rt_lib_init_lc_collate_1               0x0800023d   Thumb Code     0  libinit2.o(.ARM.Collect$$libinit$$00000011)
    __rt_lib_init_lc_ctype_2                 0x0800023d   Thumb Code     0  libinit2.o(.ARM.Collect$$libinit$$00000012)
    __rt_lib_init_lc_ctype_1                 0x08000249   Thumb Code     0  libinit2.o(.ARM.Collect$$libinit$$00000013)
    __rt_lib_init_lc_monetary_1              0x08000249   Thumb Code     0  libinit2.o(.ARM.Collect$$libinit$$00000015)
    __rt_lib_init_lc_numeric_2               0x08000249   Thumb Code     0  libinit2.o(.ARM.Collect$$libinit$$00000016)
    __rt_lib_init_alloca_1                   0x08000253   Thumb Code     0  libinit2.o(.ARM.Collect$$libinit$$0000002E)
    __rt_lib_init_argv_1                     0x08000253   Thumb Code     0  libinit2.o(.ARM.Collect$$libinit$$0000002C)
    __rt_lib_init_atexit_1                   0x08000253   Thumb Code     0  libinit2.o(.ARM.Collect$$libinit$$0000001B)
    __rt_lib_init_clock_1                    0x08000253   Thumb Code     0  libinit2.o(.ARM.Collect$$libinit$$00000021)
    __rt_lib_init_cpp_1                      0x08000253   Thumb Code     0  libinit2.o(.ARM.Collect$$libinit$$00000032)
    __rt_lib_init_exceptions_1               0x08000253   Thumb Code     0  libinit2.o(.ARM.Collect$$libinit$$00000030)
    __rt_lib_init_fp_trap_1                  0x08000253   Thumb Code     0  libinit2.o(.ARM.Collect$$libinit$$0000001F)
    __rt_lib_init_getenv_1                   0x08000253   Thumb Code     0  libinit2.o(.ARM.Collect$$libinit$$00000023)
    __rt_lib_init_lc_numeric_1               0x08000253   Thumb Code     0  libinit2.o(.ARM.Collect$$libinit$$00000017)
    __rt_lib_init_lc_time_1                  0x08000253   Thumb Code     0  libinit2.o(.ARM.Collect$$libinit$$00000019)
    __rt_lib_init_return                     0x08000253   Thumb Code     0  libinit2.o(.ARM.Collect$$libinit$$00000033)
    __rt_lib_init_signal_1                   0x08000253   Thumb Code     0  libinit2.o(.ARM.Collect$$libinit$$0000001D)
    __rt_lib_init_stdio_1                    0x08000253   Thumb Code     0  libinit2.o(.ARM.Collect$$libinit$$00000025)
    __rt_lib_shutdown                        0x08000255   Thumb Code     0  libshutdown.o(.ARM.Collect$$libshutdown$$00000000)
    __rt_lib_shutdown_fp_trap_1              0x08000257   Thumb Code     0  libshutdown2.o(.ARM.Collect$$libshutdown$$00000006)
    __rt_lib_shutdown_heap_1                 0x08000257   Thumb Code     0  libshutdown2.o(.ARM.Collect$$libshutdown$$0000000E)
    __rt_lib_shutdown_return                 0x08000257   Thumb Code     0  libshutdown2.o(.ARM.Collect$$libshutdown$$0000000F)
    __rt_lib_shutdown_signal_1               0x08000257   Thumb Code     0  libshutdown2.o(.ARM.Collect$$libshutdown$$00000009)
    __rt_lib_shutdown_stdio_1                0x08000257   Thumb Code     0  libshutdown2.o(.ARM.Collect$$libshutdown$$00000003)
    __rt_lib_shutdown_user_alloc_1           0x08000257   Thumb Code     0  libshutdown2.o(.ARM.Collect$$libshutdown$$0000000B)
    __rt_entry                               0x08000259   Thumb Code     0  __rtentry.o(.ARM.Collect$$rtentry$$00000000)
    __rt_entry_presh_1                       0x08000259   Thumb Code     0  __rtentry2.o(.ARM.Collect$$rtentry$$00000002)
    __rt_entry_sh                            0x08000259   Thumb Code     0  __rtentry4.o(.ARM.Collect$$rtentry$$00000004)
    __rt_entry_li                            0x0800025f   Thumb Code     0  __rtentry2.o(.ARM.Collect$$rtentry$$0000000A)
    __rt_entry_postsh_1                      0x0800025f   Thumb Code     0  __rtentry2.o(.ARM.Collect$$rtentry$$00000009)
    __rt_entry_main                          0x08000263   Thumb Code     0  __rtentry2.o(.ARM.Collect$$rtentry$$0000000D)
    __rt_entry_postli_1                      0x08000263   Thumb Code     0  __rtentry2.o(.ARM.Collect$$rtentry$$0000000C)
    __rt_exit                                0x0800026b   Thumb Code     0  rtexit.o(.ARM.Collect$$rtexit$$00000000)
    __rt_exit_ls                             0x0800026d   Thumb Code     0  rtexit2.o(.ARM.Collect$$rtexit$$00000003)
    __rt_exit_prels_1                        0x0800026d   Thumb Code     0  rtexit2.o(.ARM.Collect$$rtexit$$00000002)
    __rt_exit_exit                           0x08000271   Thumb Code     0  rtexit2.o(.ARM.Collect$$rtexit$$00000004)
    Reset_Handler                            0x08000279   Thumb Code     8  startup_stm32f10x_hd.o(.text)
    ADC1_2_IRQHandler                        0x08000293   Thumb Code     0  startup_stm32f10x_hd.o(.text)
    ADC3_IRQHandler                          0x08000293   Thumb Code     0  startup_stm32f10x_hd.o(.text)
    CAN1_RX1_IRQHandler                      0x08000293   Thumb Code     0  startup_stm32f10x_hd.o(.text)
    CAN1_SCE_IRQHandler                      0x08000293   Thumb Code     0  startup_stm32f10x_hd.o(.text)
    DMA1_Channel1_IRQHandler                 0x08000293   Thumb Code     0  startup_stm32f10x_hd.o(.text)
    DMA1_Channel2_IRQHandler                 0x08000293   Thumb Code     0  startup_stm32f10x_hd.o(.text)
    DMA1_Channel3_IRQHandler                 0x08000293   Thumb Code     0  startup_stm32f10x_hd.o(.text)
    DMA1_Channel4_IRQHandler                 0x08000293   Thumb Code     0  startup_stm32f10x_hd.o(.text)
    DMA1_Channel5_IRQHandler                 0x08000293   Thumb Code     0  startup_stm32f10x_hd.o(.text)
    DMA1_Channel6_IRQHandler                 0x08000293   Thumb Code     0  startup_stm32f10x_hd.o(.text)
    DMA1_Channel7_IRQHandler                 0x08000293   Thumb Code     0  startup_stm32f10x_hd.o(.text)
    DMA2_Channel1_IRQHandler                 0x08000293   Thumb Code     0  startup_stm32f10x_hd.o(.text)
    DMA2_Channel2_IRQHandler                 0x08000293   Thumb Code     0  startup_stm32f10x_hd.o(.text)
    DMA2_Channel3_IRQHandler                 0x08000293   Thumb Code     0  startup_stm32f10x_hd.o(.text)
    DMA2_Channel4_5_IRQHandler               0x08000293   Thumb Code     0  startup_stm32f10x_hd.o(.text)
    EXTI0_IRQHandler                         0x08000293   Thumb Code     0  startup_stm32f10x_hd.o(.text)
    EXTI15_10_IRQHandler                     0x08000293   Thumb Code     0  startup_stm32f10x_hd.o(.text)
    EXTI1_IRQHandler                         0x08000293   Thumb Code     0  startup_stm32f10x_hd.o(.text)
    EXTI2_IRQHandler                         0x08000293   Thumb Code     0  startup_stm32f10x_hd.o(.text)
    EXTI3_IRQHandler                         0x08000293   Thumb Code     0  startup_stm32f10x_hd.o(.text)
    EXTI4_IRQHandler                         0x08000293   Thumb Code     0  startup_stm32f10x_hd.o(.text)
    EXTI9_5_IRQHandler                       0x08000293   Thumb Code     0  startup_stm32f10x_hd.o(.text)
    FLASH_IRQHandler                         0x08000293   Thumb Code     0  startup_stm32f10x_hd.o(.text)
    FSMC_IRQHandler                          0x08000293   Thumb Code     0  startup_stm32f10x_hd.o(.text)
    I2C1_ER_IRQHandler                       0x08000293   Thumb Code     0  startup_stm32f10x_hd.o(.text)
    I2C1_EV_IRQHandler                       0x08000293   Thumb Code     0  startup_stm32f10x_hd.o(.text)
    I2C2_ER_IRQHandler                       0x08000293   Thumb Code     0  startup_stm32f10x_hd.o(.text)
    I2C2_EV_IRQHandler                       0x08000293   Thumb Code     0  startup_stm32f10x_hd.o(.text)
    PVD_IRQHandler                           0x08000293   Thumb Code     0  startup_stm32f10x_hd.o(.text)
    RCC_IRQHandler                           0x08000293   Thumb Code     0  startup_stm32f10x_hd.o(.text)
    RTCAlarm_IRQHandler                      0x08000293   Thumb Code     0  startup_stm32f10x_hd.o(.text)
    RTC_IRQHandler                           0x08000293   Thumb Code     0  startup_stm32f10x_hd.o(.text)
    SDIO_IRQHandler                          0x08000293   Thumb Code     0  startup_stm32f10x_hd.o(.text)
    SPI1_IRQHandler                          0x08000293   Thumb Code     0  startup_stm32f10x_hd.o(.text)
    SPI2_IRQHandler                          0x08000293   Thumb Code     0  startup_stm32f10x_hd.o(.text)
    SPI3_IRQHandler                          0x08000293   Thumb Code     0  startup_stm32f10x_hd.o(.text)
    TAMPER_IRQHandler                        0x08000293   Thumb Code     0  startup_stm32f10x_hd.o(.text)
    TIM1_BRK_IRQHandler                      0x08000293   Thumb Code     0  startup_stm32f10x_hd.o(.text)
    TIM1_CC_IRQHandler                       0x08000293   Thumb Code     0  startup_stm32f10x_hd.o(.text)
    TIM1_TRG_COM_IRQHandler                  0x08000293   Thumb Code     0  startup_stm32f10x_hd.o(.text)
    TIM1_UP_IRQHandler                       0x08000293   Thumb Code     0  startup_stm32f10x_hd.o(.text)
    TIM2_IRQHandler                          0x08000293   Thumb Code     0  startup_stm32f10x_hd.o(.text)
    TIM5_IRQHandler                          0x08000293   Thumb Code     0  startup_stm32f10x_hd.o(.text)
    TIM6_IRQHandler                          0x08000293   Thumb Code     0  startup_stm32f10x_hd.o(.text)
    TIM7_IRQHandler                          0x08000293   Thumb Code     0  startup_stm32f10x_hd.o(.text)
    TIM8_BRK_IRQHandler                      0x08000293   Thumb Code     0  startup_stm32f10x_hd.o(.text)
    TIM8_CC_IRQHandler                       0x08000293   Thumb Code     0  startup_stm32f10x_hd.o(.text)
    TIM8_TRG_COM_IRQHandler                  0x08000293   Thumb Code     0  startup_stm32f10x_hd.o(.text)
    TIM8_UP_IRQHandler                       0x08000293   Thumb Code     0  startup_stm32f10x_hd.o(.text)
    UART4_IRQHandler                         0x08000293   Thumb Code     0  startup_stm32f10x_hd.o(.text)
    UART5_IRQHandler                         0x08000293   Thumb Code     0  startup_stm32f10x_hd.o(.text)
    USART1_IRQHandler                        0x08000293   Thumb Code     0  startup_stm32f10x_hd.o(.text)
    USART3_IRQHandler                        0x08000293   Thumb Code     0  startup_stm32f10x_hd.o(.text)
    USBWakeUp_IRQHandler                     0x08000293   Thumb Code     0  startup_stm32f10x_hd.o(.text)
    USB_HP_CAN1_TX_IRQHandler                0x08000293   Thumb Code     0  startup_stm32f10x_hd.o(.text)
    USB_LP_CAN1_RX0_IRQHandler               0x08000293   Thumb Code     0  startup_stm32f10x_hd.o(.text)
    WWDG_IRQHandler                          0x08000293   Thumb Code     0  startup_stm32f10x_hd.o(.text)
    __user_initial_stackheap                 0x08000295   Thumb Code     0  startup_stm32f10x_hd.o(.text)
    __c89vsprintf                            0x080002b9   Thumb Code    32  c89vsprintf.o(.text)
    __2sprintf                               0x080002dd   Thumb Code    38  __2sprintf.o(.text)
    _printf_str                              0x08000309   Thumb Code    82  _printf_str.o(.text)
    __printf                                 0x0800035d   Thumb Code   388  __printf_flags_ss_wp.o(.text)
    strstr                                   0x080004e5   Thumb Code    36  strstr.o(.text)
    memcmp                                   0x08000509   Thumb Code    88  memcmp.o(.text)
    strlen                                   0x08000561   Thumb Code    62  strlen.o(.text)
    __aeabi_memcpy                           0x0800059f   Thumb Code     0  rt_memcpy_v6.o(.text)
    __rt_memcpy                              0x0800059f   Thumb Code   138  rt_memcpy_v6.o(.text)
    _memcpy_lastbytes                        0x08000605   Thumb Code     0  rt_memcpy_v6.o(.text)
    __aeabi_memcpy4                          0x08000629   Thumb Code     0  rt_memcpy_w.o(.text)
    __aeabi_memcpy8                          0x08000629   Thumb Code     0  rt_memcpy_w.o(.text)
    __rt_memcpy_w                            0x08000629   Thumb Code   100  rt_memcpy_w.o(.text)
    _memcpy_lastbytes_aligned                0x08000671   Thumb Code     0  rt_memcpy_w.o(.text)
    __aeabi_memclr                           0x0800068d   Thumb Code     0  rt_memclr.o(.text)
    __rt_memclr                              0x0800068d   Thumb Code    68  rt_memclr.o(.text)
    _memset                                  0x08000691   Thumb Code     0  rt_memclr.o(.text)
    __aeabi_memclr4                          0x080006d1   Thumb Code     0  rt_memclr_w.o(.text)
    __aeabi_memclr8                          0x080006d1   Thumb Code     0  rt_memclr_w.o(.text)
    __rt_memclr_w                            0x080006d1   Thumb Code    78  rt_memclr_w.o(.text)
    _memset_w                                0x080006d5   Thumb Code     0  rt_memclr_w.o(.text)
    __use_two_region_memory                  0x0800071f   Thumb Code     2  heapauxi.o(.text)
    __rt_heap_escrow$2region                 0x08000721   Thumb Code     2  heapauxi.o(.text)
    __rt_heap_expand$2region                 0x08000723   Thumb Code     2  heapauxi.o(.text)
    _printf_pre_padding                      0x08000725   Thumb Code    44  _printf_pad.o(.text)
    _printf_post_padding                     0x08000751   Thumb Code    34  _printf_pad.o(.text)
    _printf_truncate_signed                  0x08000773   Thumb Code    18  _printf_truncate.o(.text)
    _printf_truncate_unsigned                0x08000785   Thumb Code    18  _printf_truncate.o(.text)
    _printf_int_dec                          0x08000799   Thumb Code   104  _printf_dec.o(.text)
    _printf_charcount                        0x08000811   Thumb Code    40  _printf_charcount.o(.text)
    _printf_char_common                      0x08000843   Thumb Code    32  _printf_char_common.o(.text)
    _sputc                                   0x08000869   Thumb Code    10  _sputc.o(.text)
    _printf_cs_common                        0x08000873   Thumb Code    20  _printf_char.o(.text)
    _printf_char                             0x08000887   Thumb Code    16  _printf_char.o(.text)
    _printf_string                           0x08000897   Thumb Code     8  _printf_char.o(.text)
    _printf_wctomb                           0x080008a1   Thumb Code   182  _printf_wctomb.o(.text)
    _printf_longlong_dec                     0x0800095d   Thumb Code   108  _printf_longlong_dec.o(.text)
    _printf_longlong_oct                     0x080009d9   Thumb Code    68  _printf_oct_int_ll.o(.text)
    _printf_int_oct                          0x08000a1d   Thumb Code    24  _printf_oct_int_ll.o(.text)
    _printf_ll_oct                           0x08000a35   Thumb Code    12  _printf_oct_int_ll.o(.text)
    _printf_longlong_hex                     0x08000a49   Thumb Code    86  _printf_hex_int_ll_ptr.o(.text)
    _printf_int_hex                          0x08000a9f   Thumb Code    28  _printf_hex_int_ll_ptr.o(.text)
    _printf_ll_hex                           0x08000abb   Thumb Code    12  _printf_hex_int_ll_ptr.o(.text)
    _printf_hex_ptr                          0x08000ac7   Thumb Code    18  _printf_hex_int_ll_ptr.o(.text)
    _ll_udiv10                               0x08000add   Thumb Code   138  lludiv10.o(.text)
    _printf_int_common                       0x08000b67   Thumb Code   178  _printf_intcommon.o(.text)
    __lib_sel_fp_printf                      0x08000c19   Thumb Code     2  _printf_fp_dec.o(.text)
    _printf_fp_dec_real                      0x08000dc7   Thumb Code   620  _printf_fp_dec.o(.text)
    _printf_lcs_common                       0x08001033   Thumb Code    20  _printf_wchar.o(.text)
    _printf_wchar                            0x08001047   Thumb Code    16  _printf_wchar.o(.text)
    _printf_wstring                          0x08001057   Thumb Code     8  _printf_wchar.o(.text)
    _wcrtomb                                 0x0800105f   Thumb Code    64  _wcrtomb.o(.text)
    __user_setup_stackheap                   0x0800109f   Thumb Code    74  sys_stackheap_outer.o(.text)
    __rt_ctype_table                         0x080010e9   Thumb Code    16  rt_ctype_table.o(.text)
    __rt_locale                              0x080010f9   Thumb Code     8  rt_locale_intlibspace.o(.text)
    _printf_fp_infnan                        0x08001101   Thumb Code   112  _printf_fp_infnan.o(.text)
    _btod_etento                             0x08001181   Thumb Code   216  bigflt0.o(.text)
    exit                                     0x0800125d   Thumb Code    12  exit.o(.text)
    __user_libspace                          0x08001269   Thumb Code     8  libspace.o(.text)
    __user_perproc_libspace                  0x08001269   Thumb Code     0  libspace.o(.text)
    __user_perthread_libspace                0x08001269   Thumb Code     0  libspace.o(.text)
    strcmp                                   0x08001271   Thumb Code   128  strcmpv7m.o(.text)
    _sys_exit                                0x080012f1   Thumb Code     8  sys_exit.o(.text)
    __I$use$semihosting                      0x080012fd   Thumb Code     0  use_no_semi.o(.text)
    __use_no_semihosting_swi                 0x080012fd   Thumb Code     2  use_no_semi.o(.text)
    __semihosting_library_function           0x080012ff   Thumb Code     0  indicate_semi.o(.text)
    _btod_d2e                                0x080012ff   Thumb Code    62  btod.o(CL$$btod_d2e)
    _d2e_denorm_low                          0x0800133d   Thumb Code    70  btod.o(CL$$btod_d2e_denorm_low)
    _d2e_norm_op1                            0x08001383   Thumb Code    96  btod.o(CL$$btod_d2e_norm_op1)
    __btod_div_common                        0x080013e3   Thumb Code   696  btod.o(CL$$btod_div_common)
    _e2e                                     0x0800171b   Thumb Code   198  btod.o(CL$$btod_e2e)
    _btod_ediv                               0x080017e1   Thumb Code    40  btod.o(CL$$btod_ediv)
    _btod_emul                               0x08001809   Thumb Code    40  btod.o(CL$$btod_emul)
    __btod_mult_common                       0x08001831   Thumb Code   580  btod.o(CL$$btod_mult_common)
    AT24C02_ReadOneByte                      0x08001a75   Thumb Code    66  24c02.o(i.AT24C02_ReadOneByte)
    BusFault_Handler                         0x08001ab7   Thumb Code     2  stm32f10x_it.o(i.BusFault_Handler)
    CMDBuf_Deal                              0x08001ab9   Thumb Code    96  mqtt.o(i.CMDBuf_Deal)
    DebugMon_Handler                         0x08001b25   Thumb Code     2  stm32f10x_it.o(i.DebugMon_Handler)
    Delay_Init                               0x08001b27   Thumb Code    12  delay.o(i.Delay_Init)
    Delay_Ms                                 0x08001b35   Thumb Code   242  delay.o(i.Delay_Ms)
    Delay_Us                                 0x08001c2d   Thumb Code    66  delay.o(i.Delay_Us)
    GPIO_Init                                0x08001c6f   Thumb Code   278  stm32f10x_gpio.o(i.GPIO_Init)
    GPIO_ReadInputDataBit                    0x08001d85   Thumb Code    18  stm32f10x_gpio.o(i.GPIO_ReadInputDataBit)
    GPIO_ReadOutputDataBit                   0x08001d97   Thumb Code    18  stm32f10x_gpio.o(i.GPIO_ReadOutputDataBit)
    GPIO_ResetBits                           0x08001da9   Thumb Code     4  stm32f10x_gpio.o(i.GPIO_ResetBits)
    GPIO_SetBits                             0x08001dad   Thumb Code     4  stm32f10x_gpio.o(i.GPIO_SetBits)
    GPIO_WriteBit                            0x08001db1   Thumb Code    10  stm32f10x_gpio.o(i.GPIO_WriteBit)
    HardFault_Handler                        0x08001dbb   Thumb Code     2  stm32f10x_it.o(i.HardFault_Handler)
    IIC_Init                                 0x08001dbd   Thumb Code    60  iic.o(i.IIC_Init)
    IIC_Read_Byte                            0x08001dfd   Thumb Code   246  iic.o(i.IIC_Read_Byte)
    IIC_Send_Byte                            0x08001ef9   Thumb Code    96  iic.o(i.IIC_Send_Byte)
    IIC_Start                                0x08001f5d   Thumb Code    60  iic.o(i.IIC_Start)
    IIC_Stop                                 0x08001f9d   Thumb Code    60  iic.o(i.IIC_Stop)
    IIC_Wait_Ack                             0x08001fdd   Thumb Code   106  iic.o(i.IIC_Wait_Ack)
    IoT_Parameter_Init                       0x0800204d   Thumb Code   150  mqtt.o(i.IoT_Parameter_Init)
    KEY_Init                                 0x08002179   Thumb Code    52  key.o(i.KEY_Init)
    LED_AllOff                               0x080021b1   Thumb Code    36  led.o(i.LED_AllOff)
    LED_AllOn                                0x080021dd   Thumb Code    36  led.o(i.LED_AllOn)
    LED_Init                                 0x08002209   Thumb Code    74  led.o(i.LED_Init)
    LED_State                                0x0800225d   Thumb Code   130  main.o(i.LED_State)
    MQTT_Buff_Init                           0x08002301   Thumb Code    90  mqtt.o(i.MQTT_Buff_Init)
    MQTT_ConectPack                          0x080023b1   Thumb Code   496  mqtt.o(i.MQTT_ConectPack)
    MQTT_DealPushdata_Qs0                    0x080025c9   Thumb Code   234  mqtt.o(i.MQTT_DealPushdata_Qs0)
    MQTT_PingREQ                             0x080026d1   Thumb Code    22  mqtt.o(i.MQTT_PingREQ)
    MQTT_PublishQs0                          0x080026ed   Thumb Code   220  mqtt.o(i.MQTT_PublishQs0)
    MQTT_Subscribe                           0x080027d9   Thumb Code   134  mqtt.o(i.MQTT_Subscribe)
    MemManage_Handler                        0x08002871   Thumb Code     2  stm32f10x_it.o(i.MemManage_Handler)
    NMI_Handler                              0x08002873   Thumb Code     2  stm32f10x_it.o(i.NMI_Handler)
    NVIC_Init                                0x08002875   Thumb Code   100  misc.o(i.NVIC_Init)
    NVIC_PriorityGroupConfig                 0x080028e5   Thumb Code    10  misc.o(i.NVIC_PriorityGroupConfig)
    PendSV_Handler                           0x080028f9   Thumb Code     2  stm32f10x_it.o(i.PendSV_Handler)
    RCC_APB1PeriphClockCmd                   0x080028fd   Thumb Code    26  stm32f10x_rcc.o(i.RCC_APB1PeriphClockCmd)
    RCC_APB1PeriphResetCmd                   0x0800291d   Thumb Code    26  stm32f10x_rcc.o(i.RCC_APB1PeriphResetCmd)
    RCC_APB2PeriphClockCmd                   0x0800293d   Thumb Code    26  stm32f10x_rcc.o(i.RCC_APB2PeriphClockCmd)
    RCC_APB2PeriphResetCmd                   0x0800295d   Thumb Code    26  stm32f10x_rcc.o(i.RCC_APB2PeriphResetCmd)
    RCC_GetClocksFreq                        0x0800297d   Thumb Code   192  stm32f10x_rcc.o(i.RCC_GetClocksFreq)
    SVC_Handler                              0x08002a51   Thumb Code     2  stm32f10x_it.o(i.SVC_Handler)
    SysTick_CLKSourceConfig                  0x08002b3d   Thumb Code    60  misc.o(i.SysTick_CLKSourceConfig)
    SysTick_Handler                          0x08002b79   Thumb Code     2  stm32f10x_it.o(i.SysTick_Handler)
    SystemInit                               0x08002b7d   Thumb Code    78  system_stm32f10x.o(i.SystemInit)
    TIM3_ENABLE_2S                           0x08002bdd   Thumb Code   116  timer3.o(i.TIM3_ENABLE_2S)
    TIM3_ENABLE_30S                          0x08002c55   Thumb Code   114  timer3.o(i.TIM3_ENABLE_30S)
    TIM3_IRQHandler                          0x08002ccd   Thumb Code    94  stm32f10x_it.o(i.TIM3_IRQHandler)
    TIM4_IRQHandler                          0x08002d39   Thumb Code   122  stm32f10x_it.o(i.TIM4_IRQHandler)
    TIM4_Init                                0x08002dd1   Thumb Code   106  timer4.o(i.TIM4_Init)
    TIM_ClearITPendingBit                    0x08002e41   Thumb Code     6  stm32f10x_tim.o(i.TIM_ClearITPendingBit)
    TIM_Cmd                                  0x08002e47   Thumb Code    24  stm32f10x_tim.o(i.TIM_Cmd)
    TIM_DeInit                               0x08002e61   Thumb Code   424  stm32f10x_tim.o(i.TIM_DeInit)
    TIM_GetITStatus                          0x08003049   Thumb Code    34  stm32f10x_tim.o(i.TIM_GetITStatus)
    TIM_ITConfig                             0x0800306b   Thumb Code    18  stm32f10x_tim.o(i.TIM_ITConfig)
    TIM_SetCounter                           0x0800307d   Thumb Code     4  stm32f10x_tim.o(i.TIM_SetCounter)
    TIM_TimeBaseInit                         0x08003081   Thumb Code   122  stm32f10x_tim.o(i.TIM_TimeBaseInit)
    TxDataBuf_Deal                           0x08003125   Thumb Code    86  mqtt.o(i.TxDataBuf_Deal)
    USART2_IRQHandler                        0x08003189   Thumb Code   104  stm32f10x_it.o(i.USART2_IRQHandler)
    USART_ClearFlag                          0x08003205   Thumb Code    18  stm32f10x_usart.o(i.USART_ClearFlag)
    USART_Cmd                                0x08003217   Thumb Code    24  stm32f10x_usart.o(i.USART_Cmd)
    USART_DeInit                             0x08003231   Thumb Code   134  stm32f10x_usart.o(i.USART_DeInit)
    USART_GetITStatus                        0x080032cd   Thumb Code    84  stm32f10x_usart.o(i.USART_GetITStatus)
    USART_ITConfig                           0x08003321   Thumb Code    74  stm32f10x_usart.o(i.USART_ITConfig)
    USART_Init                               0x0800336d   Thumb Code   210  stm32f10x_usart.o(i.USART_Init)
    UsageFault_Handler                       0x08003445   Thumb Code     2  stm32f10x_it.o(i.UsageFault_Handler)
    Usart1_Init                              0x08003449   Thumb Code   118  usart1.o(i.Usart1_Init)
    Usart2_Init                              0x080034c9   Thumb Code   176  usart2.o(i.Usart2_Init)
    WiFi_Connect_IoTServer                   0x08003581   Thumb Code   404  wifi.o(i.WiFi_Connect_IoTServer)
    WiFi_Connect_Server                      0x08003a91   Thumb Code   190  wifi.o(i.WiFi_Connect_Server)
    WiFi_JoinAP                              0x08003be5   Thumb Code    88  wifi.o(i.WiFi_JoinAP)
    WiFi_Reset                               0x08003c95   Thumb Code    88  wifi.o(i.WiFi_Reset)
    WiFi_ResetIO_Init                        0x08003d05   Thumb Code    48  wifi.o(i.WiFi_ResetIO_Init)
    WiFi_SendCmd                             0x08003d39   Thumb Code    86  wifi.o(i.WiFi_SendCmd)
    WiFi_Smartconfig                         0x08003dad   Thumb Code    78  wifi.o(i.WiFi_Smartconfig)
    WiFi_WaitAP                              0x08003e19   Thumb Code    62  wifi.o(i.WiFi_WaitAP)
    __ARM_fpclassify                         0x08003e71   Thumb Code    40  fpclassify.o(i.__ARM_fpclassify)
    _is_digit                                0x08003e99   Thumb Code    14  __printf_wp.o(i._is_digit)
    main                                     0x08003ea9   Thumb Code  1528  main.o(i.main)
    u1_printf                                0x080044a1   Thumb Code    84  usart1.o(i.u1_printf)
    u2_TxData                                0x080044fd   Thumb Code    58  usart2.o(i.u2_TxData)
    u2_printf                                0x0800453d   Thumb Code    84  usart2.o(i.u2_printf)
    _get_lc_numeric                          0x08004599   Thumb Code    44  lc_numeric_c.o(locale$$code)
    _get_lc_ctype                            0x080045c5   Thumb Code    44  lc_ctype_c.o(locale$$code)
    _printf_fp_dec                           0x080045f1   Thumb Code     4  printf1.o(x$fpl$printf1)
    __I$use$fp                               0x080045f4   Number         0  usenofp.o(x$fpl$usenofp)
    Region$$Table$$Base                      0x0800473c   Number         0  anon$$obj.o(Region$$Table)
    Region$$Table$$Limit                     0x0800475c   Number         0  anon$$obj.o(Region$$Table)
    __ctype                                  0x08004785   Data           0  lc_ctype_c.o(locale$$data)
    CMD1                                     0x20000000   Data           4  main.o(.data)
    CMD2                                     0x20000004   Data           4  main.o(.data)
    CMD3                                     0x20000008   Data           4  main.o(.data)
    CMD4                                     0x2000000c   Data           4  main.o(.data)
    CMD5                                     0x20000010   Data           4  main.o(.data)
    CMD6                                     0x20000014   Data           4  main.o(.data)
    CMD7                                     0x20000018   Data           4  main.o(.data)
    Usart2_RxCompleted                       0x2000001c   Data           1  usart2.o(.data)
    Usart2_RxCounter                         0x20000020   Data           4  usart2.o(.data)
    wifi_mode                                0x20000024   Data           1  wifi.o(.data)
    MQTT_RxDataInPtr                         0x20000028   Data           4  mqtt.o(.data)
    MQTT_RxDataOutPtr                        0x2000002c   Data           4  mqtt.o(.data)
    MQTT_RxDataEndPtr                        0x20000030   Data           4  mqtt.o(.data)
    MQTT_TxDataInPtr                         0x20000034   Data           4  mqtt.o(.data)
    MQTT_TxDataOutPtr                        0x20000038   Data           4  mqtt.o(.data)
    MQTT_TxDataEndPtr                        0x2000003c   Data           4  mqtt.o(.data)
    MQTT_CMDInPtr                            0x20000040   Data           4  mqtt.o(.data)
    MQTT_CMDOutPtr                           0x20000044   Data           4  mqtt.o(.data)
    MQTT_CMDEndPtr                           0x20000048   Data           4  mqtt.o(.data)
    ClientID_len                             0x2000004c   Data           4  mqtt.o(.data)
    Username_len                             0x20000050   Data           4  mqtt.o(.data)
    Passward_len                             0x20000054   Data           4  mqtt.o(.data)
    ServerPort                               0x20000058   Data           4  mqtt.o(.data)
    Fixed_len                                0x2000005c   Data           4  mqtt.o(.data)
    Variable_len                             0x20000060   Data           4  mqtt.o(.data)
    Payload_len                              0x20000064   Data           4  mqtt.o(.data)
    Ping_flag                                0x20000068   Data           1  mqtt.o(.data)
    Connect_flag                             0x20000069   Data           1  mqtt.o(.data)
    ConnectPack_flag                         0x2000006a   Data           1  mqtt.o(.data)
    SubcribePack_flag                        0x2000006b   Data           1  mqtt.o(.data)
    Usart1_TxBuff                            0x20000080   Data         256  usart1.o(.bss)
    Usart2_RxBuff                            0x20000180   Data        1024  usart2.o(.bss)
    USART2_TxBuff                            0x20000580   Data        1024  usart2.o(.bss)
    MQTT_RxDataBuf                           0x20000980   Data        1500  mqtt.o(.bss)
    MQTT_TxDataBuf                           0x20000f5c   Data        1500  mqtt.o(.bss)
    MQTT_CMDBuf                              0x20001538   Data        1500  mqtt.o(.bss)
    ClientID                                 0x20001b14   Data         128  mqtt.o(.bss)
    Username                                 0x20001b94   Data         128  mqtt.o(.bss)
    Passward                                 0x20001c14   Data         128  mqtt.o(.bss)
    ServerIP                                 0x20001c94   Data         128  mqtt.o(.bss)
    temp_buff                                0x20001d14   Data         300  mqtt.o(.bss)
    __libspace_start                         0x20001e40   Data          96  libspace.o(.bss)
    __temporary_stack_top$libspace           0x20001ea0   Data           0  libspace.o(.bss)



==============================================================================

Memory Map of the image

  Image Entry point : 0x08000279

  Load Region LR_1 (Base: 0x08000000, Size: 0x00004908, Max: 0xffffffff, ABSOLUTE)

    Execution Region ER_RO (Base: 0x08000000, Size: 0x00004888, Max: 0xffffffff, ABSOLUTE)

    Base Addr    Size         Type   Attr      Idx    E Section Name        Object

    0x08000000   0x00000130   Data   RO          680    RESET               startup_stm32f10x_hd.o
    0x08000130   0x00000008   Code   RO         2038  * !!!main             c_w.l(__main.o)
    0x08000138   0x00000034   Code   RO         2323    !!!scatter          c_w.l(__scatter.o)
    0x0800016c   0x0000001a   Code   RO         2325    !!handler_copy      c_w.l(__scatter_copy.o)
    0x08000186   0x00000002   PAD
    0x08000188   0x0000001c   Code   RO         2327    !!handler_zi        c_w.l(__scatter_zi.o)
    0x080001a4   0x00000000   Code   RO         2019    .ARM.Collect$$_printf_percent$$00000000  c_w.l(_printf_percent.o)
    0x080001a4   0x00000006   Code   RO         2088    .ARM.Collect$$_printf_percent$$00000001  c_w.l(_printf_n.o)
    0x080001aa   0x00000006   Code   RO         2090    .ARM.Collect$$_printf_percent$$00000002  c_w.l(_printf_p.o)
    0x080001b0   0x00000006   Code   RO         2095    .ARM.Collect$$_printf_percent$$00000003  c_w.l(_printf_f.o)
    0x080001b6   0x00000006   Code   RO         2096    .ARM.Collect$$_printf_percent$$00000004  c_w.l(_printf_e.o)
    0x080001bc   0x00000006   Code   RO         2097    .ARM.Collect$$_printf_percent$$00000005  c_w.l(_printf_g.o)
    0x080001c2   0x00000006   Code   RO         2098    .ARM.Collect$$_printf_percent$$00000006  c_w.l(_printf_a.o)
    0x080001c8   0x0000000a   Code   RO         2103    .ARM.Collect$$_printf_percent$$00000007  c_w.l(_printf_ll.o)
    0x080001d2   0x00000006   Code   RO         2092    .ARM.Collect$$_printf_percent$$00000008  c_w.l(_printf_i.o)
    0x080001d8   0x00000006   Code   RO         2093    .ARM.Collect$$_printf_percent$$00000009  c_w.l(_printf_d.o)
    0x080001de   0x00000006   Code   RO         2094    .ARM.Collect$$_printf_percent$$0000000A  c_w.l(_printf_u.o)
    0x080001e4   0x00000006   Code   RO         2091    .ARM.Collect$$_printf_percent$$0000000B  c_w.l(_printf_o.o)
    0x080001ea   0x00000006   Code   RO         2089    .ARM.Collect$$_printf_percent$$0000000C  c_w.l(_printf_x.o)
    0x080001f0   0x00000006   Code   RO         2100    .ARM.Collect$$_printf_percent$$0000000D  c_w.l(_printf_lli.o)
    0x080001f6   0x00000006   Code   RO         2101    .ARM.Collect$$_printf_percent$$0000000E  c_w.l(_printf_lld.o)
    0x080001fc   0x00000006   Code   RO         2102    .ARM.Collect$$_printf_percent$$0000000F  c_w.l(_printf_llu.o)
    0x08000202   0x00000006   Code   RO         2107    .ARM.Collect$$_printf_percent$$00000010  c_w.l(_printf_llo.o)
    0x08000208   0x00000006   Code   RO         2108    .ARM.Collect$$_printf_percent$$00000011  c_w.l(_printf_llx.o)
    0x0800020e   0x0000000a   Code   RO         2104    .ARM.Collect$$_printf_percent$$00000012  c_w.l(_printf_l.o)
    0x08000218   0x00000006   Code   RO         2087    .ARM.Collect$$_printf_percent$$00000013  c_w.l(_printf_c.o)
    0x0800021e   0x00000006   Code   RO         2018    .ARM.Collect$$_printf_percent$$00000014  c_w.l(_printf_s.o)
    0x08000224   0x00000006   Code   RO         2105    .ARM.Collect$$_printf_percent$$00000015  c_w.l(_printf_lc.o)
    0x0800022a   0x00000006   Code   RO         2106    .ARM.Collect$$_printf_percent$$00000016  c_w.l(_printf_ls.o)
    0x08000230   0x00000004   Code   RO         2099    .ARM.Collect$$_printf_percent$$00000017  c_w.l(_printf_percent_end.o)
    0x08000234   0x00000002   Code   RO         2184    .ARM.Collect$$libinit$$00000000  c_w.l(libinit.o)
    0x08000236   0x00000000   Code   RO         2201    .ARM.Collect$$libinit$$00000002  c_w.l(libinit2.o)
    0x08000236   0x00000000   Code   RO         2203    .ARM.Collect$$libinit$$00000004  c_w.l(libinit2.o)
    0x08000236   0x00000000   Code   RO         2206    .ARM.Collect$$libinit$$0000000A  c_w.l(libinit2.o)
    0x08000236   0x00000000   Code   RO         2208    .ARM.Collect$$libinit$$0000000C  c_w.l(libinit2.o)
    0x08000236   0x00000000   Code   RO         2210    .ARM.Collect$$libinit$$0000000E  c_w.l(libinit2.o)
    0x08000236   0x00000006   Code   RO         2211    .ARM.Collect$$libinit$$0000000F  c_w.l(libinit2.o)
    0x0800023c   0x00000000   Code   RO         2213    .ARM.Collect$$libinit$$00000011  c_w.l(libinit2.o)
    0x0800023c   0x0000000c   Code   RO         2214    .ARM.Collect$$libinit$$00000012  c_w.l(libinit2.o)
    0x08000248   0x00000000   Code   RO         2215    .ARM.Collect$$libinit$$00000013  c_w.l(libinit2.o)
    0x08000248   0x00000000   Code   RO         2217    .ARM.Collect$$libinit$$00000015  c_w.l(libinit2.o)
    0x08000248   0x0000000a   Code   RO         2218    .ARM.Collect$$libinit$$00000016  c_w.l(libinit2.o)
    0x08000252   0x00000000   Code   RO         2219    .ARM.Collect$$libinit$$00000017  c_w.l(libinit2.o)
    0x08000252   0x00000000   Code   RO         2221    .ARM.Collect$$libinit$$00000019  c_w.l(libinit2.o)
    0x08000252   0x00000000   Code   RO         2223    .ARM.Collect$$libinit$$0000001B  c_w.l(libinit2.o)
    0x08000252   0x00000000   Code   RO         2225    .ARM.Collect$$libinit$$0000001D  c_w.l(libinit2.o)
    0x08000252   0x00000000   Code   RO         2227    .ARM.Collect$$libinit$$0000001F  c_w.l(libinit2.o)
    0x08000252   0x00000000   Code   RO         2229    .ARM.Collect$$libinit$$00000021  c_w.l(libinit2.o)
    0x08000252   0x00000000   Code   RO         2231    .ARM.Collect$$libinit$$00000023  c_w.l(libinit2.o)
    0x08000252   0x00000000   Code   RO         2233    .ARM.Collect$$libinit$$00000025  c_w.l(libinit2.o)
    0x08000252   0x00000000   Code   RO         2237    .ARM.Collect$$libinit$$0000002C  c_w.l(libinit2.o)
    0x08000252   0x00000000   Code   RO         2239    .ARM.Collect$$libinit$$0000002E  c_w.l(libinit2.o)
    0x08000252   0x00000000   Code   RO         2241    .ARM.Collect$$libinit$$00000030  c_w.l(libinit2.o)
    0x08000252   0x00000000   Code   RO         2243    .ARM.Collect$$libinit$$00000032  c_w.l(libinit2.o)
    0x08000252   0x00000002   Code   RO         2244    .ARM.Collect$$libinit$$00000033  c_w.l(libinit2.o)
    0x08000254   0x00000002   Code   RO         2264    .ARM.Collect$$libshutdown$$00000000  c_w.l(libshutdown.o)
    0x08000256   0x00000000   Code   RO         2278    .ARM.Collect$$libshutdown$$00000003  c_w.l(libshutdown2.o)
    0x08000256   0x00000000   Code   RO         2281    .ARM.Collect$$libshutdown$$00000006  c_w.l(libshutdown2.o)
    0x08000256   0x00000000   Code   RO         2284    .ARM.Collect$$libshutdown$$00000009  c_w.l(libshutdown2.o)
    0x08000256   0x00000000   Code   RO         2286    .ARM.Collect$$libshutdown$$0000000B  c_w.l(libshutdown2.o)
    0x08000256   0x00000000   Code   RO         2289    .ARM.Collect$$libshutdown$$0000000E  c_w.l(libshutdown2.o)
    0x08000256   0x00000002   Code   RO         2290    .ARM.Collect$$libshutdown$$0000000F  c_w.l(libshutdown2.o)
    0x08000258   0x00000000   Code   RO         2040    .ARM.Collect$$rtentry$$00000000  c_w.l(__rtentry.o)
    0x08000258   0x00000000   Code   RO         2112    .ARM.Collect$$rtentry$$00000002  c_w.l(__rtentry2.o)
    0x08000258   0x00000006   Code   RO         2124    .ARM.Collect$$rtentry$$00000004  c_w.l(__rtentry4.o)
    0x0800025e   0x00000000   Code   RO         2114    .ARM.Collect$$rtentry$$00000009  c_w.l(__rtentry2.o)
    0x0800025e   0x00000004   Code   RO         2115    .ARM.Collect$$rtentry$$0000000A  c_w.l(__rtentry2.o)
    0x08000262   0x00000000   Code   RO         2117    .ARM.Collect$$rtentry$$0000000C  c_w.l(__rtentry2.o)
    0x08000262   0x00000008   Code   RO         2118    .ARM.Collect$$rtentry$$0000000D  c_w.l(__rtentry2.o)
    0x0800026a   0x00000002   Code   RO         2193    .ARM.Collect$$rtexit$$00000000  c_w.l(rtexit.o)
    0x0800026c   0x00000000   Code   RO         2246    .ARM.Collect$$rtexit$$00000002  c_w.l(rtexit2.o)
    0x0800026c   0x00000004   Code   RO         2247    .ARM.Collect$$rtexit$$00000003  c_w.l(rtexit2.o)
    0x08000270   0x00000006   Code   RO         2248    .ARM.Collect$$rtexit$$00000004  c_w.l(rtexit2.o)
    0x08000276   0x00000002   PAD
    0x08000278   0x00000040   Code   RO          681  * .text               startup_stm32f10x_hd.o
    0x080002b8   0x00000024   Code   RO         1988    .text               c_w.l(c89vsprintf.o)
    0x080002dc   0x0000002c   Code   RO         1990    .text               c_w.l(__2sprintf.o)
    0x08000308   0x00000052   Code   RO         1996    .text               c_w.l(_printf_str.o)
    0x0800035a   0x00000002   PAD
    0x0800035c   0x00000188   Code   RO         2015    .text               c_w.l(__printf_flags_ss_wp.o)
    0x080004e4   0x00000024   Code   RO         2020    .text               c_w.l(strstr.o)
    0x08000508   0x00000058   Code   RO         2022    .text               c_w.l(memcmp.o)
    0x08000560   0x0000003e   Code   RO         2024    .text               c_w.l(strlen.o)
    0x0800059e   0x0000008a   Code   RO         2026    .text               c_w.l(rt_memcpy_v6.o)
    0x08000628   0x00000064   Code   RO         2028    .text               c_w.l(rt_memcpy_w.o)
    0x0800068c   0x00000044   Code   RO         2032    .text               c_w.l(rt_memclr.o)
    0x080006d0   0x0000004e   Code   RO         2034    .text               c_w.l(rt_memclr_w.o)
    0x0800071e   0x00000006   Code   RO         2036    .text               c_w.l(heapauxi.o)
    0x08000724   0x0000004e   Code   RO         2041    .text               c_w.l(_printf_pad.o)
    0x08000772   0x00000024   Code   RO         2043    .text               c_w.l(_printf_truncate.o)
    0x08000796   0x00000002   PAD
    0x08000798   0x00000078   Code   RO         2045    .text               c_w.l(_printf_dec.o)
    0x08000810   0x00000028   Code   RO         2047    .text               c_w.l(_printf_charcount.o)
    0x08000838   0x00000030   Code   RO         2049    .text               c_w.l(_printf_char_common.o)
    0x08000868   0x0000000a   Code   RO         2051    .text               c_w.l(_sputc.o)
    0x08000872   0x0000002c   Code   RO         2053    .text               c_w.l(_printf_char.o)
    0x0800089e   0x00000002   PAD
    0x080008a0   0x000000bc   Code   RO         2055    .text               c_w.l(_printf_wctomb.o)
    0x0800095c   0x0000007c   Code   RO         2058    .text               c_w.l(_printf_longlong_dec.o)
    0x080009d8   0x00000070   Code   RO         2064    .text               c_w.l(_printf_oct_int_ll.o)
    0x08000a48   0x00000094   Code   RO         2084    .text               c_w.l(_printf_hex_int_ll_ptr.o)
    0x08000adc   0x0000008a   Code   RO         2126    .text               c_w.l(lludiv10.o)
    0x08000b66   0x000000b2   Code   RO         2128    .text               c_w.l(_printf_intcommon.o)
    0x08000c18   0x0000041a   Code   RO         2130    .text               c_w.l(_printf_fp_dec.o)
    0x08001032   0x0000002c   Code   RO         2134    .text               c_w.l(_printf_wchar.o)
    0x0800105e   0x00000040   Code   RO         2136    .text               c_w.l(_wcrtomb.o)
    0x0800109e   0x0000004a   Code   RO         2138    .text               c_w.l(sys_stackheap_outer.o)
    0x080010e8   0x00000010   Code   RO         2140    .text               c_w.l(rt_ctype_table.o)
    0x080010f8   0x00000008   Code   RO         2145    .text               c_w.l(rt_locale_intlibspace.o)
    0x08001100   0x00000080   Code   RO         2147    .text               c_w.l(_printf_fp_infnan.o)
    0x08001180   0x000000dc   Code   RO         2149    .text               c_w.l(bigflt0.o)
    0x0800125c   0x0000000c   Code   RO         2177    .text               c_w.l(exit.o)
    0x08001268   0x00000008   Code   RO         2190    .text               c_w.l(libspace.o)
    0x08001270   0x00000080   Code   RO         2198    .text               c_w.l(strcmpv7m.o)
    0x080012f0   0x0000000c   Code   RO         2256    .text               c_w.l(sys_exit.o)
    0x080012fc   0x00000002   Code   RO         2267    .text               c_w.l(use_no_semi.o)
    0x080012fe   0x00000000   Code   RO         2269    .text               c_w.l(indicate_semi.o)
    0x080012fe   0x0000003e   Code   RO         2152    CL$$btod_d2e        c_w.l(btod.o)
    0x0800133c   0x00000046   Code   RO         2154    CL$$btod_d2e_denorm_low  c_w.l(btod.o)
    0x08001382   0x00000060   Code   RO         2153    CL$$btod_d2e_norm_op1  c_w.l(btod.o)
    0x080013e2   0x00000338   Code   RO         2162    CL$$btod_div_common  c_w.l(btod.o)
    0x0800171a   0x000000c6   Code   RO         2159    CL$$btod_e2e        c_w.l(btod.o)
    0x080017e0   0x00000028   Code   RO         2156    CL$$btod_ediv       c_w.l(btod.o)
    0x08001808   0x00000028   Code   RO         2155    CL$$btod_emul       c_w.l(btod.o)
    0x08001830   0x00000244   Code   RO         2161    CL$$btod_mult_common  c_w.l(btod.o)
    0x08001a74   0x00000042   Code   RO          561    i.AT24C02_ReadOneByte  24c02.o
    0x08001ab6   0x00000002   Code   RO          224    i.BusFault_Handler  stm32f10x_it.o
    0x08001ab8   0x0000006c   Code   RO          426    i.CMDBuf_Deal       mqtt.o
    0x08001b24   0x00000002   Code   RO          225    i.DebugMon_Handler  stm32f10x_it.o
    0x08001b26   0x0000000c   Code   RO          157    i.Delay_Init        delay.o
    0x08001b32   0x00000002   PAD
    0x08001b34   0x000000f8   Code   RO          158    i.Delay_Ms          delay.o
    0x08001c2c   0x00000042   Code   RO          159    i.Delay_Us          delay.o
    0x08001c6e   0x00000116   Code   RO         1655    i.GPIO_Init         stm32f10x_gpio.o
    0x08001d84   0x00000012   Code   RO         1659    i.GPIO_ReadInputDataBit  stm32f10x_gpio.o
    0x08001d96   0x00000012   Code   RO         1661    i.GPIO_ReadOutputDataBit  stm32f10x_gpio.o
    0x08001da8   0x00000004   Code   RO         1662    i.GPIO_ResetBits    stm32f10x_gpio.o
    0x08001dac   0x00000004   Code   RO         1663    i.GPIO_SetBits      stm32f10x_gpio.o
    0x08001db0   0x0000000a   Code   RO         1666    i.GPIO_WriteBit     stm32f10x_gpio.o
    0x08001dba   0x00000002   Code   RO          226    i.HardFault_Handler  stm32f10x_it.o
    0x08001dbc   0x00000040   Code   RO          591    i.IIC_Init          iic.o
    0x08001dfc   0x000000fc   Code   RO          592    i.IIC_Read_Byte     iic.o
    0x08001ef8   0x00000064   Code   RO          593    i.IIC_Send_Byte     iic.o
    0x08001f5c   0x00000040   Code   RO          594    i.IIC_Start         iic.o
    0x08001f9c   0x00000040   Code   RO          595    i.IIC_Stop          iic.o
    0x08001fdc   0x00000070   Code   RO          596    i.IIC_Wait_Ack      iic.o
    0x0800204c   0x0000012c   Code   RO          427    i.IoT_Parameter_Init  mqtt.o
    0x08002178   0x00000038   Code   RO          538    i.KEY_Init          key.o
    0x080021b0   0x0000002c   Code   RO          339    i.LED_AllOff        led.o
    0x080021dc   0x0000002c   Code   RO          340    i.LED_AllOn         led.o
    0x08002208   0x00000054   Code   RO          341    i.LED_Init          led.o
    0x0800225c   0x000000a4   Code   RO            1    i.LED_State         main.o
    0x08002300   0x000000b0   Code   RO          428    i.MQTT_Buff_Init    mqtt.o
    0x080023b0   0x00000218   Code   RO          429    i.MQTT_ConectPack   mqtt.o
    0x080025c8   0x00000108   Code   RO          430    i.MQTT_DealPushdata_Qs0  mqtt.o
    0x080026d0   0x0000001c   Code   RO          431    i.MQTT_PingREQ      mqtt.o
    0x080026ec   0x000000ec   Code   RO          432    i.MQTT_PublishQs0   mqtt.o
    0x080027d8   0x00000098   Code   RO          433    i.MQTT_Subscribe    mqtt.o
    0x08002870   0x00000002   Code   RO          227    i.MemManage_Handler  stm32f10x_it.o
    0x08002872   0x00000002   Code   RO          228    i.NMI_Handler       stm32f10x_it.o
    0x08002874   0x00000070   Code   RO          685    i.NVIC_Init         misc.o
    0x080028e4   0x00000014   Code   RO          686    i.NVIC_PriorityGroupConfig  misc.o
    0x080028f8   0x00000002   Code   RO          229    i.PendSV_Handler    stm32f10x_it.o
    0x080028fa   0x00000002   PAD
    0x080028fc   0x00000020   Code   RO          723    i.RCC_APB1PeriphClockCmd  stm32f10x_rcc.o
    0x0800291c   0x00000020   Code   RO          724    i.RCC_APB1PeriphResetCmd  stm32f10x_rcc.o
    0x0800293c   0x00000020   Code   RO          725    i.RCC_APB2PeriphClockCmd  stm32f10x_rcc.o
    0x0800295c   0x00000020   Code   RO          726    i.RCC_APB2PeriphResetCmd  stm32f10x_rcc.o
    0x0800297c   0x000000d4   Code   RO          733    i.RCC_GetClocksFreq  stm32f10x_rcc.o
    0x08002a50   0x00000002   Code   RO          230    i.SVC_Handler       stm32f10x_it.o
    0x08002a52   0x00000008   Code   RO          644    i.SetSysClock       system_stm32f10x.o
    0x08002a5a   0x00000002   PAD
    0x08002a5c   0x000000e0   Code   RO          645    i.SetSysClockTo72   system_stm32f10x.o
    0x08002b3c   0x0000003c   Code   RO          689    i.SysTick_CLKSourceConfig  misc.o
    0x08002b78   0x00000002   Code   RO          231    i.SysTick_Handler   stm32f10x_it.o
    0x08002b7a   0x00000002   PAD
    0x08002b7c   0x00000060   Code   RO          647    i.SystemInit        system_stm32f10x.o
    0x08002bdc   0x00000078   Code   RO          507    i.TIM3_ENABLE_2S    timer3.o
    0x08002c54   0x00000078   Code   RO          508    i.TIM3_ENABLE_30S   timer3.o
    0x08002ccc   0x0000006c   Code   RO          232    i.TIM3_IRQHandler   stm32f10x_it.o
    0x08002d38   0x00000098   Code   RO          233    i.TIM4_IRQHandler   stm32f10x_it.o
    0x08002dd0   0x00000070   Code   RO          209    i.TIM4_Init         timer4.o
    0x08002e40   0x00000006   Code   RO          932    i.TIM_ClearITPendingBit  stm32f10x_tim.o
    0x08002e46   0x00000018   Code   RO          937    i.TIM_Cmd           stm32f10x_tim.o
    0x08002e5e   0x00000002   PAD
    0x08002e60   0x000001e8   Code   RO          942    i.TIM_DeInit        stm32f10x_tim.o
    0x08003048   0x00000022   Code   RO          958    i.TIM_GetITStatus   stm32f10x_tim.o
    0x0800306a   0x00000012   Code   RO          962    i.TIM_ITConfig      stm32f10x_tim.o
    0x0800307c   0x00000004   Code   RO         1002    i.TIM_SetCounter    stm32f10x_tim.o
    0x08003080   0x000000a4   Code   RO         1008    i.TIM_TimeBaseInit  stm32f10x_tim.o
    0x08003124   0x00000064   Code   RO          434    i.TxDataBuf_Deal    mqtt.o
    0x08003188   0x0000007c   Code   RO          234    i.USART2_IRQHandler  stm32f10x_it.o
    0x08003204   0x00000012   Code   RO         1469    i.USART_ClearFlag   stm32f10x_usart.o
    0x08003216   0x00000018   Code   RO         1473    i.USART_Cmd         stm32f10x_usart.o
    0x0800322e   0x00000002   PAD
    0x08003230   0x0000009c   Code   RO         1475    i.USART_DeInit      stm32f10x_usart.o
    0x080032cc   0x00000054   Code   RO         1477    i.USART_GetITStatus  stm32f10x_usart.o
    0x08003320   0x0000004a   Code   RO         1479    i.USART_ITConfig    stm32f10x_usart.o
    0x0800336a   0x00000002   PAD
    0x0800336c   0x000000d8   Code   RO         1480    i.USART_Init        stm32f10x_usart.o
    0x08003444   0x00000002   Code   RO          235    i.UsageFault_Handler  stm32f10x_it.o
    0x08003446   0x00000002   PAD
    0x08003448   0x00000080   Code   RO          181    i.Usart1_Init       usart1.o
    0x080034c8   0x000000b8   Code   RO          308    i.Usart2_Init       usart2.o
    0x08003580   0x00000510   Code   RO          363    i.WiFi_Connect_IoTServer  wifi.o
    0x08003a90   0x00000154   Code   RO          364    i.WiFi_Connect_Server  wifi.o
    0x08003be4   0x000000b0   Code   RO          365    i.WiFi_JoinAP       wifi.o
    0x08003c94   0x00000070   Code   RO          366    i.WiFi_Reset        wifi.o
    0x08003d04   0x00000034   Code   RO          367    i.WiFi_ResetIO_Init  wifi.o
    0x08003d38   0x00000074   Code   RO          368    i.WiFi_SendCmd      wifi.o
    0x08003dac   0x0000006c   Code   RO          369    i.WiFi_Smartconfig  wifi.o
    0x08003e18   0x00000058   Code   RO          370    i.WiFi_WaitAP       wifi.o
    0x08003e70   0x00000028   Code   RO         2188    i.__ARM_fpclassify  m_ws.l(fpclassify.o)
    0x08003e98   0x0000000e   Code   RO         2008    i._is_digit         c_w.l(__printf_wp.o)
    0x08003ea6   0x00000002   PAD
    0x08003ea8   0x000005f8   Code   RO            2    i.main              main.o
    0x080044a0   0x0000005c   Code   RO          182    i.u1_printf         usart1.o
    0x080044fc   0x00000040   Code   RO          309    i.u2_TxData         usart2.o
    0x0800453c   0x0000005c   Code   RO          310    i.u2_printf         usart2.o
    0x08004598   0x0000002c   Code   RO         2175    locale$$code        c_w.l(lc_numeric_c.o)
    0x080045c4   0x0000002c   Code   RO         2196    locale$$code        c_w.l(lc_ctype_c.o)
    0x080045f0   0x00000004   Code   RO         2109    x$fpl$printf1       fz_ws.l(printf1.o)
    0x080045f4   0x00000000   Code   RO         2187    x$fpl$usenofp       fz_ws.l(usenofp.o)
    0x080045f4   0x00000011   Data   RO         2016    .constdata          c_w.l(__printf_flags_ss_wp.o)
    0x08004605   0x00000003   PAD
    0x08004608   0x00000008   Data   RO         2056    .constdata          c_w.l(_printf_wctomb.o)
    0x08004610   0x00000028   Data   RO         2085    .constdata          c_w.l(_printf_hex_int_ll_ptr.o)
    0x08004638   0x00000094   Data   RO         2150    .constdata          c_w.l(bigflt0.o)
    0x080046cc   0x0000006d   Data   RO            3    .conststring        main.o
    0x08004739   0x00000003   PAD
    0x0800473c   0x00000020   Data   RO         2321    Region$$Table       anon$$obj.o
    0x0800475c   0x0000001c   Data   RO         2174    locale$$data        c_w.l(lc_numeric_c.o)
    0x08004778   0x00000110   Data   RO         2195    locale$$data        c_w.l(lc_ctype_c.o)


    Execution Region ER_RW (Base: 0x20000000, Size: 0x00000080, Max: 0xffffffff, ABSOLUTE)

    Base Addr    Size         Type   Attr      Idx    E Section Name        Object

    0x20000000   0x0000001c   Data   RW            4    .data               main.o
    0x2000001c   0x00000008   Data   RW          312    .data               usart2.o
    0x20000024   0x00000001   Data   RW          371    .data               wifi.o
    0x20000025   0x00000003   PAD
    0x20000028   0x00000044   Data   RW          436    .data               mqtt.o
    0x2000006c   0x00000014   Data   RW          753    .data               stm32f10x_rcc.o


    Execution Region ER_ZI (Base: 0x20000080, Size: 0x00002420, Max: 0xffffffff, ABSOLUTE)

    Base Addr    Size         Type   Attr      Idx    E Section Name        Object

    0x20000080   0x00000100   Zero   RW          183    .bss                usart1.o
    0x20000180   0x00000800   Zero   RW          311    .bss                usart2.o
    0x20000980   0x000014c0   Zero   RW          435    .bss                mqtt.o
    0x20001e40   0x00000060   Zero   RW         2191    .bss                c_w.l(libspace.o)
    0x20001ea0   0x00000200   Zero   RW          679    HEAP                startup_stm32f10x_hd.o
    0x200020a0   0x00000400   Zero   RW          678    STACK               startup_stm32f10x_hd.o


==============================================================================

Image component sizes


      Code (inc. data)   RO Data    RW Data    ZI Data      Debug   Object Name

        66          0          0          0          0        726   24c02.o
         0          0          0          0          0         32   core_cm3.o
       326          6          0          0          0       2035   delay.o
       656         28          0          0          0       4001   iic.o
        56          4          0          0          0        607   key.o
       172         26          0          0          0       1768   led.o
      1692        584        109         28          0     255596   main.o
       192         22          0          0          0       2513   misc.o
      1900        372          0         68       5312       8888   mqtt.o
        64         26        304          0       1536        880   startup_stm32f10x_hd.o
       332          0          0          0          0       5477   stm32f10x_gpio.o
       402         70          0          0          0       6950   stm32f10x_it.o
       340         44          0         20          0       6260   stm32f10x_rcc.o
       738        106          0          0          0       5604   stm32f10x_tim.o
       572         28          0          0          0       6219   stm32f10x_usart.o
       328         28          0          0          0       2329   system_stm32f10x.o
       240         10          0          0          0       1387   timer3.o
       112          6          0          0          0        772   timer4.o
       220         18          0          0        256       2902   usart1.o
       340         22          0          8       2048       3280   usart2.o
      2288       1244          0          1          0       6378   wifi.o

    ----------------------------------------------------------------------
     11052       2644        448        128       9152     324604   Object Totals
         0          0         32          0          0          0   (incl. Generated)
        16          0          3          3          0          0   (incl. Padding)

    ----------------------------------------------------------------------

      Code (inc. data)   RO Data    RW Data    ZI Data      Debug   Library Member Name

        44          6          0          0          0         84   __2sprintf.o
         8          0          0          0          0         68   __main.o
       392          4         17          0          0         92   __printf_flags_ss_wp.o
        14          0          0          0          0         68   __printf_wp.o
         0          0          0          0          0          0   __rtentry.o
        12          0          0          0          0          0   __rtentry2.o
         6          0          0          0          0          0   __rtentry4.o
        52          8          0          0          0          0   __scatter.o
        26          0          0          0          0          0   __scatter_copy.o
        28          0          0          0          0          0   __scatter_zi.o
         6          0          0          0          0          0   _printf_a.o
         6          0          0          0          0          0   _printf_c.o
        44          0          0          0          0        108   _printf_char.o
        48          6          0          0          0         96   _printf_char_common.o
        40          0          0          0          0         68   _printf_charcount.o
         6          0          0          0          0          0   _printf_d.o
       120         16          0          0          0         92   _printf_dec.o
         6          0          0          0          0          0   _printf_e.o
         6          0          0          0          0          0   _printf_f.o
      1050          0          0          0          0        216   _printf_fp_dec.o
       128         16          0          0          0         84   _printf_fp_infnan.o
         6          0          0          0          0          0   _printf_g.o
       148          4         40          0          0        160   _printf_hex_int_ll_ptr.o
         6          0          0          0          0          0   _printf_i.o
       178          0          0          0          0         88   _printf_intcommon.o
        10          0          0          0          0          0   _printf_l.o
         6          0          0          0          0          0   _printf_lc.o
        10          0          0          0          0          0   _printf_ll.o
         6          0          0          0          0          0   _printf_lld.o
         6          0          0          0          0          0   _printf_lli.o
         6          0          0          0          0          0   _printf_llo.o
         6          0          0          0          0          0   _printf_llu.o
         6          0          0          0          0          0   _printf_llx.o
       124         16          0          0          0         92   _printf_longlong_dec.o
         6          0          0          0          0          0   _printf_ls.o
         6          0          0          0          0          0   _printf_n.o
         6          0          0          0          0          0   _printf_o.o
       112          8          0          0          0        124   _printf_oct_int_ll.o
         6          0          0          0          0          0   _printf_p.o
        78          0          0          0          0        108   _printf_pad.o
         0          0          0          0          0          0   _printf_percent.o
         4          0          0          0          0          0   _printf_percent_end.o
         6          0          0          0          0          0   _printf_s.o
        82          0          0          0          0         80   _printf_str.o
        36          0          0          0          0         84   _printf_truncate.o
         6          0          0          0          0          0   _printf_u.o
        44          0          0          0          0        108   _printf_wchar.o
       188          6          8          0          0         92   _printf_wctomb.o
         6          0          0          0          0          0   _printf_x.o
        10          0          0          0          0         68   _sputc.o
        64          0          0          0          0         92   _wcrtomb.o
       220          4        148          0          0         96   bigflt0.o
      1910        128          0          0          0        672   btod.o
        36          4          0          0          0         76   c89vsprintf.o
        12          0          0          0          0         72   exit.o
         6          0          0          0          0        152   heapauxi.o
         0          0          0          0          0          0   indicate_semi.o
        44         10        272          0          0         76   lc_ctype_c.o
        44         10         28          0          0         76   lc_numeric_c.o
         2          0          0          0          0          0   libinit.o
        30          0          0          0          0          0   libinit2.o
         2          0          0          0          0          0   libshutdown.o
         2          0          0          0          0          0   libshutdown2.o
         8          4          0          0         96         68   libspace.o
       138          0          0          0          0         80   lludiv10.o
        88          0          0          0          0         76   memcmp.o
        16          4          0          0          0         76   rt_ctype_table.o
         8          4          0          0          0         68   rt_locale_intlibspace.o
        68          0          0          0          0         68   rt_memclr.o
        78          0          0          0          0         80   rt_memclr_w.o
       138          0          0          0          0         68   rt_memcpy_v6.o
       100          0          0          0          0         80   rt_memcpy_w.o
         2          0          0          0          0          0   rtexit.o
        10          0          0          0          0          0   rtexit2.o
       128          0          0          0          0         68   strcmpv7m.o
        62          0          0          0          0         76   strlen.o
        36          0          0          0          0         80   strstr.o
        12          4          0          0          0         68   sys_exit.o
        74          0          0          0          0         80   sys_stackheap_outer.o
         2          0          0          0          0         68   use_no_semi.o
         4          0          0          0          0         68   printf1.o
         0          0          0          0          0          0   usenofp.o
        40          0          0          0          0         68   fpclassify.o

    ----------------------------------------------------------------------
      6552        262        516          0         96       4532   Library Totals
        12          0          3          0          0          0   (incl. Padding)

    ----------------------------------------------------------------------

      Code (inc. data)   RO Data    RW Data    ZI Data      Debug   Library Name

      6496        262        513          0         96       4396   c_w.l
         4          0          0          0          0         68   fz_ws.l
        40          0          0          0          0         68   m_ws.l

    ----------------------------------------------------------------------
      6552        262        516          0         96       4532   Library Totals

    ----------------------------------------------------------------------

==============================================================================


      Code (inc. data)   RO Data    RW Data    ZI Data      Debug   

     17604       2906        964        128       9248     322476   Grand Totals
     17604       2906        964        128       9248     322476   ELF Image Totals
     17604       2906        964        128          0          0   ROM Totals

==============================================================================

    Total RO  Size (Code + RO Data)                18568 (  18.13kB)
    Total RW  Size (RW Data + ZI Data)              9376 (   9.16kB)
    Total ROM Size (Code + RO Data + RW Data)      18696 (  18.26kB)

==============================================================================

