Component: ARM Compiler 5.05 update 1 (build 106) Tool: armlink [4d0efa]

==============================================================================

Section Cross References

    main.o(i.main) refers to delay.o(i.Delay_Init) for Delay_Init
    main.o(i.main) refers to usart1.o(i.Usart1_Init) for Usart1_Init
    main.o(i.main) refers to usart2.o(i.Usart2_Init) for Usart2_Init
    main.o(i.main) refers to timer4.o(i.TIM4_Init) for TIM4_Init
    main.o(i.main) refers to key.o(i.KEY_Init) for KEY_Init
    main.o(i.main) refers to wifi.o(i.WiFi_ResetIO_Init) for WiFi_ResetIO_Init
    main.o(i.main) refers to delay.o(i.Delay_Ms) for Delay_Ms
    main.o(i.main) refers to wifi.o(i.WiFi_ConnectServer) for WiFi_ConnectServer
    main.o(i.main) refers to rt_memclr.o(.text) for __aeabi_memclr
    main.o(i.main) refers to usart1.o(i.u1_printf) for u1_printf
    main.o(i.main) refers to usart2.o(i.u2_printf) for u2_printf
    main.o(i.main) refers to usart2.o(.data) for Usart2_RxCounter
    main.o(i.main) refers to usart2.o(.bss) for Usart2_RxBuff
    main.o(i.main) refers to wifi.o(.data) for Connect_flag
    main.o(i.main) refers to main.o(.bss) for Data_buff
    main.o(.data) refers to main.o(.conststring) for .conststring
    delay.o(i.Delay_Init) refers to misc.o(i.SysTick_CLKSourceConfig) for SysTick_CLKSourceConfig
    usart1.o(i.Usart1_Init) refers to stm32f10x_rcc.o(i.RCC_APB2PeriphClockCmd) for RCC_APB2PeriphClockCmd
    usart1.o(i.Usart1_Init) refers to stm32f10x_gpio.o(i.GPIO_Init) for GPIO_Init
    usart1.o(i.Usart1_Init) refers to stm32f10x_usart.o(i.USART_Init) for USART_Init
    usart1.o(i.Usart1_Init) refers to stm32f10x_usart.o(i.USART_Cmd) for USART_Cmd
    usart1.o(i.u1_printf) refers to c89vsprintf.o(.text) for __c89vsprintf
    usart1.o(i.u1_printf) refers to strlen.o(.text) for strlen
    usart1.o(i.u1_printf) refers to usart1.o(.bss) for Usart1_TxBuff
    timer4.o(i.TIM4_Init) refers to misc.o(i.NVIC_PriorityGroupConfig) for NVIC_PriorityGroupConfig
    timer4.o(i.TIM4_Init) refers to stm32f10x_rcc.o(i.RCC_APB1PeriphClockCmd) for RCC_APB1PeriphClockCmd
    timer4.o(i.TIM4_Init) refers to stm32f10x_tim.o(i.TIM_TimeBaseInit) for TIM_TimeBaseInit
    timer4.o(i.TIM4_Init) refers to stm32f10x_tim.o(i.TIM_ClearITPendingBit) for TIM_ClearITPendingBit
    timer4.o(i.TIM4_Init) refers to stm32f10x_tim.o(i.TIM_ITConfig) for TIM_ITConfig
    timer4.o(i.TIM4_Init) refers to stm32f10x_tim.o(i.TIM_Cmd) for TIM_Cmd
    timer4.o(i.TIM4_Init) refers to misc.o(i.NVIC_Init) for NVIC_Init
    stm32f10x_it.o(i.TIM4_IRQHandler) refers to stm32f10x_tim.o(i.TIM_GetITStatus) for TIM_GetITStatus
    stm32f10x_it.o(i.TIM4_IRQHandler) refers to rt_memcpy_v6.o(.text) for __aeabi_memcpy
    stm32f10x_it.o(i.TIM4_IRQHandler) refers to stm32f10x_tim.o(i.TIM_Cmd) for TIM_Cmd
    stm32f10x_it.o(i.TIM4_IRQHandler) refers to stm32f10x_tim.o(i.TIM_SetCounter) for TIM_SetCounter
    stm32f10x_it.o(i.TIM4_IRQHandler) refers to stm32f10x_tim.o(i.TIM_ClearITPendingBit) for TIM_ClearITPendingBit
    stm32f10x_it.o(i.TIM4_IRQHandler) refers to usart2.o(.data) for Usart2_RxCompleted
    stm32f10x_it.o(i.TIM4_IRQHandler) refers to usart2.o(.bss) for Usart2_RxBuff
    stm32f10x_it.o(i.TIM4_IRQHandler) refers to main.o(.bss) for Data_buff
    stm32f10x_it.o(i.USART2_IRQHandler) refers to stm32f10x_usart.o(i.USART_GetITStatus) for USART_GetITStatus
    stm32f10x_it.o(i.USART2_IRQHandler) refers to stm32f10x_tim.o(i.TIM_Cmd) for TIM_Cmd
    stm32f10x_it.o(i.USART2_IRQHandler) refers to stm32f10x_tim.o(i.TIM_SetCounter) for TIM_SetCounter
    stm32f10x_it.o(i.USART2_IRQHandler) refers to wifi.o(.data) for Connect_flag
    stm32f10x_it.o(i.USART2_IRQHandler) refers to usart2.o(.bss) for Usart2_RxBuff
    stm32f10x_it.o(i.USART2_IRQHandler) refers to usart2.o(.data) for Usart2_RxCounter
    usart2.o(i.Usart2_Init) refers to misc.o(i.NVIC_PriorityGroupConfig) for NVIC_PriorityGroupConfig
    usart2.o(i.Usart2_Init) refers to stm32f10x_rcc.o(i.RCC_APB1PeriphClockCmd) for RCC_APB1PeriphClockCmd
    usart2.o(i.Usart2_Init) refers to stm32f10x_rcc.o(i.RCC_APB2PeriphClockCmd) for RCC_APB2PeriphClockCmd
    usart2.o(i.Usart2_Init) refers to stm32f10x_usart.o(i.USART_DeInit) for USART_DeInit
    usart2.o(i.Usart2_Init) refers to stm32f10x_gpio.o(i.GPIO_Init) for GPIO_Init
    usart2.o(i.Usart2_Init) refers to stm32f10x_usart.o(i.USART_Init) for USART_Init
    usart2.o(i.Usart2_Init) refers to stm32f10x_usart.o(i.USART_ClearFlag) for USART_ClearFlag
    usart2.o(i.Usart2_Init) refers to stm32f10x_usart.o(i.USART_ITConfig) for USART_ITConfig
    usart2.o(i.Usart2_Init) refers to misc.o(i.NVIC_Init) for NVIC_Init
    usart2.o(i.Usart2_Init) refers to stm32f10x_usart.o(i.USART_Cmd) for USART_Cmd
    usart2.o(i.u2_printf) refers to c89vsprintf.o(.text) for __c89vsprintf
    usart2.o(i.u2_printf) refers to strlen.o(.text) for strlen
    usart2.o(i.u2_printf) refers to usart2.o(.bss) for USART2_TxBuff
[...]
    ../clib/printf_percent.s                 0x00000000   Number         0  _printf_x.o ABSOLUTE
    ../clib/printf_percent.s                 0x00000000   Number         0  _printf_lld.o ABSOLUTE
    ../clib/printf_percent.s                 0x00000000   Number         0  _printf_p.o ABSOLUTE
    ../clib/printf_percent.s                 0x00000000   Number         0  _printf_llx.o ABSOLUTE
    ../clib/printf_percent.s                 0x00000000   Number         0  _printf_o.o ABSOLUTE
    ../clib/printf_percent.s                 0x00000000   Number         0  _printf_i.o ABSOLUTE
    ../clib/printf_percent.s                 0x00000000   Number         0  _printf_percent_end.o ABSOLUTE
    ../clib/printf_percent.s                 0x00000000   Number         0  _printf_d.o ABSOLUTE
    ../clib/printf_percent.s                 0x00000000   Number         0  _printf_a.o ABSOLUTE
    ../clib/printf_percent.s                 0x00000000   Number         0  _printf_u.o ABSOLUTE
    ../clib/scanf.c                          0x00000000   Number         0  __0sscanf.o ABSOLUTE
    ../clib/scanf.c                          0x00000000   Number         0  _scanf_str.o ABSOLUTE
    ../clib/scanf.c                          0x00000000   Number         0  _sgetc.o ABSOLUTE
    ../clib/scanf.c                          0x00000000   Number         0  _scanf.o ABSOLUTE
    ../clib/scanf.c                          0x00000000   Number         0  scanf_char.o ABSOLUTE
    ../clib/signal.c                         0x00000000   Number         0  defsig_segv_inner.o ABSOLUTE
    ../clib/signal.c                         0x00000000   Number         0  defsig_cppl_inner.o ABSOLUTE
    ../clib/signal.c                         0x00000000   Number         0  defsig_pvfn_inner.o ABSOLUTE
    ../clib/signal.c                         0x00000000   Number         0  defsig_stak_inner.o ABSOLUTE
    ../clib/signal.c                         0x00000000   Number         0  defsig_rtmem_formal.o ABSOLUTE
    ../clib/signal.c                         0x00000000   Number         0  defsig_rtred_inner.o ABSOLUTE
    ../clib/signal.c                         0x00000000   Number         0  defsig_general.o ABSOLUTE
    ../clib/signal.c                         0x00000000   Number         0  defsig_abrt_inner.o ABSOLUTE
    ../clib/signal.c                         0x00000000   Number         0  defsig_other.o ABSOLUTE
    ../clib/signal.c                         0x00000000   Number         0  defsig_rtmem_outer.o ABSOLUTE
    ../clib/signal.c                         0x00000000   Number         0  defsig_rtmem_inner.o ABSOLUTE
    ../clib/signal.c                         0x00000000   Number         0  defsig_fpe_inner.o ABSOLUTE
    ../clib/signal.c                         0x00000000   Number         0  __raise.o ABSOLUTE
    ../clib/signal.c                         0x00000000   Number         0  defsig_exit.o ABSOLUTE
    ../clib/signal.s                         0x00000000   Number         0  defsig.o ABSOLUTE
    ../clib/stdlib.c                         0x00000000   Number         0  exit.o ABSOLUTE
    ../clib/string.c                         0x00000000   Number         0  strstr.o ABSOLUTE
    ../clib/string.c                         0x00000000   Number         0  strlen.o ABSOLUTE
    ../fplib/fpinit.s                        0x00000000   Number         0  fpinit.o ABSOLUTE
    ../fplib/istatus.s                       0x00000000   Number         0  istatus.o ABSOLUTE
    ../fplib/printf1.s                       0x00000000   Number         0  printf1.o ABSOLUTE
    ../fplib/usenofp.s                       0x00000000   Number         0  usenofp.o ABSOLUTE
    ../mathlib/fpclassify.c                  0x00000000   Number         0  fpclassify.o ABSOLUTE
    ..\CORE\core_cm3.c                       0x00000000   Number         0  core_cm3.o ABSOLUTE
    ..\CORE\startup_stm32f10x_hd.s           0x00000000   Number         0  startup_stm32f10x_hd.o ABSOLUTE
    ..\CORE\system_stm32f10x.c               0x00000000   Number         0  system_stm32f10x.o ABSOLUTE
    ..\HARDWARE\scr\delay.c                  0x00000000   Number         0  delay.o ABSOLUTE
    ..\HARDWARE\scr\key.c                    0x00000000   Number         0  key.o ABSOLUTE
    ..\HARDWARE\scr\stm32f10x_it.c           0x00000000   Number         0  stm32f10x_it.o ABSOLUTE
    ..\HARDWARE\scr\timer4.c                 0x00000000   Number         0  timer4.o ABSOLUTE
    ..\HARDWARE\scr\usart1.c                 0x00000000   Number         0  usart1.o ABSOLUTE
    ..\HARDWARE\scr\usart2.c                 0x00000000   Number         0  usart2.o ABSOLUTE
    ..\HARDWARE\scr\wifi.c                   0x00000000   Number         0  wifi.o ABSOLUTE
    ..\STLIB\src\misc.c                      0x00000000   Number         0  misc.o ABSOLUTE
    ..\STLIB\src\stm32f10x_exti.c            0x00000000   Number         0  stm32f10x_exti.o ABSOLUTE
    ..\STLIB\src\stm32f10x_gpio.c            0x00000000   Number         0  stm32f10x_gpio.o ABSOLUTE
    ..\STLIB\src\stm32f10x_rcc.c             0x00000000   Number         0  stm32f10x_rcc.o ABSOLUTE
    ..\STLIB\src\stm32f10x_tim.c             0x00000000   Number         0  stm32f10x_tim.o ABSOLUTE
    ..\STLIB\src\stm32f10x_usart.c           0x00000000   Number         0  stm32f10x_usart.o ABSOLUTE
    ..\\CORE\\core_cm3.c                     0x00000000   Number         0  core_cm3.o ABSOLUTE
    dc.s                                     0x00000000   Number         0  dc.o ABSOLUTE
    main.c                                   0x00000000   Number         0  main.o ABSOLUTE
    RESET                                    0x08000000   Section      304  startup_stm32f10x_hd.o(RESET)
    !!!main                                  0x08000130   Section        8  __main.o(!!!main)
    !!!scatter                               0x08000138   Section       52  __scatter.o(!!!scatter)
    !!handler_copy                           0x0800016c   Section       26  __scatter_copy.o(!!handler_copy)
    !!handler_zi                             0x08000188   Section       28  __scatter_zi.o(!!handler_zi)
    .ARM.Collect$$_printf_percent$$00000000  0x080001a4   Section        0  _printf_percent.o(.ARM.Collect$$_printf_percent$$00000000)
    .ARM.Collect$$_printf_percent$$00000001  0x080001a4   Section        6  _printf_n.o(.ARM.Collect$$_printf_percent$$00000001)
    .ARM.Collect$$_printf_percent$$00000002  0x080001aa   Section        6  _printf_p.o(.ARM.Collect$$_printf_percent$$00000002)
    .ARM.Collect$$_printf_percent$$00000003  0x080001b0   Section        6  _printf_f.o(.ARM.Collect$$_printf_percent$$00000003)
    .ARM.Collect$$_printf_percent$$00000004  0x080001b6   Section        6  _printf_e.o(.ARM.Collect$$_printf_percent$$00000004)
    .ARM.Collect$$_printf_percent$$00000005  0x080001bc   Section        6  _printf_g.o(.ARM.Collect$$_printf_percent$$00000005)
    .ARM.Collect$$_printf_percent$$00000006  0x080001c2   Section        6  _printf_a.o(.ARM.Collect$$_printf_percent$$00000006)
    .ARM.Collect$$_printf_percent$$00000007  0x080001c8   Section       10  _printf_ll.o(.ARM.Collect$$_printf_percent$$00000007)
    .ARM.Collect$$_printf_percent$$00000008  0x080001d2   Section        6  _printf_i.o(.ARM.Collect$$_printf_percent$$00000008)
    .ARM.Collect$$_printf_percent$$00000009  0x080001d8   Section        6  _printf_d.o(.ARM.Collect$$_printf_percent$$00000009)
    .ARM.Collect$$_printf_percent$$0000000A  0x080001de   Section        6  _printf_u.o(.ARM.Collect$$_printf_percent$$0000000A)
    .ARM.Collect$$_printf_percent$$0000000B  0x080001e4   Section        6  _printf_o.o(.ARM.Collect$$_printf_percent$$0000000B)
    .ARM.Collect$$_printf_percent$$0000000C  0x080001ea   Section        6  _printf_x.o(.ARM.Collect$$_printf_percent$$0000000C)
    .ARM.Collect$$_printf_percent$$0000000D  0x080001f0   Section        6  _printf_lli.o(.ARM.Collect$$_printf_percent$$0000000D)
    .ARM.Collect$$_printf_percent$$0000000E  0x080001f6   Section        6  _printf_lld.o(.ARM.Collect$$_printf_percent$$0000000E)
    .ARM.Collect$$_printf_percent$$0000000F  0x080001fc   Section        6  _printf_llu.o(.ARM.Collect$$_printf_percent$$0000000F)
    .ARM.Collect$$_printf_percent$$00000010  0x08000202   Section        6  _printf_llo.o(.ARM.Collect$$_printf_percent$$00000010)
    .ARM.Collect$$_printf_percent$$00000011  0x08000208   Section        6  _printf_llx.o(.ARM.Collect$$_printf_percent$$00000011)
    .ARM.Collect$$_printf_percent$$00000012  0x0800020e   Section       10  _printf_l.o(.ARM.Collect$$_printf_percent$$00000012)
    .ARM.Collect$$_printf_percent$$00000013  0x08000218   Section        6  _printf_c.o(.ARM.Collect$$_printf_percent$$00000013)
    .ARM.Collect$$_printf_percent$$00000014  0x0800021e   Section        6  _printf_s.o(.ARM.Collect$$_printf_percent$$00000014)
    .ARM.Collect$$_printf_percent$$00000015  0x08000224   Section        6  _printf_lc.o(.ARM.Collect$$_printf_percent$$00000015)
    .ARM.Collect$$_printf_percent$$00000016  0x0800022a   Section        6  _printf_ls.o(.ARM.Collect$$_printf_percent$$00000016)
    .ARM.Collect$$_printf_percent$$00000017  0x08000230   Section        4  _printf_percent_end.o(.ARM.Collect$$_printf_percent$$00000017)
    .ARM.Collect$$libinit$$00000000          0x08000234   Section        2  libinit.o(.ARM.Collect$$libinit$$00000000)
    .ARM.Collect$$libinit$$00000002          0x08000236   Section        0  libinit2.o(.ARM.Collect$$libinit$$00000002)
    .ARM.Collect$$libinit$$00000004          0x08000236   Section        0  libinit2.o(.ARM.Collect$$libinit$$00000004)
    .ARM.Collect$$libinit$$0000000A          0x08000236   Section        0  libinit2.o(.ARM.Collect$$libinit$$0000000A)
    .ARM.Collect$$libinit$$0000000C          0x08000236   Section        0  libinit2.o(.ARM.Collect$$libinit$$0000000C)
    .ARM.Collect$$libinit$$0000000E          0x08000236   Section        0  libinit2.o(.ARM.Collect$$libinit$$0000000E)
    .ARM.Collect$$libinit$$0000000F          0x08000236   Section        6  libinit2.o(.ARM.Collect$$libinit$$0000000F)
    .ARM.Collect$$libinit$$00000011          0x0800023c   Section        0  libinit2.o(.ARM.Collect$$libinit$$00000011)
    .ARM.Collect$$libinit$$00000012          0x0800023c   Section       12  libinit2.o(.ARM.Collect$$libinit$$00000012)
    .ARM.Collect$$libinit$$00000013          0x08000248   Section        0  libinit2.o(.ARM.Collect$$libinit$$00000013)
    .ARM.Collect$$libinit$$00000015          0x08000248   Section        0  libinit2.o(.ARM.Collect$$libinit$$00000015)
    .ARM.Collect$$libinit$$00000016          0x08000248   Section       10  libinit2.o(.ARM.Collect$$libinit$$00000016)
    .ARM.Collect$$libinit$$00000017          0x08000252   Section        0  libinit2.o(.ARM.Collect$$libinit$$00000017)
    .ARM.Collect$$libinit$$00000019          0x08000252   Section        0  libinit2.o(.ARM.Collect$$libinit$$00000019)
    .ARM.Collect$$libinit$$0000001B          0x08000252   Section        0  libinit2.o(.ARM.Collect$$libinit$$0000001B)
    .ARM.Collect$$libinit$$0000001D          0x08000252   Section        0  libinit2.o(.ARM.Collect$$libinit$$0000001D)
    .ARM.Collect$$libinit$$0000001F          0x08000252   Section        0  libinit2.o(.ARM.Collect$$libinit$$0000001F)
    .ARM.Collect$$libinit$$00000021          0x08000252   Section        0  libinit2.o(.ARM.Collect$$libinit$$00000021)
    .ARM.Collect$$libinit$$00000023          0x08000252   Section        0  libinit2.o(.ARM.Collect$$libinit$$00000023)
    .ARM.Collect$$libinit$$00000025          0x08000252   Section        0  libinit2.o(.ARM.Collect$$libinit$$00000025)
    .ARM.Collect$$libinit$$0000002C          0x08000252   Section        0  libinit2.o(.ARM.Collect$$libinit$$0000002C)
    .ARM.Collect$$libinit$$0000002E          0x08000252   Section        0  libinit2.o(.ARM.Collect$$libinit$$0000002E)
    .ARM.Collect$$libinit$$00000030          0x08000252   Section        0  libinit2.o(.ARM.Collect$$libinit$$00000030)
    .ARM.Collect$$libinit$$00000032          0x08000252   Section        0  libinit2.o(.ARM.Collect$$libinit$$00000032)
    .ARM.Collect$$libinit$$00000033          0x08000252   Section        2  libinit2.o(.ARM.Collect$$libinit$$00000033)
    .ARM.Collect$$libshutdown$$00000000      0x08000254   Section        2  libshutdown.o(.ARM.Collect$$libshutdown$$00000000)
    .ARM.Collect$$libshutdown$$00000003      0x08000256   Section        0  libshutdown2.o(.ARM.Collect$$libshutdown$$00000003)
    .ARM.Collect$$libshutdown$$00000006      0x08000256   Section        0  libshutdown2.o(.ARM.Collect$$libshutdown$$00000006)
    .ARM.Collect$$libshutdown$$00000009      0x08000256   Section        0  libshutdown2.o(.ARM.Collect$$libshutdown$$00000009)
    .ARM.Collect$$libshutdown$$0000000B      0x08000256   Section        0  libshutdown2.o(.ARM.Collect$$libshutdown$$0000000B)
    .ARM.Collect$$libshutdown$$0000000E      0x08000256   Section        0  libshutdown2.o(.ARM.Collect$$libshutdown$$0000000E)
    .ARM.Collect$$libshutdown$$0000000F      0x08000256   Section        2  libshutdown2.o(.ARM.Collect$$libshutdown$$0000000F)
    .ARM.Collect$$rtentry$$00000000          0x08000258   Section        0  __rtentry.o(.ARM.Collect$$rtentry$$00000000)
    .ARM.Collect$$rtentry$$00000002          0x08000258   Section        0  __rtentry2.o(.ARM.Collect$$rtentry$$00000002)
    .ARM.Collect$$rtentry$$00000004          0x08000258   Section        6  __rtentry4.o(.ARM.Collect$$rtentry$$00000004)
    .ARM.Collect$$rtentry$$00000009          0x0800025e   Section        0  __rtentry2.o(.ARM.Collect$$rtentry$$00000009)
    .ARM.Collect$$rtentry$$0000000A          0x0800025e   Section        4  __rtentry2.o(.ARM.Collect$$rtentry$$0000000A)
    .ARM.Collect$$rtentry$$0000000C          0x08000262   Section        0  __rtentry2.o(.ARM.Collect$$rtentry$$0000000C)
    .ARM.Collect$$rtentry$$0000000D          0x08000262   Section        8  __rtentry2.o(.ARM.Collect$$rtentry$$0000000D)
    .ARM.Collect$$rtexit$$00000000           0x0800026a   Section        2  rtexit.o(.ARM.Collect$$rtexit$$00000000)
    .ARM.Collect$$rtexit$$00000002           0x0800026c   Section        0  rtexit2.o(.ARM.Collect$$rtexit$$00000002)
    .ARM.Collect$$rtexit$$00000003           0x0800026c   Section        4  rtexit2.o(.ARM.Collect$$rtexit$$00000003)
    .ARM.Collect$$rtexit$$00000004           0x08000270   Section        6  rtexit2.o(.ARM.Collect$$rtexit$$00000004)
    .text                                    0x08000278   Section       64  startup_stm32f10x_hd.o(.text)
    .text                                    0x080002b8   Section        0  c89vsprintf.o(.text)
    .text                                    0x080002dc   Section        0  _printf_str.o(.text)
    .text                                    0x08000330   Section        0  __printf_flags_ss_wp.o(.text)
    .text                                    0x080004b8   Section        0  strstr.o(.text)
    .text                                    0x080004dc   Section        0  strlen.o(.text)
    .text                                    0x0800051a   Section      138  rt_memcpy_v6.o(.text)
    .text                                    0x080005a4   Section       68  rt_memclr.o(.text)
    .text                                    0x080005e8   Section        0  heapauxi.o(.text)
    .text                                    0x080005ee   Section        0  _printf_pad.o(.text)
    .text                                    0x0800063c   Section        0  _printf_truncate.o(.text)
    .text                                    0x08000660   Section        0  _printf_dec.o(.text)
    .text                                    0x080006d8   Section        0  _printf_charcount.o(.text)
    .text                                    0x08000700   Section        0  _printf_char_common.o(.text)
    _printf_input_char                       0x08000701   Thumb Code    10  _printf_char_common.o(.text)
    .text                                    0x08000730   Section        0  _sputc.o(.text)
    .text                                    0x0800073a   Section        0  _printf_char.o(.text)
    .text                                    0x08000768   Section        0  _printf_wctomb.o(.text)
    .text                                    0x08000824   Section        0  _printf_longlong_dec.o(.text)
    .text                                    0x080008a0   Section        0  _printf_oct_int_ll.o(.text)
    _printf_longlong_oct_internal            0x080008a1   Thumb Code     0  _printf_oct_int_ll.o(.text)
    .text                                    0x08000910   Section        0  _printf_hex_int_ll_ptr.o(.text)
    _printf_hex_common                       0x08000911   Thumb Code     0  _printf_hex_int_ll_ptr.o(.text)
    .text                                    0x080009a4   Section      100  rt_memcpy_w.o(.text)
    .text                                    0x08000a08   Section       78  rt_memclr_w.o(.text)
    .text                                    0x08000a56   Section      138  lludiv10.o(.text)
    .text                                    0x08000ae0   Section        0  _printf_intcommon.o(.text)
    .text                                    0x08000b92   Section        0  _printf_fp_dec.o(.text)
    _fp_digits                               0x08000b95   Thumb Code   428  _printf_fp_dec.o(.text)
    .text                                    0x08000fac   Section        0  _printf_wchar.o(.text)
    .text                                    0x08000fd8   Section        0  _wcrtomb.o(.text)
    .text                                    0x08001018   Section       74  sys_stackheap_outer.o(.text)
    .text                                    0x08001064   Section       16  rt_ctype_table.o(.text)
    .text                                    0x08001074   Section        8  rt_locale_intlibspace.o(.text)
    .text                                    0x0800107c   Section        0  _printf_fp_infnan.o(.text)
    .text                                    0x080010fc   Section        0  bigflt0.o(.text)
    .text                                    0x080011d8   Section        0  exit.o(.text)
    .text                                    0x080011e4   Section        8  libspace.o(.text)
    .text                                    0x080011ec   Section      128  strcmpv7m.o(.text)
    .text                                    0x0800126c   Section        0  sys_exit.o(.text)
    .text                                    0x08001278   Section        2  use_no_semi.o(.text)
    .text                                    0x0800127a   Section        0  indicate_semi.o(.text)
    CL$$btod_d2e                             0x0800127a   Section       62  btod.o(CL$$btod_d2e)
    CL$$btod_d2e_denorm_low                  0x080012b8   Section       70  btod.o(CL$$btod_d2e_denorm_low)
    CL$$btod_d2e_norm_op1                    0x080012fe   Section       96  btod.o(CL$$btod_d2e_norm_op1)
    CL$$btod_div_common                      0x0800135e   Section      824  btod.o(CL$$btod_div_common)
    CL$$btod_e2e                             0x08001696   Section      198  btod.o(CL$$btod_e2e)
    CL$$btod_ediv                            0x0800175c   Section       40  btod.o(CL$$btod_ediv)
    CL$$btod_emul                            0x08001784   Section       40  btod.o(CL$$btod_emul)
    CL$$btod_mult_common                     0x080017ac   Section      580  btod.o(CL$$btod_mult_common)
    i.BusFault_Handler                       0x080019f0   Section        0  stm32f10x_it.o(i.BusFault_Handler)
    i.DebugMon_Handler                       0x080019f2   Section        0  stm32f10x_it.o(i.DebugMon_Handler)
    i.Delay_Init                             0x080019f4   Section        0  delay.o(i.Delay_Init)
    i.Delay_Ms                               0x08001a00   Section        0  delay.o(i.Delay_Ms)
    i.GPIO_Init                              0x08001af8   Section        0  stm32f10x_gpio.o(i.GPIO_Init)
    i.GPIO_ReadInputDataBit                  0x08001c0e   Section        0  stm32f10x_gpio.o(i.GPIO_ReadInputDataBit)
    i.GPIO_WriteBit                          0x08001c20   Section        0  stm32f10x_gpio.o(i.GPIO_WriteBit)
    i.HardFault_Handler                      0x08001c2a   Section        0  stm32f10x_it.o(i.HardFault_Handler)
    i.KEY_Init                               0x08001c2c   Section        0  key.o(i.KEY_Init)
    i.MemManage_Handler                      0x08001c64   Section        0  stm32f10x_it.o(i.MemManage_Handler)
    i.NMI_Handler                            0x08001c66   Section        0  stm32f10x_it.o(i.NMI_Handler)
    i.NVIC_Init                              0x08001c68   Section        0  misc.o(i.NVIC_Init)
    i.NVIC_PriorityGroupConfig               0x08001cd8   Section        0  misc.o(i.NVIC_PriorityGroupConfig)
    i.PendSV_Handler                         0x08001cec   Section        0  stm32f10x_it.o(i.PendSV_Handler)
    i.RCC_APB1PeriphClockCmd                 0x08001cf0   Section        0  stm32f10x_rcc.o(i.RCC_APB1PeriphClockCmd)
    i.RCC_APB1PeriphResetCmd                 0x08001d10   Section        0  stm32f10x_rcc.o(i.RCC_APB1PeriphResetCmd)
    i.RCC_APB2PeriphClockCmd                 0x08001d30   Section        0  stm32f10x_rcc.o(i.RCC_APB2PeriphClockCmd)
    i.RCC_APB2PeriphResetCmd                 0x08001d50   Section        0  stm32f10x_rcc.o(i.RCC_APB2PeriphResetCmd)
    i.RCC_GetClocksFreq                      0x08001d70   Section        0  stm32f10x_rcc.o(i.RCC_GetClocksFreq)
    i.SVC_Handler                            0x08001e44   Section        0  stm32f10x_it.o(i.SVC_Handler)
    i.SetSysClock                            0x08001e46   Section        0  system_stm32f10x.o(i.SetSysClock)
    SetSysClock                              0x08001e47   Thumb Code     8  system_stm32f10x.o(i.SetSysClock)
    i.SetSysClockTo72                        0x08001e50   Section        0  system_stm32f10x.o(i.SetSysClockTo72)
    SetSysClockTo72                          0x08001e51   Thumb Code   214  system_stm32f10x.o(i.SetSysClockTo72)
    i.SysTick_CLKSourceConfig                0x08001f30   Section        0  misc.o(i.SysTick_CLKSourceConfig)
    i.SysTick_Handler                        0x08001f58   Section        0  stm32f10x_it.o(i.SysTick_Handler)
    i.SystemInit                             0x08001f5c   Section        0  system_stm32f10x.o(i.SystemInit)
    i.TIM4_IRQHandler                        0x08001fbc   Section        0  stm32f10x_it.o(i.TIM4_IRQHandler)
    i.TIM4_Init                              0x08002030   Section        0  timer4.o(i.TIM4_Init)
    i.TIM_ClearITPendingBit                  0x080020a0   Section        0  stm32f10x_tim.o(i.TIM_ClearITPendingBit)
    i.TIM_Cmd                                0x080020a6   Section        0  stm32f10x_tim.o(i.TIM_Cmd)
    i.TIM_GetITStatus                        0x080020be   Section        0  stm32f10x_tim.o(i.TIM_GetITStatus)
    i.TIM_ITConfig                           0x080020e0   Section        0  stm32f10x_tim.o(i.TIM_ITConfig)
    i.TIM_SetCounter                         0x080020f2   Section        0  stm32f10x_tim.o(i.TIM_SetCounter)
    i.TIM_TimeBaseInit                       0x080020f8   Section        0  stm32f10x_tim.o(i.TIM_TimeBaseInit)
    i.USART2_IRQHandler                      0x0800219c   Section        0  stm32f10x_it.o(i.USART2_IRQHandler)
    i.USART_ClearFlag                        0x08002218   Section        0  stm32f10x_usart.o(i.USART_ClearFlag)
    i.USART_Cmd                              0x0800222a   Section        0  stm32f10x_usart.o(i.USART_Cmd)
    i.USART_DeInit                           0x08002244   Section        0  stm32f10x_usart.o(i.USART_DeInit)
    i.USART_GetITStatus                      0x080022e0   Section        0  stm32f10x_usart.o(i.USART_GetITStatus)
    i.USART_ITConfig                         0x08002334   Section        0  stm32f10x_usart.o(i.USART_ITConfig)
    i.USART_Init                             0x08002380   Section        0  stm32f10x_usart.o(i.USART_Init)
    i.UsageFault_Handler                     0x08002458   Section        0  stm32f10x_it.o(i.UsageFault_Handler)
    i.Usart1_Init                            0x0800245c   Section        0  usart1.o(i.Usart1_Init)
    i.Usart2_Init                            0x080024dc   Section        0  usart2.o(i.Usart2_Init)
    i.WiFi_ConnectServer                     0x08002594   Section        0  wifi.o(i.WiFi_ConnectServer)
    i.WiFi_Connect_Server                    0x08002b74   Section        0  wifi.o(i.WiFi_Connect_Server)
    i.WiFi_GetIP                             0x08002cb8   Section        0  wifi.o(i.WiFi_GetIP)
    i.WiFi_JoinAP                            0x08002d7c   Section        0  wifi.o(i.WiFi_JoinAP)
    i.WiFi_Reset                             0x08002e2c   Section        0  wifi.o(i.WiFi_Reset)
    i.WiFi_ResetIO_Init                      0x08002e9c   Section        0  wifi.o(i.WiFi_ResetIO_Init)
    i.WiFi_SendCmd                           0x08002ed0   Section        0  wifi.o(i.WiFi_SendCmd)
    i.WiFi_Smartconfig                       0x08002f44   Section        0  wifi.o(i.WiFi_Smartconfig)
    i.WiFi_WaitAP                            0x08002fb0   Section        0  wifi.o(i.WiFi_WaitAP)
    i.__ARM_fpclassify                       0x08003008   Section        0  fpclassify.o(i.__ARM_fpclassify)
    i._is_digit                              0x08003030   Section        0  __printf_wp.o(i._is_digit)
    i.main                                   0x08003040   Section        0  main.o(i.main)
    i.u1_printf                              0x08003144   Section        0  usart1.o(i.u1_printf)
    i.u2_printf                              0x080031a0   Section        0  usart2.o(i.u2_printf)
    locale$$code                             0x080031fc   Section       44  lc_numeric_c.o(locale$$code)
    locale$$code                             0x08003228   Section       44  lc_ctype_c.o(locale$$code)
    x$fpl$printf1                            0x08003254   Section        4  printf1.o(x$fpl$printf1)
    .constdata                               0x08003258   Section       17  __printf_flags_ss_wp.o(.constdata)
    x$fpl$usenofp                            0x08003258   Section        0  usenofp.o(x$fpl$usenofp)
    maptable                                 0x08003258   Data          17  __printf_flags_ss_wp.o(.constdata)
    .constdata                               0x0800326c   Section        8  _printf_wctomb.o(.constdata)
    initial_mbstate                          0x0800326c   Data           8  _printf_wctomb.o(.constdata)
    .constdata                               0x08003274   Section       40  _printf_hex_int_ll_ptr.o(.constdata)
    uc_hextab                                0x08003274   Data          20  _printf_hex_int_ll_ptr.o(.constdata)
    lc_hextab                                0x08003288   Data          20  _printf_hex_int_ll_ptr.o(.constdata)
    .constdata                               0x0800329c   Section      148  bigflt0.o(.constdata)
    tenpwrs_x                                0x0800329c   Data          60  bigflt0.o(.constdata)
    tenpwrs_i                                0x080032d8   Data          64  bigflt0.o(.constdata)
    .conststring                             0x08003330   Section       15  main.o(.conststring)
    locale$$data                             0x08003360   Section       28  lc_numeric_c.o(locale$$data)
    __lcnum_c_name                           0x08003364   Data           2  lc_numeric_c.o(locale$$data)
    __lcnum_c_start                          0x0800336c   Data           0  lc_numeric_c.o(locale$$data)
    __lcnum_c_point                          0x08003378   Data           0  lc_numeric_c.o(locale$$data)
    __lcnum_c_thousands                      0x0800337a   Data           0  lc_numeric_c.o(locale$$data)
    __lcnum_c_grouping                       0x0800337b   Data           0  lc_numeric_c.o(locale$$data)
    locale$$data                             0x0800337c   Section      272  lc_ctype_c.o(locale$$data)
    __lcnum_c_end                            0x0800337c   Data           0  lc_numeric_c.o(locale$$data)
    __lcctype_c_name                         0x08003380   Data           2  lc_ctype_c.o(locale$$data)
    __lcctype_c_start                        0x08003388   Data           0  lc_ctype_c.o(locale$$data)
    __lcctype_c_end                          0x0800348c   Data           0  lc_ctype_c.o(locale$$data)
    .data                                    0x20000000   Section        8  main.o(.data)
    .data                                    0x20000008   Section        8  usart2.o(.data)
    .data                                    0x20000010   Section        2  wifi.o(.data)
    .data                                    0x20000012   Section       20  stm32f10x_rcc.o(.data)
    APBAHBPrescTable                         0x20000012   Data          16  stm32f10x_rcc.o(.data)
    ADCPrescTable                            0x20000022   Data           4  stm32f10x_rcc.o(.data)
    .bss                                     0x20000028   Section     2048  main.o(.bss)
    .bss                                     0x20000828   Section      256  usart1.o(.bss)
    .bss                                     0x20000928   Section     2048  usart2.o(.bss)
    .bss                                     0x20001128   Section       96  libspace.o(.bss)
    HEAP                                     0x20001188   Section      512  startup_stm32f10x_hd.o(HEAP)
    Heap_Mem                                 0x20001188   Data         512  startup_stm32f10x_hd.o(HEAP)
    STACK                                    0x20001388   Section     1024  startup_stm32f10x_hd.o(STACK)
    Stack_Mem                                0x20001388   Data        1024  startup_stm32f10x_hd.o(STACK)
    __initial_sp                             0x20001788   Data           0  startup_stm32f10x_hd.o(STACK)

    Global Symbols

    Symbol Name                              Value     Ov Type        Size  Object(Section)

    BuildAttributes$$THM_ISAv4$P$D$K$B$S$PE$A:L22UL41UL21$X:L11$S22US41US21$IEEE1$IW$USESV6$~STKCKD$USESV7$~SHL$OTIME$ROPI$IEEEJ$EBA8$UX$STANDARDLIB$REQ8$PRES8$EABIv2 0x00000000   Number         0  anon$$obj.o ABSOLUTE
    __ARM_use_no_argv                        0x00000000   Number         0  main.o ABSOLUTE
    _printf_flags                            0x00000000   Number         0  printf_stubs.o ABSOLUTE
    _printf_return_value                     0x00000000   Number         0  printf_stubs.o ABSOLUTE
    _printf_sizespec                         0x00000000   Number         0  printf_stubs.o ABSOLUTE
    _printf_widthprec                        0x00000000   Number         0  printf_stubs.o ABSOLUTE
    __ARM_exceptions_init                     - Undefined Weak Reference
    __alloca_initialize                       - Undefined Weak Reference
    __arm_preinit_                            - Undefined Weak Reference
    __cpp_initialize__aeabi_                  - Undefined Weak Reference
    __cxa_finalize                            - Undefined Weak Reference
    __sigvec_lookup                           - Undefined Weak Reference
    _atexit_init                              - Undefined Weak Reference
    _call_atexit_fns                          - Undefined Weak Reference
    _clock_init                               - Undefined Weak Reference
    _fp_trap_init                             - Undefined Weak Reference
    _fp_trap_shutdown                         - Undefined Weak Reference
    _get_lc_collate                           - Undefined Weak Reference
    _get_lc_monetary                          - Undefined Weak Reference
    _get_lc_time                              - Undefined Weak Reference
    _getenv_init                              - Undefined Weak Reference
    _handle_redirection                       - Undefined Weak Reference
    _init_alloc                               - Undefined Weak Reference
    _init_user_alloc                          - Undefined Weak Reference
    _initio                                   - Undefined Weak Reference
    _printf_fp_hex                            - Undefined Weak Reference
    _printf_mbtowc                            - Undefined Weak Reference
    _printf_wc                                - Undefined Weak Reference
    _rand_init                                - Undefined Weak Reference
    _scanf_int                                - Undefined Weak Reference
    _scanf_longlong                           - Undefined Weak Reference
    _scanf_mbtowc                             - Undefined Weak Reference
    _scanf_real                               - Undefined Weak Reference
    _scanf_wctomb                             - Undefined Weak Reference
    _scanf_wstring                            - Undefined Weak Reference
    _signal_finish                            - Undefined Weak Reference
    _signal_init                              - Undefined Weak Reference
    _terminate_alloc                          - Undefined Weak Reference
    _terminate_user_alloc                     - Undefined Weak Reference
    _terminateio                              - Undefined Weak Reference
    __Vectors_Size                           0x00000130   Number         0  startup_stm32f10x_hd.o ABSOLUTE
    __Vectors                                0x08000000   Data           4  startup_stm32f10x_hd.o(RESET)
    __Vectors_End                            0x08000130   Data           0  startup_stm32f10x_hd.o(RESET)
    __main                                   0x08000131   Thumb Code     8  __main.o(!!!main)
    __scatterload                            0x08000139   Thumb Code     0  __scatter.o(!!!scatter)
    __scatterload_rt2                        0x08000139   Thumb Code    44  __scatter.o(!!!scatter)
    __scatterload_rt2_thumb_only             0x08000139   Thumb Code     0  __scatter.o(!!!scatter)
    __scatterload_null                       0x08000147   Thumb Code     0  __scatter.o(!!!scatter)
    __scatterload_copy                       0x0800016d   Thumb Code    26  __scatter_copy.o(!!handler_copy)
    __scatterload_zeroinit                   0x08000189   Thumb Code    28  __scatter_zi.o(!!handler_zi)
    _printf_n                                0x080001a5   Thumb Code     0  _printf_n.o(.ARM.Collect$$_printf_percent$$00000001)
    _printf_percent                          0x080001a5   Thumb Code     0  _printf_percent.o(.ARM.Collect$$_printf_percent$$00000000)
    _printf_p                                0x080001ab   Thumb Code     0  _printf_p.o(.ARM.Collect$$_printf_percent$$00000002)
    _printf_f                                0x080001b1   Thumb Code     0  _printf_f.o(.ARM.Collect$$_printf_percent$$00000003)
    _printf_e                                0x080001b7   Thumb Code     0  _printf_e.o(.ARM.Collect$$_printf_percent$$00000004)
    _printf_g                                0x080001bd   Thumb Code     0  _printf_g.o(.ARM.Collect$$_printf_percent$$00000005)
    _printf_a                                0x080001c3   Thumb Code     0  _printf_a.o(.ARM.Collect$$_printf_percent$$00000006)
    _printf_ll                               0x080001c9   Thumb Code     0  _printf_ll.o(.ARM.Collect$$_printf_percent$$00000007)
    _printf_i                                0x080001d3   Thumb Code     0  _printf_i.o(.ARM.Collect$$_printf_percent$$00000008)
    _printf_d                                0x080001d9   Thumb Code     0  _printf_d.o(.ARM.Collect$$_printf_percent$$00000009)
    _printf_u                                0x080001df   Thumb Code     0  _printf_u.o(.ARM.Collect$$_printf_percent$$0000000A)
    _printf_o                                0x080001e5   Thumb Code     0  _printf_o.o(.ARM.Collect$$_printf_percent$$0000000B)
    _printf_x                                0x080001eb   Thumb Code     0  _printf_x.o(.ARM.Collect$$_printf_percent$$0000000C)
    _printf_lli                              0x080001f1   Thumb Code     0  _printf_lli.o(.ARM.Collect$$_printf_percent$$0000000D)
    _printf_lld                              0x080001f7   Thumb Code     0  _printf_lld.o(.ARM.Collect$$_printf_percent$$0000000E)
    _printf_llu                              0x080001fd   Thumb Code     0  _printf_llu.o(.ARM.Collect$$_printf_percent$$0000000F)
    _printf_llo                              0x08000203   Thumb Code     0  _printf_llo.o(.ARM.Collect$$_printf_percent$$00000010)
    _printf_llx                              0x08000209   Thumb Code     0  _printf_llx.o(.ARM.Collect$$_printf_percent$$00000011)
    _printf_l                                0x0800020f   Thumb Code     0  _printf_l.o(.ARM.Collect$$_printf_percent$$00000012)
    _printf_c                                0x08000219   Thumb Code     0  _printf_c.o(.ARM.Collect$$_printf_percent$$00000013)
    _printf_s                                0x0800021f   Thumb Code     0  _printf_s.o(.ARM.Collect$$_printf_percent$$00000014)
    _printf_lc                               0x08000225   Thumb Code     0  _printf_lc.o(.ARM.Collect$$_printf_percent$$00000015)
    _printf_ls                               0x0800022b   Thumb Code     0  _printf_ls.o(.ARM.Collect$$_printf_percent$$00000016)
    _printf_percent_end                      0x08000231   Thumb Code     0  _printf_percent_end.o(.ARM.Collect$$_printf_percent$$00000017)
    __rt_lib_init                            0x08000235   Thumb Code     0  libinit.o(.ARM.Collect$$libinit$$00000000)
    __rt_lib_init_fp_1                       0x08000237   Thumb Code     0  libinit2.o(.ARM.Collect$$libinit$$00000002)
    __rt_lib_init_heap_1                     0x08000237   Thumb Code     0  libinit2.o(.ARM.Collect$$libinit$$0000000A)
    __rt_lib_init_lc_common                  0x08000237   Thumb Code     0  libinit2.o(.ARM.Collect$$libinit$$0000000F)
    __rt_lib_init_preinit_1                  0x08000237   Thumb Code     0  libinit2.o(.ARM.Collect$$libinit$$00000004)
    __rt_lib_init_rand_1                     0x08000237   Thumb Code     0  libinit2.o(.ARM.Collect$$libinit$$0000000E)
    __rt_lib_init_user_alloc_1               0x08000237   Thumb Code     0  libinit2.o(.ARM.Collect$$libinit$$0000000C)
    __rt_lib_init_lc_collate_1               0x0800023d   Thumb Code     0  libinit2.o(.ARM.Collect$$libinit$$00000011)
    __rt_lib_init_lc_ctype_2                 0x0800023d   Thumb Code     0  libinit2.o(.ARM.Collect$$libinit$$00000012)
    __rt_lib_init_lc_ctype_1                 0x08000249   Thumb Code     0  libinit2.o(.ARM.Collect$$libinit$$00000013)
    __rt_lib_init_lc_monetary_1              0x08000249   Thumb Code     0  libinit2.o(.ARM.Collect$$libinit$$00000015)
    __rt_lib_init_lc_numeric_2               0x08000249   Thumb Code     0  libinit2.o(.ARM.Collect$$libinit$$00000016)
    __rt_lib_init_alloca_1                   0x08000253   Thumb Code     0  libinit2.o(.ARM.Collect$$libinit$$0000002E)
    __rt_lib_init_argv_1                     0x08000253   Thumb Code     0  libinit2.o(.ARM.Collect$$libinit$$0000002C)
    __rt_lib_init_atexit_1                   0x08000253   Thumb Code     0  libinit2.o(.ARM.Collect$$libinit$$0000001B)
    __rt_lib_init_clock_1                    0x08000253   Thumb Code     0  libinit2.o(.ARM.Collect$$libinit$$00000021)
    __rt_lib_init_cpp_1                      0x08000253   Thumb Code     0  libinit2.o(.ARM.Collect$$libinit$$00000032)
    __rt_lib_init_exceptions_1               0x08000253   Thumb Code     0  libinit2.o(.ARM.Collect$$libinit$$00000030)
    __rt_lib_init_fp_trap_1                  0x08000253   Thumb Code     0  libinit2.o(.ARM.Collect$$libinit$$0000001F)
    __rt_lib_init_getenv_1                   0x08000253   Thumb Code     0  libinit2.o(.ARM.Collect$$libinit$$00000023)
    __rt_lib_init_lc_numeric_1               0x08000253   Thumb Code     0  libinit2.o(.ARM.Collect$$libinit$$00000017)
    __rt_lib_init_lc_time_1                  0x08000253   Thumb Code     0  libinit2.o(.ARM.Collect$$libinit$$00000019)
    __rt_lib_init_return                     0x08000253   Thumb Code     0  libinit2.o(.ARM.Collect$$libinit$$00000033)
    __rt_lib_init_signal_1                   0x08000253   Thumb Code     0  libinit2.o(.ARM.Collect$$libinit$$0000001D)
    __rt_lib_init_stdio_1                    0x08000253   Thumb Code     0  libinit2.o(.ARM.Collect$$libinit$$00000025)
    __rt_lib_shutdown                        0x08000255   Thumb Code     0  libshutdown.o(.ARM.Collect$$libshutdown$$00000000)
    __rt_lib_shutdown_fp_trap_1              0x08000257   Thumb Code     0  libshutdown2.o(.ARM.Collect$$libshutdown$$00000006)
    __rt_lib_shutdown_heap_1                 0x08000257   Thumb Code     0  libshutdown2.o(.ARM.Collect$$libshutdown$$0000000E)
    __rt_lib_shutdown_return                 0x08000257   Thumb Code     0  libshutdown2.o(.ARM.Collect$$libshutdown$$0000000F)
    __rt_lib_shutdown_signal_1               0x08000257   Thumb Code     0  libshutdown2.o(.ARM.Collect$$libshutdown$$00000009)
    __rt_lib_shutdown_stdio_1                0x08000257   Thumb Code     0  libshutdown2.o(.ARM.Collect$$libshutdown$$00000003)
    __rt_lib_shutdown_user_alloc_1           0x08000257   Thumb Code     0  libshutdown2.o(.ARM.Collect$$libshutdown$$0000000B)
    __rt_entry                               0x08000259   Thumb Code     0  __rtentry.o(.ARM.Collect$$rtentry$$00000000)
    __rt_entry_presh_1                       0x08000259   Thumb Code     0  __rtentry2.o(.ARM.Collect$$rtentry$$00000002)
    __rt_entry_sh                            0x08000259   Thumb Code     0  __rtentry4.o(.ARM.Collect$$rtentry$$00000004)
    __rt_entry_li                            0x0800025f   Thumb Code     0  __rtentry2.o(.ARM.Collect$$rtentry$$0000000A)
    __rt_entry_postsh_1                      0x0800025f   Thumb Code     0  __rtentry2.o(.ARM.Collect$$rtentry$$00000009)
    __rt_entry_main                          0x08000263   Thumb Code     0  __rtentry2.o(.ARM.Collect$$rtentry$$0000000D)
    __rt_entry_postli_1                      0x08000263   Thumb Code     0  __rtentry2.o(.ARM.Collect$$rtentry$$0000000C)
    __rt_exit                                0x0800026b   Thumb Code     0  rtexit.o(.ARM.Collect$$rtexit$$00000000)
    __rt_exit_ls                             0x0800026d   Thumb Code     0  rtexit2.o(.ARM.Collect$$rtexit$$00000003)
    __rt_exit_prels_1                        0x0800026d   Thumb Code     0  rtexit2.o(.ARM.Collect$$rtexit$$00000002)
    __rt_exit_exit                           0x08000271   Thumb Code     0  rtexit2.o(.ARM.Collect$$rtexit$$00000004)
    Reset_Handler                            0x08000279   Thumb Code     8  startup_stm32f10x_hd.o(.text)
    ADC1_2_IRQHandler                        0x08000293   Thumb Code     0  startup_stm32f10x_hd.o(.text)
    ADC3_IRQHandler                          0x08000293   Thumb Code     0  startup_stm32f10x_hd.o(.text)
    CAN1_RX1_IRQHandler                      0x08000293   Thumb Code     0  startup_stm32f10x_hd.o(.text)
    CAN1_SCE_IRQHandler                      0x08000293   Thumb Code     0  startup_stm32f10x_hd.o(.text)
    DMA1_Channel1_IRQHandler                 0x08000293   Thumb Code     0  startup_stm32f10x_hd.o(.text)
    DMA1_Channel2_IRQHandler                 0x08000293   Thumb Code     0  startup_stm32f10x_hd.o(.text)
    DMA1_Channel3_IRQHandler                 0x08000293   Thumb Code     0  startup_stm32f10x_hd.o(.text)
    DMA1_Channel4_IRQHandler                 0x08000293   Thumb Code     0  startup_stm32f10x_hd.o(.text)
    DMA1_Channel5_IRQHandler                 0x08000293   Thumb Code     0  startup_stm32f10x_hd.o(.text)
    DMA1_Channel6_IRQHandler                 0x08000293   Thumb Code     0  startup_stm32f10x_hd.o(.text)
    DMA1_Channel7_IRQHandler                 0x08000293   Thumb Code     0  startup_stm32f10x_hd.o(.text)
    DMA2_Channel1_IRQHandler                 0x08000293   Thumb Code     0  startup_stm32f10x_hd.o(.text)
    DMA2_Channel2_IRQHandler                 0x08000293   Thumb Code     0  startup_stm32f10x_hd.o(.text)
    DMA2_Channel3_IRQHandler                 0x08000293   Thumb Code     0  startup_stm32f10x_hd.o(.text)
    DMA2_Channel4_5_IRQHandler               0x08000293   Thumb Code     0  startup_stm32f10x_hd.o(.text)
    EXTI0_IRQHandler                         0x08000293   Thumb Code     0  startup_stm32f10x_hd.o(.text)
    EXTI15_10_IRQHandler                     0x08000293   Thumb Code     0  startup_stm32f10x_hd.o(.text)
    EXTI1_IRQHandler                         0x08000293   Thumb Code     0  startup_stm32f10x_hd.o(.text)
    EXTI2_IRQHandler                         0x08000293   Thumb Code     0  startup_stm32f10x_hd.o(.text)
    EXTI3_IRQHandler                         0x08000293   Thumb Code     0  startup_stm32f10x_hd.o(.text)
    EXTI4_IRQHandler                         0x08000293   Thumb Code     0  startup_stm32f10x_hd.o(.text)
    EXTI9_5_IRQHandler                       0x08000293   Thumb Code     0  startup_stm32f10x_hd.o(.text)
    FLASH_IRQHandler                         0x08000293   Thumb Code     0  startup_stm32f10x_hd.o(.text)
    FSMC_IRQHandler                          0x08000293   Thumb Code     0  startup_stm32f10x_hd.o(.text)
    I2C1_ER_IRQHandler                       0x08000293   Thumb Code     0  startup_stm32f10x_hd.o(.text)
    I2C1_EV_IRQHandler                       0x08000293   Thumb Code     0  startup_stm32f10x_hd.o(.text)
    I2C2_ER_IRQHandler                       0x08000293   Thumb Code     0  startup_stm32f10x_hd.o(.text)
    I2C2_EV_IRQHandler                       0x08000293   Thumb Code     0  startup_stm32f10x_hd.o(.text)
    PVD_IRQHandler                           0x08000293   Thumb Code     0  startup_stm32f10x_hd.o(.text)
    RCC_IRQHandler                           0x08000293   Thumb Code     0  startup_stm32f10x_hd.o(.text)
    RTCAlarm_IRQHandler                      0x08000293   Thumb Code     0  startup_stm32f10x_hd.o(.text)
    RTC_IRQHandler                           0x08000293   Thumb Code     0  startup_stm32f10x_hd.o(.text)
    SDIO_IRQHandler                          0x08000293   Thumb Code     0  startup_stm32f10x_hd.o(.text)
    SPI1_IRQHandler                          0x08000293   Thumb Code     0  startup_stm32f10x_hd.o(.text)
    SPI2_IRQHandler                          0x08000293   Thumb Code     0  startup_stm32f10x_hd.o(.text)
    SPI3_IRQHandler                          0x08000293   Thumb Code     0  startup_stm32f10x_hd.o(.text)
    TAMPER_IRQHandler                        0x08000293   Thumb Code     0  startup_stm32f10x_hd.o(.text)
    TIM1_BRK_IRQHandler                      0x08000293   Thumb Code     0  startup_stm32f10x_hd.o(.text)
    TIM1_CC_IRQHandler                       0x08000293   Thumb Code     0  startup_stm32f10x_hd.o(.text)
    TIM1_TRG_COM_IRQHandler                  0x08000293   Thumb Code     0  startup_stm32f10x_hd.o(.text)
    TIM1_UP_IRQHandler                       0x08000293   Thumb Code     0  startup_stm32f10x_hd.o(.text)
    TIM2_IRQHandler                          0x08000293   Thumb Code     0  startup_stm32f10x_hd.o(.text)
    TIM3_IRQHandler                          0x08000293   Thumb Code     0  startup_stm32f10x_hd.o(.text)
    TIM5_IRQHandler                          0x08000293   Thumb Code     0  startup_stm32f10x_hd.o(.text)
    TIM6_IRQHandler                          0x08000293   Thumb Code     0  startup_stm32f10x_hd.o(.text)
    TIM7_IRQHandler                          0x08000293   Thumb Code     0  startup_stm32f10x_hd.o(.text)
    TIM8_BRK_IRQHandler                      0x08000293   Thumb Code     0  startup_stm32f10x_hd.o(.text)
    TIM8_CC_IRQHandler                       0x08000293   Thumb Code     0  startup_stm32f10x_hd.o(.text)
    TIM8_TRG_COM_IRQHandler                  0x08000293   Thumb Code     0  startup_stm32f10x_hd.o(.text)
    TIM8_UP_IRQHandler                       0x08000293   Thumb Code     0  startup_stm32f10x_hd.o(.text)
    UART4_IRQHandler                         0x08000293   Thumb Code     0  startup_stm32f10x_hd.o(.text)
    UART5_IRQHandler                         0x08000293   Thumb Code     0  startup_stm32f10x_hd.o(.text)
    USART1_IRQHandler                        0x08000293   Thumb Code     0  startup_stm32f10x_hd.o(.text)
    USART3_IRQHandler                        0x08000293   Thumb Code     0  startup_stm32f10x_hd.o(.text)
    USBWakeUp_IRQHandler                     0x08000293   Thumb Code     0  startup_stm32f10x_hd.o(.text)
    USB_HP_CAN1_TX_IRQHandler                0x08000293   Thumb Code     0  startup_stm32f10x_hd.o(.text)
    USB_LP_CAN1_RX0_IRQHandler               0x08000293   Thumb Code     0  startup_stm32f10x_hd.o(.text)
    WWDG_IRQHandler                          0x08000293   Thumb Code     0  startup_stm32f10x_hd.o(.text)
    __user_initial_stackheap                 0x08000295   Thumb Code     0  startup_stm32f10x_hd.o(.text)
    __c89vsprintf                            0x080002b9   Thumb Code    32  c89vsprintf.o(.text)
    _printf_str                              0x080002dd   Thumb Code    82  _printf_str.o(.text)
    __printf                                 0x08000331   Thumb Code   388  __printf_flags_ss_wp.o(.text)
    strstr                                   0x080004b9   Thumb Code    36  strstr.o(.text)
    strlen                                   0x080004dd   Thumb Code    62  strlen.o(.text)
    __aeabi_memcpy                           0x0800051b   Thumb Code     0  rt_memcpy_v6.o(.text)
    __rt_memcpy                              0x0800051b   Thumb Code   138  rt_memcpy_v6.o(.text)
    _memcpy_lastbytes                        0x08000581   Thumb Code     0  rt_memcpy_v6.o(.text)
    __aeabi_memclr                           0x080005a5   Thumb Code     0  rt_memclr.o(.text)
    __rt_memclr                              0x080005a5   Thumb Code    68  rt_memclr.o(.text)
    _memset                                  0x080005a9   Thumb Code     0  rt_memclr.o(.text)
    __use_two_region_memory                  0x080005e9   Thumb Code     2  heapauxi.o(.text)
    __rt_heap_escrow$2region                 0x080005eb   Thumb Code     2  heapauxi.o(.text)
    __rt_heap_expand$2region                 0x080005ed   Thumb Code     2  heapauxi.o(.text)
    _printf_pre_padding                      0x080005ef   Thumb Code    44  _printf_pad.o(.text)
    _printf_post_padding                     0x0800061b   Thumb Code    34  _printf_pad.o(.text)
    _printf_truncate_signed                  0x0800063d   Thumb Code    18  _printf_truncate.o(.text)
    _printf_truncate_unsigned                0x0800064f   Thumb Code    18  _printf_truncate.o(.text)
    _printf_int_dec                          0x08000661   Thumb Code   104  _printf_dec.o(.text)
    _printf_charcount                        0x080006d9   Thumb Code    40  _printf_charcount.o(.text)
    _printf_char_common                      0x0800070b   Thumb Code    32  _printf_char_common.o(.text)
    _sputc                                   0x08000731   Thumb Code    10  _sputc.o(.text)
    _printf_cs_common                        0x0800073b   Thumb Code    20  _printf_char.o(.text)
    _printf_char                             0x0800074f   Thumb Code    16  _printf_char.o(.text)
    _printf_string                           0x0800075f   Thumb Code     8  _printf_char.o(.text)
    _printf_wctomb                           0x08000769   Thumb Code   182  _printf_wctomb.o(.text)
    _printf_longlong_dec                     0x08000825   Thumb Code   108  _printf_longlong_dec.o(.text)
    _printf_longlong_oct                     0x080008a1   Thumb Code    68  _printf_oct_int_ll.o(.text)
    _printf_int_oct                          0x080008e5   Thumb Code    24  _printf_oct_int_ll.o(.text)
    _printf_ll_oct                           0x080008fd   Thumb Code    12  _printf_oct_int_ll.o(.text)
    _printf_longlong_hex                     0x08000911   Thumb Code    86  _printf_hex_int_ll_ptr.o(.text)
    _printf_int_hex                          0x08000967   Thumb Code    28  _printf_hex_int_ll_ptr.o(.text)
    _printf_ll_hex                           0x08000983   Thumb Code    12  _printf_hex_int_ll_ptr.o(.text)
    _printf_hex_ptr                          0x0800098f   Thumb Code    18  _printf_hex_int_ll_ptr.o(.text)
    __aeabi_memcpy4                          0x080009a5   Thumb Code     0  rt_memcpy_w.o(.text)
    __aeabi_memcpy8                          0x080009a5   Thumb Code     0  rt_memcpy_w.o(.text)
    __rt_memcpy_w                            0x080009a5   Thumb Code   100  rt_memcpy_w.o(.text)
    _memcpy_lastbytes_aligned                0x080009ed   Thumb Code     0  rt_memcpy_w.o(.text)
    __aeabi_memclr4                          0x08000a09   Thumb Code     0  rt_memclr_w.o(.text)
    __aeabi_memclr8                          0x08000a09   Thumb Code     0  rt_memclr_w.o(.text)
    __rt_memclr_w                            0x08000a09   Thumb Code    78  rt_memclr_w.o(.text)
    _memset_w                                0x08000a0d   Thumb Code     0  rt_memclr_w.o(.text)
    _ll_udiv10                               0x08000a57   Thumb Code   138  lludiv10.o(.text)
    _printf_int_common                       0x08000ae1   Thumb Code   178  _printf_intcommon.o(.text)
    __lib_sel_fp_printf                      0x08000b93   Thumb Code     2  _printf_fp_dec.o(.text)
    _printf_fp_dec_real                      0x08000d41   Thumb Code   620  _printf_fp_dec.o(.text)
    _printf_lcs_common                       0x08000fad   Thumb Code    20  _printf_wchar.o(.text)
    _printf_wchar                            0x08000fc1   Thumb Code    16  _printf_wchar.o(.text)
    _printf_wstring                          0x08000fd1   Thumb Code     8  _printf_wchar.o(.text)
    _wcrtomb                                 0x08000fd9   Thumb Code    64  _wcrtomb.o(.text)
    __user_setup_stackheap                   0x08001019   Thumb Code    74  sys_stackheap_outer.o(.text)
    __rt_ctype_table                         0x08001065   Thumb Code    16  rt_ctype_table.o(.text)
    __rt_locale                              0x08001075   Thumb Code     8  rt_locale_intlibspace.o(.text)
    _printf_fp_infnan                        0x0800107d   Thumb Code   112  _printf_fp_infnan.o(.text)
    _btod_etento                             0x080010fd   Thumb Code   216  bigflt0.o(.text)
    exit                                     0x080011d9   Thumb Code    12  exit.o(.text)
    __user_libspace                          0x080011e5   Thumb Code     8  libspace.o(.text)
    __user_perproc_libspace                  0x080011e5   Thumb Code     0  libspace.o(.text)
    __user_perthread_libspace                0x080011e5   Thumb Code     0  libspace.o(.text)
    strcmp                                   0x080011ed   Thumb Code   128  strcmpv7m.o(.text)
    _sys_exit                                0x0800126d   Thumb Code     8  sys_exit.o(.text)
    __I$use$semihosting                      0x08001279   Thumb Code     0  use_no_semi.o(.text)
    __use_no_semihosting_swi                 0x08001279   Thumb Code     2  use_no_semi.o(.text)
    __semihosting_library_function           0x0800127b   Thumb Code     0  indicate_semi.o(.text)
    _btod_d2e                                0x0800127b   Thumb Code    62  btod.o(CL$$btod_d2e)
    _d2e_denorm_low                          0x080012b9   Thumb Code    70  btod.o(CL$$btod_d2e_denorm_low)
    _d2e_norm_op1                            0x080012ff   Thumb Code    96  btod.o(CL$$btod_d2e_norm_op1)
    __btod_div_common                        0x0800135f   Thumb Code   696  btod.o(CL$$btod_div_common)
    _e2e                                     0x08001697   Thumb Code   198  btod.o(CL$$btod_e2e)
    _btod_ediv                               0x0800175d   Thumb Code    40  btod.o(CL$$btod_ediv)
    _btod_emul                               0x08001785   Thumb Code    40  btod.o(CL$$btod_emul)
    __btod_mult_common                       0x080017ad   Thumb Code   580  btod.o(CL$$btod_mult_common)
    BusFault_Handler                         0x080019f1   Thumb Code     2  stm32f10x_it.o(i.BusFault_Handler)
    DebugMon_Handler                         0x080019f3   Thumb Code     2  stm32f10x_it.o(i.DebugMon_Handler)
    Delay_Init                               0x080019f5   Thumb Code    12  delay.o(i.Delay_Init)
    Delay_Ms                                 0x08001a01   Thumb Code   242  delay.o(i.Delay_Ms)
    GPIO_Init                                0x08001af9   Thumb Code   278  stm32f10x_gpio.o(i.GPIO_Init)
    GPIO_ReadInputDataBit                    0x08001c0f   Thumb Code    18  stm32f10x_gpio.o(i.GPIO_ReadInputDataBit)
    GPIO_WriteBit                            0x08001c21   Thumb Code    10  stm32f10x_gpio.o(i.GPIO_WriteBit)
    HardFault_Handler                        0x08001c2b   Thumb Code     2  stm32f10x_it.o(i.HardFault_Handler)
    KEY_Init                                 0x08001c2d   Thumb Code    52  key.o(i.KEY_Init)
    MemManage_Handler                        0x08001c65   Thumb Code     2  stm32f10x_it.o(i.MemManage_Handler)
    NMI_Handler                              0x08001c67   Thumb Code     2  stm32f10x_it.o(i.NMI_Handler)
    NVIC_Init                                0x08001c69   Thumb Code   100  misc.o(i.NVIC_Init)
    NVIC_PriorityGroupConfig                 0x08001cd9   Thumb Code    10  misc.o(i.NVIC_PriorityGroupConfig)
    PendSV_Handler                           0x08001ced   Thumb Code     2  stm32f10x_it.o(i.PendSV_Handler)
    RCC_APB1PeriphClockCmd                   0x08001cf1   Thumb Code    26  stm32f10x_rcc.o(i.RCC_APB1PeriphClockCmd)
    RCC_APB1PeriphResetCmd                   0x08001d11   Thumb Code    26  stm32f10x_rcc.o(i.RCC_APB1PeriphResetCmd)
    RCC_APB2PeriphClockCmd                   0x08001d31   Thumb Code    26  stm32f10x_rcc.o(i.RCC_APB2PeriphClockCmd)
    RCC_APB2PeriphResetCmd                   0x08001d51   Thumb Code    26  stm32f10x_rcc.o(i.RCC_APB2PeriphResetCmd)
    RCC_GetClocksFreq                        0x08001d71   Thumb Code   192  stm32f10x_rcc.o(i.RCC_GetClocksFreq)
    SVC_Handler                              0x08001e45   Thumb Code     2  stm32f10x_it.o(i.SVC_Handler)
    SysTick_CLKSourceConfig                  0x08001f31   Thumb Code    40  misc.o(i.SysTick_CLKSourceConfig)
    SysTick_Handler                          0x08001f59   Thumb Code     2  stm32f10x_it.o(i.SysTick_Handler)
    SystemInit                               0x08001f5d   Thumb Code    78  system_stm32f10x.o(i.SystemInit)
    TIM4_IRQHandler                          0x08001fbd   Thumb Code    94  stm32f10x_it.o(i.TIM4_IRQHandler)
    TIM4_Init                                0x08002031   Thumb Code   106  timer4.o(i.TIM4_Init)
    TIM_ClearITPendingBit                    0x080020a1   Thumb Code     6  stm32f10x_tim.o(i.TIM_ClearITPendingBit)
    TIM_Cmd                                  0x080020a7   Thumb Code    24  stm32f10x_tim.o(i.TIM_Cmd)
    TIM_GetITStatus                          0x080020bf   Thumb Code    34  stm32f10x_tim.o(i.TIM_GetITStatus)
    TIM_ITConfig                             0x080020e1   Thumb Code    18  stm32f10x_tim.o(i.TIM_ITConfig)
    TIM_SetCounter                           0x080020f3   Thumb Code     4  stm32f10x_tim.o(i.TIM_SetCounter)
    TIM_TimeBaseInit                         0x080020f9   Thumb Code   122  stm32f10x_tim.o(i.TIM_TimeBaseInit)
    USART2_IRQHandler                        0x0800219d   Thumb Code   104  stm32f10x_it.o(i.USART2_IRQHandler)
    USART_ClearFlag                          0x08002219   Thumb Code    18  stm32f10x_usart.o(i.USART_ClearFlag)
    USART_Cmd                                0x0800222b   Thumb Code    24  stm32f10x_usart.o(i.USART_Cmd)
    USART_DeInit                             0x08002245   Thumb Code   134  stm32f10x_usart.o(i.USART_DeInit)
    USART_GetITStatus                        0x080022e1   Thumb Code    84  stm32f10x_usart.o(i.USART_GetITStatus)
    USART_ITConfig                           0x08002335   Thumb Code    74  stm32f10x_usart.o(i.USART_ITConfig)
    USART_Init                               0x08002381   Thumb Code   210  stm32f10x_usart.o(i.USART_Init)
    UsageFault_Handler                       0x08002459   Thumb Code     2  stm32f10x_it.o(i.UsageFault_Handler)
    Usart1_Init                              0x0800245d   Thumb Code   118  usart1.o(i.Usart1_Init)
    Usart2_Init                              0x080024dd   Thumb Code   176  usart2.o(i.Usart2_Init)
    WiFi_ConnectServer                       0x08002595   Thumb Code  1482  wifi.o(i.WiFi_ConnectServer)
    WiFi_Connect_Server                      0x08002b75   Thumb Code   192  wifi.o(i.WiFi_Connect_Server)
    WiFi_GetIP                               0x08002cb9   Thumb Code   140  wifi.o(i.WiFi_GetIP)
    WiFi_JoinAP                              0x08002d7d   Thumb Code    88  wifi.o(i.WiFi_JoinAP)
    WiFi_Reset                               0x08002e2d   Thumb Code    88  wifi.o(i.WiFi_Reset)
    WiFi_ResetIO_Init                        0x08002e9d   Thumb Code    48  wifi.o(i.WiFi_ResetIO_Init)
    WiFi_SendCmd                             0x08002ed1   Thumb Code    86  wifi.o(i.WiFi_SendCmd)
    WiFi_Smartconfig                         0x08002f45   Thumb Code    78  wifi.o(i.WiFi_Smartconfig)
    WiFi_WaitAP                              0x08002fb1   Thumb Code    62  wifi.o(i.WiFi_WaitAP)
    __ARM_fpclassify                         0x08003009   Thumb Code    40  fpclassify.o(i.__ARM_fpclassify)
    _is_digit                                0x08003031   Thumb Code    14  __printf_wp.o(i._is_digit)
    main                                     0x08003041   Thumb Code   154  main.o(i.main)
    u1_printf                                0x08003145   Thumb Code    84  usart1.o(i.u1_printf)
    u2_printf                                0x080031a1   Thumb Code    84  usart2.o(i.u2_printf)
    _get_lc_numeric                          0x080031fd   Thumb Code    44  lc_numeric_c.o(locale$$code)
    _get_lc_ctype                            0x08003229   Thumb Code    44  lc_ctype_c.o(locale$$code)
    _printf_fp_dec                           0x08003255   Thumb Code     4  printf1.o(x$fpl$printf1)
    __I$use$fp                               0x08003258   Number         0  usenofp.o(x$fpl$usenofp)
    Region$$Table$$Base                      0x08003340   Number         0  anon$$obj.o(Region$$Table)
    Region$$Table$$Limit                     0x08003360   Number         0  anon$$obj.o(Region$$Table)
    __ctype                                  0x08003389   Data           0  lc_ctype_c.o(locale$$data)
    ServerIP                                 0x20000000   Data           4  main.o(.data)
    ServerPort                               0x20000004   Data           4  main.o(.data)
    Usart2_RxCompleted                       0x20000008   Data           1  usart2.o(.data)
    Usart2_RxCounter                         0x2000000c   Data           4  usart2.o(.data)
    wifi_mode                                0x20000010   Data           1  wifi.o(.data)
    Connect_flag                             0x20000011   Data           1  wifi.o(.data)
    Data_buff                                0x20000028   Data        2048  main.o(.bss)
    Usart1_TxBuff                            0x20000828   Data         256  usart1.o(.bss)
    Usart2_RxBuff                            0x20000928   Data        1024  usart2.o(.bss)
    USART2_TxBuff                            0x20000d28   Data        1024  usart2.o(.bss)
    __libspace_start                         0x20001128   Data          96  libspace.o(.bss)
    __temporary_stack_top$libspace           0x20001188   Data           0  libspace.o(.bss)



==============================================================================

Memory Map of the image

  Image Entry point : 0x08000279

  Load Region LR_1 (Base: 0x08000000, Size: 0x000034b4, Max: 0xffffffff, ABSOLUTE)

    Execution Region ER_RO (Base: 0x08000000, Size: 0x0000348c, Max: 0xffffffff, ABSOLUTE)

    Base Addr    Size         Type   Attr      Idx    E Section Name        Object

    0x08000000   0x00000130   Data   RO          472    RESET               startup_stm32f10x_hd.o
    0x08000130   0x00000008   Code   RO         1657  * !!!main             c_w.l(__main.o)
    0x08000138   0x00000034   Code   RO         1954    !!!scatter          c_w.l(__scatter.o)
    0x0800016c   0x0000001a   Code   RO         1956    !!handler_copy      c_w.l(__scatter_copy.o)
    0x08000186   0x00000002   PAD
    0x08000188   0x0000001c   Code   RO         1958    !!handler_zi        c_w.l(__scatter_zi.o)
    0x080001a4   0x00000000   Code   RO         1642    .ARM.Collect$$_printf_percent$$00000000  c_w.l(_printf_percent.o)
    0x080001a4   0x00000006   Code   RO         1707    .ARM.Collect$$_printf_percent$$00000001  c_w.l(_printf_n.o)
    0x080001aa   0x00000006   Code   RO         1709    .ARM.Collect$$_printf_percent$$00000002  c_w.l(_printf_p.o)
    0x080001b0   0x00000006   Code   RO         1714    .ARM.Collect$$_printf_percent$$00000003  c_w.l(_printf_f.o)
    0x080001b6   0x00000006   Code   RO         1715    .ARM.Collect$$_printf_percent$$00000004  c_w.l(_printf_e.o)
    0x080001bc   0x00000006   Code   RO         1716    .ARM.Collect$$_printf_percent$$00000005  c_w.l(_printf_g.o)
    0x080001c2   0x00000006   Code   RO         1717    .ARM.Collect$$_printf_percent$$00000006  c_w.l(_printf_a.o)
    0x080001c8   0x0000000a   Code   RO         1722    .ARM.Collect$$_printf_percent$$00000007  c_w.l(_printf_ll.o)
    0x080001d2   0x00000006   Code   RO         1711    .ARM.Collect$$_printf_percent$$00000008  c_w.l(_printf_i.o)
    0x080001d8   0x00000006   Code   RO         1712    .ARM.Collect$$_printf_percent$$00000009  c_w.l(_printf_d.o)
    0x080001de   0x00000006   Code   RO         1713    .ARM.Collect$$_printf_percent$$0000000A  c_w.l(_printf_u.o)
    0x080001e4   0x00000006   Code   RO         1710    .ARM.Collect$$_printf_percent$$0000000B  c_w.l(_printf_o.o)
    0x080001ea   0x00000006   Code   RO         1708    .ARM.Collect$$_printf_percent$$0000000C  c_w.l(_printf_x.o)
    0x080001f0   0x00000006   Code   RO         1719    .ARM.Collect$$_printf_percent$$0000000D  c_w.l(_printf_lli.o)
    0x080001f6   0x00000006   Code   RO         1720    .ARM.Collect$$_printf_percent$$0000000E  c_w.l(_printf_lld.o)
    0x080001fc   0x00000006   Code   RO         1721    .ARM.Collect$$_printf_percent$$0000000F  c_w.l(_printf_llu.o)
    0x08000202   0x00000006   Code   RO         1726    .ARM.Collect$$_printf_percent$$00000010  c_w.l(_printf_llo.o)
    0x08000208   0x00000006   Code   RO         1727    .ARM.Collect$$_printf_percent$$00000011  c_w.l(_printf_llx.o)
    0x0800020e   0x0000000a   Code   RO         1723    .ARM.Collect$$_printf_percent$$00000012  c_w.l(_printf_l.o)
    0x08000218   0x00000006   Code   RO         1706    .ARM.Collect$$_printf_percent$$00000013  c_w.l(_printf_c.o)
    0x0800021e   0x00000006   Code   RO         1641    .ARM.Collect$$_printf_percent$$00000014  c_w.l(_printf_s.o)
    0x08000224   0x00000006   Code   RO         1724    .ARM.Collect$$_printf_percent$$00000015  c_w.l(_printf_lc.o)
    0x0800022a   0x00000006   Code   RO         1725    .ARM.Collect$$_printf_percent$$00000016  c_w.l(_printf_ls.o)
    0x08000230   0x00000004   Code   RO         1718    .ARM.Collect$$_printf_percent$$00000017  c_w.l(_printf_percent_end.o)
    0x08000234   0x00000002   Code   RO         1815    .ARM.Collect$$libinit$$00000000  c_w.l(libinit.o)
    0x08000236   0x00000000   Code   RO         1832    .ARM.Collect$$libinit$$00000002  c_w.l(libinit2.o)
    0x08000236   0x00000000   Code   RO         1834    .ARM.Collect$$libinit$$00000004  c_w.l(libinit2.o)
    0x08000236   0x00000000   Code   RO         1837    .ARM.Collect$$libinit$$0000000A  c_w.l(libinit2.o)
    0x08000236   0x00000000   Code   RO         1839    .ARM.Collect$$libinit$$0000000C  c_w.l(libinit2.o)
    0x08000236   0x00000000   Code   RO         1841    .ARM.Collect$$libinit$$0000000E  c_w.l(libinit2.o)
    0x08000236   0x00000006   Code   RO         1842    .ARM.Collect$$libinit$$0000000F  c_w.l(libinit2.o)
    0x0800023c   0x00000000   Code   RO         1844    .ARM.Collect$$libinit$$00000011  c_w.l(libinit2.o)
    0x0800023c   0x0000000c   Code   RO         1845    .ARM.Collect$$libinit$$00000012  c_w.l(libinit2.o)
    0x08000248   0x00000000   Code   RO         1846    .ARM.Collect$$libinit$$00000013  c_w.l(libinit2.o)
    0x08000248   0x00000000   Code   RO         1848    .ARM.Collect$$libinit$$00000015  c_w.l(libinit2.o)
    0x08000248   0x0000000a   Code   RO         1849    .ARM.Collect$$libinit$$00000016  c_w.l(libinit2.o)
    0x08000252   0x00000000   Code   RO         1850    .ARM.Collect$$libinit$$00000017  c_w.l(libinit2.o)
    0x08000252   0x00000000   Code   RO         1852    .ARM.Collect$$libinit$$00000019  c_w.l(libinit2.o)
    0x08000252   0x00000000   Code   RO         1854    .ARM.Collect$$libinit$$0000001B  c_w.l(libinit2.o)
    0x08000252   0x00000000   Code   RO         1856    .ARM.Collect$$libinit$$0000001D  c_w.l(libinit2.o)
    0x08000252   0x00000000   Code   RO         1858    .ARM.Collect$$libinit$$0000001F  c_w.l(libinit2.o)
    0x08000252   0x00000000   Code   RO         1860    .ARM.Collect$$libinit$$00000021  c_w.l(libinit2.o)
    0x08000252   0x00000000   Code   RO         1862    .ARM.Collect$$libinit$$00000023  c_w.l(libinit2.o)
    0x08000252   0x00000000   Code   RO         1864    .ARM.Collect$$libinit$$00000025  c_w.l(libinit2.o)
    0x08000252   0x00000000   Code   RO         1868    .ARM.Collect$$libinit$$0000002C  c_w.l(libinit2.o)
    0x08000252   0x00000000   Code   RO         1870    .ARM.Collect$$libinit$$0000002E  c_w.l(libinit2.o)
    0x08000252   0x00000000   Code   RO         1872    .ARM.Collect$$libinit$$00000030  c_w.l(libinit2.o)
    0x08000252   0x00000000   Code   RO         1874    .ARM.Collect$$libinit$$00000032  c_w.l(libinit2.o)
    0x08000252   0x00000002   Code   RO         1875    .ARM.Collect$$libinit$$00000033  c_w.l(libinit2.o)
    0x08000254   0x00000002   Code   RO         1895    .ARM.Collect$$libshutdown$$00000000  c_w.l(libshutdown.o)
    0x08000256   0x00000000   Code   RO         1909    .ARM.Collect$$libshutdown$$00000003  c_w.l(libshutdown2.o)
    0x08000256   0x00000000   Code   RO         1912    .ARM.Collect$$libshutdown$$00000006  c_w.l(libshutdown2.o)
    0x08000256   0x00000000   Code   RO         1915    .ARM.Collect$$libshutdown$$00000009  c_w.l(libshutdown2.o)
    0x08000256   0x00000000   Code   RO         1917    .ARM.Collect$$libshutdown$$0000000B  c_w.l(libshutdown2.o)
    0x08000256   0x00000000   Code   RO         1920    .ARM.Collect$$libshutdown$$0000000E  c_w.l(libshutdown2.o)
    0x08000256   0x00000002   Code   RO         1921    .ARM.Collect$$libshutdown$$0000000F  c_w.l(libshutdown2.o)
    0x08000258   0x00000000   Code   RO         1659    .ARM.Collect$$rtentry$$00000000  c_w.l(__rtentry.o)
    0x08000258   0x00000000   Code   RO         1739    .ARM.Collect$$rtentry$$00000002  c_w.l(__rtentry2.o)
    0x08000258   0x00000006   Code   RO         1751    .ARM.Collect$$rtentry$$00000004  c_w.l(__rtentry4.o)
    0x0800025e   0x00000000   Code   RO         1741    .ARM.Collect$$rtentry$$00000009  c_w.l(__rtentry2.o)
    0x0800025e   0x00000004   Code   RO         1742    .ARM.Collect$$rtentry$$0000000A  c_w.l(__rtentry2.o)
    0x08000262   0x00000000   Code   RO         1744    .ARM.Collect$$rtentry$$0000000C  c_w.l(__rtentry2.o)
    0x08000262   0x00000008   Code   RO         1745    .ARM.Collect$$rtentry$$0000000D  c_w.l(__rtentry2.o)
    0x0800026a   0x00000002   Code   RO         1824    .ARM.Collect$$rtexit$$00000000  c_w.l(rtexit.o)
    0x0800026c   0x00000000   Code   RO         1877    .ARM.Collect$$rtexit$$00000002  c_w.l(rtexit2.o)
    0x0800026c   0x00000004   Code   RO         1878    .ARM.Collect$$rtexit$$00000003  c_w.l(rtexit2.o)
    0x08000270   0x00000006   Code   RO         1879    .ARM.Collect$$rtexit$$00000004  c_w.l(rtexit2.o)
    0x08000276   0x00000002   PAD
    0x08000278   0x00000040   Code   RO          473  * .text               startup_stm32f10x_hd.o
    0x080002b8   0x00000024   Code   RO         1611    .text               c_w.l(c89vsprintf.o)
    0x080002dc   0x00000052   Code   RO         1619    .text               c_w.l(_printf_str.o)
    0x0800032e   0x00000002   PAD
    0x08000330   0x00000188   Code   RO         1638    .text               c_w.l(__printf_flags_ss_wp.o)
    0x080004b8   0x00000024   Code   RO         1647    .text               c_w.l(strstr.o)
    0x080004dc   0x0000003e   Code   RO         1649    .text               c_w.l(strlen.o)
    0x0800051a   0x0000008a   Code   RO         1651    .text               c_w.l(rt_memcpy_v6.o)
    0x080005a4   0x00000044   Code   RO         1653    .text               c_w.l(rt_memclr.o)
    0x080005e8   0x00000006   Code   RO         1655    .text               c_w.l(heapauxi.o)
    0x080005ee   0x0000004e   Code   RO         1660    .text               c_w.l(_printf_pad.o)
    0x0800063c   0x00000024   Code   RO         1662    .text               c_w.l(_printf_truncate.o)
    0x08000660   0x00000078   Code   RO         1664    .text               c_w.l(_printf_dec.o)
    0x080006d8   0x00000028   Code   RO         1666    .text               c_w.l(_printf_charcount.o)
    0x08000700   0x00000030   Code   RO         1668    .text               c_w.l(_printf_char_common.o)
    0x08000730   0x0000000a   Code   RO         1670    .text               c_w.l(_sputc.o)
    0x0800073a   0x0000002c   Code   RO         1672    .text               c_w.l(_printf_char.o)
    0x08000766   0x00000002   PAD
    0x08000768   0x000000bc   Code   RO         1674    .text               c_w.l(_printf_wctomb.o)
    0x08000824   0x0000007c   Code   RO         1677    .text               c_w.l(_printf_longlong_dec.o)
    0x080008a0   0x00000070   Code   RO         1683    .text               c_w.l(_printf_oct_int_ll.o)
    0x08000910   0x00000094   Code   RO         1703    .text               c_w.l(_printf_hex_int_ll_ptr.o)
    0x080009a4   0x00000064   Code   RO         1732    .text               c_w.l(rt_memcpy_w.o)
    0x08000a08   0x0000004e   Code   RO         1734    .text               c_w.l(rt_memclr_w.o)
    0x08000a56   0x0000008a   Code   RO         1753    .text               c_w.l(lludiv10.o)
    0x08000ae0   0x000000b2   Code   RO         1757    .text               c_w.l(_printf_intcommon.o)
    0x08000b92   0x0000041a   Code   RO         1759    .text               c_w.l(_printf_fp_dec.o)
    0x08000fac   0x0000002c   Code   RO         1763    .text               c_w.l(_printf_wchar.o)
    0x08000fd8   0x00000040   Code   RO         1767    .text               c_w.l(_wcrtomb.o)
    0x08001018   0x0000004a   Code   RO         1769    .text               c_w.l(sys_stackheap_outer.o)
    0x08001062   0x00000002   PAD
    0x08001064   0x00000010   Code   RO         1771    .text               c_w.l(rt_ctype_table.o)
    0x08001074   0x00000008   Code   RO         1776    .text               c_w.l(rt_locale_intlibspace.o)
    0x0800107c   0x00000080   Code   RO         1778    .text               c_w.l(_printf_fp_infnan.o)
    0x080010fc   0x000000dc   Code   RO         1780    .text               c_w.l(bigflt0.o)
    0x080011d8   0x0000000c   Code   RO         1808    .text               c_w.l(exit.o)
    0x080011e4   0x00000008   Code   RO         1821    .text               c_w.l(libspace.o)
    0x080011ec   0x00000080   Code   RO         1829    .text               c_w.l(strcmpv7m.o)
    0x0800126c   0x0000000c   Code   RO         1887    .text               c_w.l(sys_exit.o)
    0x08001278   0x00000002   Code   RO         1898    .text               c_w.l(use_no_semi.o)
    0x0800127a   0x00000000   Code   RO         1900    .text               c_w.l(indicate_semi.o)
    0x0800127a   0x0000003e   Code   RO         1783    CL$$btod_d2e        c_w.l(btod.o)
    0x080012b8   0x00000046   Code   RO         1785    CL$$btod_d2e_denorm_low  c_w.l(btod.o)
    0x080012fe   0x00000060   Code   RO         1784    CL$$btod_d2e_norm_op1  c_w.l(btod.o)
    0x0800135e   0x00000338   Code   RO         1793    CL$$btod_div_common  c_w.l(btod.o)
    0x08001696   0x000000c6   Code   RO         1790    CL$$btod_e2e        c_w.l(btod.o)
    0x0800175c   0x00000028   Code   RO         1787    CL$$btod_ediv       c_w.l(btod.o)
    0x08001784   0x00000028   Code   RO         1786    CL$$btod_emul       c_w.l(btod.o)
    0x080017ac   0x00000244   Code   RO         1792    CL$$btod_mult_common  c_w.l(btod.o)
    0x080019f0   0x00000002   Code   RO          207    i.BusFault_Handler  stm32f10x_it.o
    0x080019f2   0x00000002   Code   RO          208    i.DebugMon_Handler  stm32f10x_it.o
    0x080019f4   0x0000000c   Code   RO          140    i.Delay_Init        delay.o
    0x08001a00   0x000000f8   Code   RO          141    i.Delay_Ms          delay.o
    0x08001af8   0x00000116   Code   RO         1447    i.GPIO_Init         stm32f10x_gpio.o
    0x08001c0e   0x00000012   Code   RO         1451    i.GPIO_ReadInputDataBit  stm32f10x_gpio.o
    0x08001c20   0x0000000a   Code   RO         1458    i.GPIO_WriteBit     stm32f10x_gpio.o
    0x08001c2a   0x00000002   Code   RO          209    i.HardFault_Handler  stm32f10x_it.o
    0x08001c2c   0x00000038   Code   RO          402    i.KEY_Init          key.o
    0x08001c64   0x00000002   Code   RO          210    i.MemManage_Handler  stm32f10x_it.o
    0x08001c66   0x00000002   Code   RO          211    i.NMI_Handler       stm32f10x_it.o
    0x08001c68   0x00000070   Code   RO          477    i.NVIC_Init         misc.o
    0x08001cd8   0x00000014   Code   RO          478    i.NVIC_PriorityGroupConfig  misc.o
    0x08001cec   0x00000002   Code   RO          212    i.PendSV_Handler    stm32f10x_it.o
    0x08001cee   0x00000002   PAD
    0x08001cf0   0x00000020   Code   RO          515    i.RCC_APB1PeriphClockCmd  stm32f10x_rcc.o
    0x08001d10   0x00000020   Code   RO          516    i.RCC_APB1PeriphResetCmd  stm32f10x_rcc.o
    0x08001d30   0x00000020   Code   RO          517    i.RCC_APB2PeriphClockCmd  stm32f10x_rcc.o
    0x08001d50   0x00000020   Code   RO          518    i.RCC_APB2PeriphResetCmd  stm32f10x_rcc.o
    0x08001d70   0x000000d4   Code   RO          525    i.RCC_GetClocksFreq  stm32f10x_rcc.o
    0x08001e44   0x00000002   Code   RO          213    i.SVC_Handler       stm32f10x_it.o
    0x08001e46   0x00000008   Code   RO          436    i.SetSysClock       system_stm32f10x.o
    0x08001e4e   0x00000002   PAD
    0x08001e50   0x000000e0   Code   RO          437    i.SetSysClockTo72   system_stm32f10x.o
    0x08001f30   0x00000028   Code   RO          481    i.SysTick_CLKSourceConfig  misc.o
    0x08001f58   0x00000002   Code   RO          214    i.SysTick_Handler   stm32f10x_it.o
    0x08001f5a   0x00000002   PAD
    0x08001f5c   0x00000060   Code   RO          439    i.SystemInit        system_stm32f10x.o
    0x08001fbc   0x00000074   Code   RO          215    i.TIM4_IRQHandler   stm32f10x_it.o
    0x08002030   0x00000070   Code   RO          192    i.TIM4_Init         timer4.o
    0x080020a0   0x00000006   Code   RO          724    i.TIM_ClearITPendingBit  stm32f10x_tim.o
    0x080020a6   0x00000018   Code   RO          729    i.TIM_Cmd           stm32f10x_tim.o
    0x080020be   0x00000022   Code   RO          750    i.TIM_GetITStatus   stm32f10x_tim.o
    0x080020e0   0x00000012   Code   RO          754    i.TIM_ITConfig      stm32f10x_tim.o
    0x080020f2   0x00000004   Code   RO          794    i.TIM_SetCounter    stm32f10x_tim.o
    0x080020f6   0x00000002   PAD
    0x080020f8   0x000000a4   Code   RO          800    i.TIM_TimeBaseInit  stm32f10x_tim.o
    0x0800219c   0x0000007c   Code   RO          216    i.USART2_IRQHandler  stm32f10x_it.o
    0x08002218   0x00000012   Code   RO         1261    i.USART_ClearFlag   stm32f10x_usart.o
    0x0800222a   0x00000018   Code   RO         1265    i.USART_Cmd         stm32f10x_usart.o
    0x08002242   0x00000002   PAD
    0x08002244   0x0000009c   Code   RO         1267    i.USART_DeInit      stm32f10x_usart.o
    0x080022e0   0x00000054   Code   RO         1269    i.USART_GetITStatus  stm32f10x_usart.o
    0x08002334   0x0000004a   Code   RO         1271    i.USART_ITConfig    stm32f10x_usart.o
    0x0800237e   0x00000002   PAD
    0x08002380   0x000000d8   Code   RO         1272    i.USART_Init        stm32f10x_usart.o
    0x08002458   0x00000002   Code   RO          217    i.UsageFault_Handler  stm32f10x_it.o
    0x0800245a   0x00000002   PAD
    0x0800245c   0x00000080   Code   RO          164    i.Usart1_Init       usart1.o
    0x080024dc   0x000000b8   Code   RO          286    i.Usart2_Init       usart2.o
    0x08002594   0x000005e0   Code   RO          317    i.WiFi_ConnectServer  wifi.o
    0x08002b74   0x00000144   Code   RO          318    i.WiFi_Connect_Server  wifi.o
    0x08002cb8   0x000000c4   Code   RO          319    i.WiFi_GetIP        wifi.o
    0x08002d7c   0x000000b0   Code   RO          322    i.WiFi_JoinAP       wifi.o
    0x08002e2c   0x00000070   Code   RO          323    i.WiFi_Reset        wifi.o
    0x08002e9c   0x00000034   Code   RO          324    i.WiFi_ResetIO_Init  wifi.o
    0x08002ed0   0x00000074   Code   RO          325    i.WiFi_SendCmd      wifi.o
    0x08002f44   0x0000006c   Code   RO          327    i.WiFi_Smartconfig  wifi.o
    0x08002fb0   0x00000058   Code   RO          328    i.WiFi_WaitAP       wifi.o
    0x08003008   0x00000028   Code   RO         1819    i.__ARM_fpclassify  m_ws.l(fpclassify.o)
    0x08003030   0x0000000e   Code   RO         1631    i._is_digit         c_w.l(__printf_wp.o)
    0x0800303e   0x00000002   PAD
    0x08003040   0x00000104   Code   RO            1    i.main              main.o
    0x08003144   0x0000005c   Code   RO          165    i.u1_printf         usart1.o
    0x080031a0   0x0000005c   Code   RO          288    i.u2_printf         usart2.o
    0x080031fc   0x0000002c   Code   RO         1806    locale$$code        c_w.l(lc_numeric_c.o)
    0x08003228   0x0000002c   Code   RO         1827    locale$$code        c_w.l(lc_ctype_c.o)
    0x08003254   0x00000004   Code   RO         1736    x$fpl$printf1       fz_ws.l(printf1.o)
    0x08003258   0x00000000   Code   RO         1818    x$fpl$usenofp       fz_ws.l(usenofp.o)
    0x08003258   0x00000011   Data   RO         1639    .constdata          c_w.l(__printf_flags_ss_wp.o)
    0x08003269   0x00000003   PAD
    0x0800326c   0x00000008   Data   RO         1675    .constdata          c_w.l(_printf_wctomb.o)
    0x08003274   0x00000028   Data   RO         1704    .constdata          c_w.l(_printf_hex_int_ll_ptr.o)
    0x0800329c   0x00000094   Data   RO         1781    .constdata          c_w.l(bigflt0.o)
    0x08003330   0x0000000f   Data   RO            3    .conststring        main.o
    0x0800333f   0x00000001   PAD
    0x08003340   0x00000020   Data   RO         1952    Region$$Table       anon$$obj.o
    0x08003360   0x0000001c   Data   RO         1805    locale$$data        c_w.l(lc_numeric_c.o)
    0x0800337c   0x00000110   Data   RO         1826    locale$$data        c_w.l(lc_ctype_c.o)


    Execution Region ER_RW (Base: 0x20000000, Size: 0x00000028, Max: 0xffffffff, ABSOLUTE)

    Base Addr    Size         Type   Attr      Idx    E Section Name        Object

    0x20000000   0x00000008   Data   RW            4    .data               main.o
    0x20000008   0x00000008   Data   RW          290    .data               usart2.o
    0x20000010   0x00000002   Data   RW          329    .data               wifi.o
    0x20000012   0x00000014   Data   RW          545    .data               stm32f10x_rcc.o


    Execution Region ER_ZI (Base: 0x20000028, Size: 0x00001760, Max: 0xffffffff, ABSOLUTE)

    Base Addr    Size         Type   Attr      Idx    E Section Name        Object

    0x20000028   0x00000800   Zero   RW            2    .bss                main.o
    0x20000828   0x00000100   Zero   RW          166    .bss                usart1.o
    0x20000928   0x00000800   Zero   RW          289    .bss                usart2.o
    0x20001128   0x00000060   Zero   RW         1822    .bss                c_w.l(libspace.o)
    0x20001188   0x00000200   Zero   RW          471    HEAP                startup_stm32f10x_hd.o
    0x20001388   0x00000400   Zero   RW          470    STACK               startup_stm32f10x_hd.o


==============================================================================

Image component sizes


      Code (inc. data)   RO Data    RW Data    ZI Data      Debug   Object Name

         0          0          0          0          0         32   core_cm3.o
       260          6          0          0          0       1392   delay.o
        56          4          0          0          0        599   key.o
       260        106         15          8       2048     254867   main.o
       172         22          0          0          0       2385   misc.o
        64         26        304          0       1536        872   startup_stm32f10x_hd.o
       306          0          0          0          0       3472   stm32f10x_gpio.o
       258         42          0          0          0       6184   stm32f10x_it.o
       340         44          0         20          0       6180   stm32f10x_rcc.o
       250         42          0          0          0       4663   stm32f10x_tim.o
       572         28          0          0          0       6147   stm32f10x_usart.o
       328         28          0          0          0       2297   system_stm32f10x.o
       112          6          0          0          0        764   timer4.o
       220         18          0          0        256       2866   usart1.o
       276         16          0          8       2048       2592   usart2.o
      2676       1414          0          2          0       7332   wifi.o

    ----------------------------------------------------------------------
      6164       1802        352         40       5888     302644   Object Totals
         0          0         32          0          0          0   (incl. Generated)
        14          0          1          2          0          0   (incl. Padding)

    ----------------------------------------------------------------------

      Code (inc. data)   RO Data    RW Data    ZI Data      Debug   Library Member Name

         8          0          0          0          0         68   __main.o
       392          4         17          0          0         92   __printf_flags_ss_wp.o
        14          0          0          0          0         68   __printf_wp.o
         0          0          0          0          0          0   __rtentry.o
        12          0          0          0          0          0   __rtentry2.o
         6          0          0          0          0          0   __rtentry4.o
        52          8          0          0          0          0   __scatter.o
        26          0          0          0          0          0   __scatter_copy.o
        28          0          0          0          0          0   __scatter_zi.o
         6          0          0          0          0          0   _printf_a.o
         6          0          0          0          0          0   _printf_c.o
        44          0          0          0          0        108   _printf_char.o
        48          6          0          0          0         96   _printf_char_common.o
        40          0          0          0          0         68   _printf_charcount.o
         6          0          0          0          0          0   _printf_d.o
       120         16          0          0          0         92   _printf_dec.o
         6          0          0          0          0          0   _printf_e.o
         6          0          0          0          0          0   _printf_f.o
      1050          0          0          0          0        216   _printf_fp_dec.o
       128         16          0          0          0         84   _printf_fp_infnan.o
         6          0          0          0          0          0   _printf_g.o
       148          4         40          0          0        160   _printf_hex_int_ll_ptr.o
         6          0          0          0          0          0   _printf_i.o
       178          0          0          0          0         88   _printf_intcommon.o
        10          0          0          0          0          0   _printf_l.o
         6          0          0          0          0          0   _printf_lc.o
        10          0          0          0          0          0   _printf_ll.o
         6          0          0          0          0          0   _printf_lld.o
         6          0          0          0          0          0   _printf_lli.o
         6          0          0          0          0          0   _printf_llo.o
         6          0          0          0          0          0   _printf_llu.o
         6          0          0          0          0          0   _printf_llx.o
       124         16          0          0          0         92   _printf_longlong_dec.o
         6          0          0          0          0          0   _printf_ls.o
         6          0          0          0          0          0   _printf_n.o
         6          0          0          0          0          0   _printf_o.o
       112          8          0          0          0        124   _printf_oct_int_ll.o
         6          0          0          0          0          0   _printf_p.o
        78          0          0          0          0        108   _printf_pad.o
         0          0          0          0          0          0   _printf_percent.o
         4          0          0          0          0          0   _printf_percent_end.o
         6          0          0          0          0          0   _printf_s.o
        82          0          0          0          0         80   _printf_str.o
        36          0          0          0          0         84   _printf_truncate.o
         6          0          0          0          0          0   _printf_u.o
        44          0          0          0          0        108   _printf_wchar.o
       188          6          8          0          0         92   _printf_wctomb.o
         6          0          0          0          0          0   _printf_x.o
        10          0          0          0          0         68   _sputc.o
        64          0          0          0          0         92   _wcrtomb.o
       220          4        148          0          0         96   bigflt0.o
      1910        128          0          0          0        672   btod.o
        36          4          0          0          0         76   c89vsprintf.o
        12          0          0          0          0         72   exit.o
         6          0          0          0          0        152   heapauxi.o
         0          0          0          0          0          0   indicate_semi.o
        44         10        272          0          0         76   lc_ctype_c.o
        44         10         28          0          0         76   lc_numeric_c.o
         2          0          0          0          0          0   libinit.o
        30          0          0          0          0          0   libinit2.o
         2          0          0          0          0          0   libshutdown.o
         2          0          0          0          0          0   libshutdown2.o
         8          4          0          0         96         68   libspace.o
       138          0          0          0          0         80   lludiv10.o
        16          4          0          0          0         76   rt_ctype_table.o
         8          4          0          0          0         68   rt_locale_intlibspace.o
        68          0          0          0          0         68   rt_memclr.o
        78          0          0          0          0         80   rt_memclr_w.o
       138          0          0          0          0         68   rt_memcpy_v6.o
       100          0          0          0          0         80   rt_memcpy_w.o
         2          0          0          0          0          0   rtexit.o
        10          0          0          0          0          0   rtexit2.o
       128          0          0          0          0         68   strcmpv7m.o
        62          0          0          0          0         76   strlen.o
        36          0          0          0          0         80   strstr.o
        12          4          0          0          0         68   sys_exit.o
        74          0          0          0          0         80   sys_stackheap_outer.o
         2          0          0          0          0         68   use_no_semi.o
         4          0          0          0          0         68   printf1.o
         0          0          0          0          0          0   usenofp.o
        40          0          0          0          0         68   fpclassify.o

    ----------------------------------------------------------------------
      6420        256        516          0         96       4372   Library Totals
        12          0          3          0          0          0   (incl. Padding)

    ----------------------------------------------------------------------

      Code (inc. data)   RO Data    RW Data    ZI Data      Debug   Library Name

      6364        256        513          0         96       4236   c_w.l
         4          0          0          0          0         68   fz_ws.l
        40          0          0          0          0         68   m_ws.l

    ----------------------------------------------------------------------
      6420        256        516          0         96       4372   Library Totals

    ----------------------------------------------------------------------

==============================================================================


      Code (inc. data)   RO Data    RW Data    ZI Data      Debug   

     12584       2058        868         40       5984     301916   Grand Totals
     12584       2058        868         40       5984     301916   ELF Image Totals
     12584       2058        868         40          0          0   ROM Totals

==============================================================================

    Total RO  Size (Code + RO Data)                13452 (  13.14kB)
    Total RW  Size (RW Data + ZI Data)              6024 (   5.88kB)
    Total ROM Size (Code + RO Data + RW Data)      13492 (  13.18kB)

==============================================================================

