Component: ARM Compiler 5.05 update 1 (build 106) Tool: armlink [4d0efa]

==============================================================================

Section Cross References

    main.o(i.main) refers to delay.o(i.Delay_Init) for Delay_Init
    main.o(i.main) refers to usart1.o(i.Usart1_Init) for Usart1_Init
    main.o(i.main) refers to usart2.o(i.Usart2_Init) for Usart2_Init
    main.o(i.main) refers to timer4.o(i.TIM4_Init) for TIM4_Init
    main.o(i.main) refers to led.o(i.LED_Init) for LED_Init
    main.o(i.main) refers to key.o(i.KEY_Init) for KEY_Init
    main.o(i.main) refers to iic.o(i.IIC_Init) for IIC_Init
    main.o(i.main) refers to wifi.o(i.WiFi_ResetIO_Init) for WiFi_ResetIO_Init
    main.o(i.main) refers to wifi.o(i.WiFi_Init) for WiFi_Init
    main.o(i.main) refers to usart1.o(i.u1_printf) for u1_printf
    main.o(i.main) refers to timer2.o(i.TIM2_ENABLE_3S) for TIM2_ENABLE_3S
    main.o(i.main) refers to stm32f10x_tim.o(i.TIM_Cmd) for TIM_Cmd
    main.o(i.main) refers to strstr.o(.text) for strstr
    main.o(i.main) refers to stm32f10x_gpio.o(i.GPIO_SetBits) for GPIO_SetBits
    main.o(i.main) refers to stm32f10x_gpio.o(i.GPIO_ResetBits) for GPIO_ResetBits
    main.o(i.main) refers to wifi.o(i.WiFi_Close) for WiFi_Close
    main.o(i.main) refers to wifi.o(i.WiFi_Connect_Server) for WiFi_Connect_Server
    main.o(i.main) refers to rt_memclr.o(.text) for __aeabi_memclr
    main.o(i.main) refers to onenet_http.o(i.OneNet_GET) for OneNet_GET
    main.o(i.main) refers to usart2.o(i.u2_printf) for u2_printf
    main.o(i.main) refers to timer3.o(i.TIM3_ENABLE_5S) for TIM3_ENABLE_5S
    main.o(i.main) refers to main.o(.data) for r_flag
    main.o(i.main) refers to usart2.o(.data) for Usart2_RxCompleted
    main.o(i.main) refers to onenet_http.o(.bss) for RXbuff
    main.o(i.main) refers to wifi.o(.data) for Connect_flag
    main.o(i.main) refers to usart2.o(.bss) for Usart2_RxBuff
    delay.o(i.Delay_Init) refers to misc.o(i.SysTick_CLKSourceConfig) for SysTick_CLKSourceConfig
    usart1.o(i.Usart1_Init) refers to stm32f10x_rcc.o(i.RCC_APB2PeriphClockCmd) for RCC_APB2PeriphClockCmd
    usart1.o(i.Usart1_Init) refers to stm32f10x_gpio.o(i.GPIO_Init) for GPIO_Init
    usart1.o(i.Usart1_Init) refers to stm32f10x_usart.o(i.USART_Init) for USART_Init
    usart1.o(i.Usart1_Init) refers to stm32f10x_usart.o(i.USART_Cmd) for USART_Cmd
    usart1.o(i.u1_printf) refers to c89vsprintf.o(.text) for __c89vsprintf
    usart1.o(i.u1_printf) refers to strlen.o(.text) for strlen
    usart1.o(i.u1_printf) refers to usart1.o(.bss) for Usart1_TxBuff
    timer4.o(i.TIM4_Init) refers to misc.o(i.NVIC_PriorityGroupConfig) for NVIC_PriorityGroupConfig
    timer4.o(i.TIM4_Init) refers to stm32f10x_rcc.o(i.RCC_APB1PeriphClockCmd) for RCC_APB1PeriphClockCmd
    timer4.o(i.TIM4_Init) refers to stm32f10x_tim.o(i.TIM_TimeBaseInit) for TIM_TimeBaseInit
    timer4.o(i.TIM4_Init) refers to stm32f10x_tim.o(i.TIM_ClearITPendingBit) for TIM_ClearITPendingBit
    timer4.o(i.TIM4_Init) refers to stm32f10x_tim.o(i.TIM_ITConfig) for TIM_ITConfig
    timer4.o(i.TIM4_Init) refers to stm32f10x_tim.o(i.TIM_Cmd) for TIM_Cmd
    timer4.o(i.TIM4_Init) refers to misc.o(i.NVIC_Init) for NVIC_Init
    stm32f10x_it.o(i.TIM2_IRQHandler) refers to stm32f10x_tim.o(i.TIM_GetITStatus) for TIM_GetITStatus
    stm32f10x_it.o(i.TIM2_IRQHandler) refers to stm32f10x_tim.o(i.TIM_Cmd) for TIM_Cmd
    stm32f10x_it.o(i.TIM2_IRQHandler) refers to stm32f10x_tim.o(i.TIM_ClearITPendingBit) for TIM_ClearITPendingBit
    stm32f10x_it.o(i.TIM2_IRQHandler) refers to main.o(.data) for s_flag
    stm32f10x_it.o(i.TIM3_IRQHandler) refers to stm32f10x_tim.o(i.TIM_GetITStatus) for TIM_GetITStatus
    stm32f10x_it.o(i.TIM3_IRQHandler) refers to stm32f10x_tim.o(i.TIM_Cmd) for TIM_Cmd
    stm32f10x_it.o(i.TIM3_IRQHandler) refers to stm32f10x_tim.o(i.TIM_ClearITPendingBit) for TIM_ClearITPendingBit
    stm32f10x_it.o(i.TIM3_IRQHandler) refers to main.o(.data) for r_flag
    stm32f10x_it.o(i.TIM4_IRQHandler) refers to stm32f10x_tim.o(i.TIM_GetITStatus) for TIM_GetITStatus
    stm32f10x_it.o(i.TIM4_IRQHandler) refers to usart1.o(i.u1_printf) for u1_printf
    stm32f10x_it.o(i.TIM4_IRQHandler) refers to rt_memcpy_v6.o(.text) for __aeabi_memcpy
    stm32f10x_it.o(i.TIM4_IRQHandler) refers to stm32f10x_tim.o(i.TIM_Cmd) for TIM_Cmd
    stm32f10x_it.o(i.TIM4_IRQHandler) refers to stm32f10x_tim.o(i.TIM_SetCounter) for TIM_SetCounter
    stm32f10x_it.o(i.TIM4_IRQHandler) refers to stm32f10x_tim.o(i.TIM_ClearITPendingBit) for TIM_ClearITPendingBit
    stm32f10x_it.o(i.TIM4_IRQHandler) refers to usart2.o(.data) for Usart2_RxCompleted
    stm32f10x_it.o(i.TIM4_IRQHandler) refers to usart2.o(.bss) for Usart2_RxBuff
    stm32f10x_it.o(i.TIM4_IRQHandler) refers to onenet_http.o(.bss) for RXbuff
    stm32f10x_it.o(i.USART2_IRQHandler) refers to stm32f10x_usart.o(i.USART_GetITStatus) for USART_GetITStatus
[...]
    .ARM.Collect$$_printf_percent$$00000008  0x080001d2   Section        6  _printf_i.o(.ARM.Collect$$_printf_percent$$00000008)
    .ARM.Collect$$_printf_percent$$00000009  0x080001d8   Section        6  _printf_d.o(.ARM.Collect$$_printf_percent$$00000009)
    .ARM.Collect$$_printf_percent$$0000000A  0x080001de   Section        6  _printf_u.o(.ARM.Collect$$_printf_percent$$0000000A)
    .ARM.Collect$$_printf_percent$$0000000B  0x080001e4   Section        6  _printf_o.o(.ARM.Collect$$_printf_percent$$0000000B)
    .ARM.Collect$$_printf_percent$$0000000C  0x080001ea   Section        6  _printf_x.o(.ARM.Collect$$_printf_percent$$0000000C)
    .ARM.Collect$$_printf_percent$$0000000D  0x080001f0   Section        6  _printf_lli.o(.ARM.Collect$$_printf_percent$$0000000D)
    .ARM.Collect$$_printf_percent$$0000000E  0x080001f6   Section        6  _printf_lld.o(.ARM.Collect$$_printf_percent$$0000000E)
    .ARM.Collect$$_printf_percent$$0000000F  0x080001fc   Section        6  _printf_llu.o(.ARM.Collect$$_printf_percent$$0000000F)
    .ARM.Collect$$_printf_percent$$00000010  0x08000202   Section        6  _printf_llo.o(.ARM.Collect$$_printf_percent$$00000010)
    .ARM.Collect$$_printf_percent$$00000011  0x08000208   Section        6  _printf_llx.o(.ARM.Collect$$_printf_percent$$00000011)
    .ARM.Collect$$_printf_percent$$00000012  0x0800020e   Section       10  _printf_l.o(.ARM.Collect$$_printf_percent$$00000012)
    .ARM.Collect$$_printf_percent$$00000013  0x08000218   Section        6  _printf_c.o(.ARM.Collect$$_printf_percent$$00000013)
    .ARM.Collect$$_printf_percent$$00000014  0x0800021e   Section        6  _printf_s.o(.ARM.Collect$$_printf_percent$$00000014)
    .ARM.Collect$$_printf_percent$$00000015  0x08000224   Section        6  _printf_lc.o(.ARM.Collect$$_printf_percent$$00000015)
    .ARM.Collect$$_printf_percent$$00000016  0x0800022a   Section        6  _printf_ls.o(.ARM.Collect$$_printf_percent$$00000016)
    .ARM.Collect$$_printf_percent$$00000017  0x08000230   Section        4  _printf_percent_end.o(.ARM.Collect$$_printf_percent$$00000017)
    .ARM.Collect$$libinit$$00000000          0x08000234   Section        2  libinit.o(.ARM.Collect$$libinit$$00000000)
    .ARM.Collect$$libinit$$00000002          0x08000236   Section        0  libinit2.o(.ARM.Collect$$libinit$$00000002)
    .ARM.Collect$$libinit$$00000004          0x08000236   Section        0  libinit2.o(.ARM.Collect$$libinit$$00000004)
    .ARM.Collect$$libinit$$0000000A          0x08000236   Section        0  libinit2.o(.ARM.Collect$$libinit$$0000000A)
    .ARM.Collect$$libinit$$0000000C          0x08000236   Section        0  libinit2.o(.ARM.Collect$$libinit$$0000000C)
    .ARM.Collect$$libinit$$0000000E          0x08000236   Section        0  libinit2.o(.ARM.Collect$$libinit$$0000000E)
    .ARM.Collect$$libinit$$0000000F          0x08000236   Section        6  libinit2.o(.ARM.Collect$$libinit$$0000000F)
    .ARM.Collect$$libinit$$00000011          0x0800023c   Section        0  libinit2.o(.ARM.Collect$$libinit$$00000011)
    .ARM.Collect$$libinit$$00000012          0x0800023c   Section       12  libinit2.o(.ARM.Collect$$libinit$$00000012)
    .ARM.Collect$$libinit$$00000013          0x08000248   Section        0  libinit2.o(.ARM.Collect$$libinit$$00000013)
    .ARM.Collect$$libinit$$00000015          0x08000248   Section        0  libinit2.o(.ARM.Collect$$libinit$$00000015)
    .ARM.Collect$$libinit$$00000016          0x08000248   Section       10  libinit2.o(.ARM.Collect$$libinit$$00000016)
    .ARM.Collect$$libinit$$00000017          0x08000252   Section        0  libinit2.o(.ARM.Collect$$libinit$$00000017)
    .ARM.Collect$$libinit$$00000019          0x08000252   Section        0  libinit2.o(.ARM.Collect$$libinit$$00000019)
    .ARM.Collect$$libinit$$0000001B          0x08000252   Section        0  libinit2.o(.ARM.Collect$$libinit$$0000001B)
    .ARM.Collect$$libinit$$0000001D          0x08000252   Section        0  libinit2.o(.ARM.Collect$$libinit$$0000001D)
    .ARM.Collect$$libinit$$0000001F          0x08000252   Section        0  libinit2.o(.ARM.Collect$$libinit$$0000001F)
    .ARM.Collect$$libinit$$00000021          0x08000252   Section        0  libinit2.o(.ARM.Collect$$libinit$$00000021)
    .ARM.Collect$$libinit$$00000023          0x08000252   Section        0  libinit2.o(.ARM.Collect$$libinit$$00000023)
    .ARM.Collect$$libinit$$00000025          0x08000252   Section        0  libinit2.o(.ARM.Collect$$libinit$$00000025)
    .ARM.Collect$$libinit$$0000002C          0x08000252   Section        0  libinit2.o(.ARM.Collect$$libinit$$0000002C)
    .ARM.Collect$$libinit$$0000002E          0x08000252   Section        0  libinit2.o(.ARM.Collect$$libinit$$0000002E)
    .ARM.Collect$$libinit$$00000030          0x08000252   Section        0  libinit2.o(.ARM.Collect$$libinit$$00000030)
    .ARM.Collect$$libinit$$00000032          0x08000252   Section        0  libinit2.o(.ARM.Collect$$libinit$$00000032)
    .ARM.Collect$$libinit$$00000033          0x08000252   Section        2  libinit2.o(.ARM.Collect$$libinit$$00000033)
    .ARM.Collect$$libshutdown$$00000000      0x08000254   Section        2  libshutdown.o(.ARM.Collect$$libshutdown$$00000000)
    .ARM.Collect$$libshutdown$$00000003      0x08000256   Section        0  libshutdown2.o(.ARM.Collect$$libshutdown$$00000003)
    .ARM.Collect$$libshutdown$$00000006      0x08000256   Section        0  libshutdown2.o(.ARM.Collect$$libshutdown$$00000006)
    .ARM.Collect$$libshutdown$$00000009      0x08000256   Section        0  libshutdown2.o(.ARM.Collect$$libshutdown$$00000009)
    .ARM.Collect$$libshutdown$$0000000B      0x08000256   Section        0  libshutdown2.o(.ARM.Collect$$libshutdown$$0000000B)
    .ARM.Collect$$libshutdown$$0000000E      0x08000256   Section        0  libshutdown2.o(.ARM.Collect$$libshutdown$$0000000E)
    .ARM.Collect$$libshutdown$$0000000F      0x08000256   Section        2  libshutdown2.o(.ARM.Collect$$libshutdown$$0000000F)
    .ARM.Collect$$rtentry$$00000000          0x08000258   Section        0  __rtentry.o(.ARM.Collect$$rtentry$$00000000)
    .ARM.Collect$$rtentry$$00000002          0x08000258   Section        0  __rtentry2.o(.ARM.Collect$$rtentry$$00000002)
    .ARM.Collect$$rtentry$$00000004          0x08000258   Section        6  __rtentry4.o(.ARM.Collect$$rtentry$$00000004)
    .ARM.Collect$$rtentry$$00000009          0x0800025e   Section        0  __rtentry2.o(.ARM.Collect$$rtentry$$00000009)
    .ARM.Collect$$rtentry$$0000000A          0x0800025e   Section        4  __rtentry2.o(.ARM.Collect$$rtentry$$0000000A)
    .ARM.Collect$$rtentry$$0000000C          0x08000262   Section        0  __rtentry2.o(.ARM.Collect$$rtentry$$0000000C)
    .ARM.Collect$$rtentry$$0000000D          0x08000262   Section        8  __rtentry2.o(.ARM.Collect$$rtentry$$0000000D)
    .ARM.Collect$$rtexit$$00000000           0x0800026a   Section        2  rtexit.o(.ARM.Collect$$rtexit$$00000000)
    .ARM.Collect$$rtexit$$00000002           0x0800026c   Section        0  rtexit2.o(.ARM.Collect$$rtexit$$00000002)
    .ARM.Collect$$rtexit$$00000003           0x0800026c   Section        4  rtexit2.o(.ARM.Collect$$rtexit$$00000003)
    .ARM.Collect$$rtexit$$00000004           0x08000270   Section        6  rtexit2.o(.ARM.Collect$$rtexit$$00000004)
    .text                                    0x08000278   Section       64  startup_stm32f10x_hd.o(.text)
    .text                                    0x080002b8   Section        0  c89vsprintf.o(.text)
    .text                                    0x080002dc   Section        0  __2sprintf.o(.text)
    .text                                    0x08000308   Section        0  _printf_str.o(.text)
    .text                                    0x0800035c   Section        0  __printf_flags_ss_wp.o(.text)
    .text                                    0x080004e4   Section        0  strstr.o(.text)
    .text                                    0x08000508   Section        0  strlen.o(.text)
    .text                                    0x08000546   Section        0  strcat.o(.text)
    .text                                    0x0800055e   Section      138  rt_memcpy_v6.o(.text)
    .text                                    0x080005e8   Section       68  rt_memclr.o(.text)
    .text                                    0x0800062c   Section       78  rt_memclr_w.o(.text)
    .text                                    0x0800067a   Section        0  heapauxi.o(.text)
    .text                                    0x08000680   Section        0  _printf_pad.o(.text)
    .text                                    0x080006ce   Section        0  _printf_truncate.o(.text)
    .text                                    0x080006f4   Section        0  _printf_dec.o(.text)
    .text                                    0x0800076c   Section        0  _printf_charcount.o(.text)
    .text                                    0x08000794   Section        0  _printf_char_common.o(.text)
    _printf_input_char                       0x08000795   Thumb Code    10  _printf_char_common.o(.text)
    .text                                    0x080007c4   Section        0  _sputc.o(.text)
    .text                                    0x080007ce   Section        0  _printf_char.o(.text)
    .text                                    0x080007fc   Section        0  _printf_wctomb.o(.text)
    .text                                    0x080008b8   Section        0  _printf_longlong_dec.o(.text)
    .text                                    0x08000934   Section        0  _printf_oct_int_ll.o(.text)
    _printf_longlong_oct_internal            0x08000935   Thumb Code     0  _printf_oct_int_ll.o(.text)
    .text                                    0x080009a4   Section        0  _printf_hex_int_ll_ptr.o(.text)
    _printf_hex_common                       0x080009a5   Thumb Code     0  _printf_hex_int_ll_ptr.o(.text)
    .text                                    0x08000a38   Section      100  rt_memcpy_w.o(.text)
    .text                                    0x08000a9c   Section      138  lludiv10.o(.text)
    .text                                    0x08000b26   Section        0  _printf_intcommon.o(.text)
    .text                                    0x08000bd8   Section        0  _printf_fp_dec.o(.text)
    _fp_digits                               0x08000bdb   Thumb Code   428  _printf_fp_dec.o(.text)
    .text                                    0x08000ff2   Section        0  _printf_wchar.o(.text)
    .text                                    0x0800101e   Section        0  _wcrtomb.o(.text)
    .text                                    0x0800105e   Section       74  sys_stackheap_outer.o(.text)
    .text                                    0x080010a8   Section       16  rt_ctype_table.o(.text)
    .text                                    0x080010b8   Section        8  rt_locale_intlibspace.o(.text)
    .text                                    0x080010c0   Section        0  _printf_fp_infnan.o(.text)
    .text                                    0x08001140   Section        0  bigflt0.o(.text)
    .text                                    0x0800121c   Section        0  exit.o(.text)
    .text                                    0x08001228   Section        8  libspace.o(.text)
    .text                                    0x08001230   Section      128  strcmpv7m.o(.text)
    .text                                    0x080012b0   Section        0  sys_exit.o(.text)
    .text                                    0x080012bc   Section        2  use_no_semi.o(.text)
    .text                                    0x080012be   Section        0  indicate_semi.o(.text)
    CL$$btod_d2e                             0x080012be   Section       62  btod.o(CL$$btod_d2e)
    CL$$btod_d2e_denorm_low                  0x080012fc   Section       70  btod.o(CL$$btod_d2e_denorm_low)
    CL$$btod_d2e_norm_op1                    0x08001342   Section       96  btod.o(CL$$btod_d2e_norm_op1)
    CL$$btod_div_common                      0x080013a2   Section      824  btod.o(CL$$btod_div_common)
    CL$$btod_e2e                             0x080016da   Section      198  btod.o(CL$$btod_e2e)
    CL$$btod_ediv                            0x080017a0   Section       40  btod.o(CL$$btod_ediv)
    CL$$btod_emul                            0x080017c8   Section       40  btod.o(CL$$btod_emul)
    CL$$btod_mult_common                     0x080017f0   Section      580  btod.o(CL$$btod_mult_common)
    i.AT24C02_ReadOneByte                    0x08001a34   Section        0  24c02.o(i.AT24C02_ReadOneByte)
    i.BusFault_Handler                       0x08001a76   Section        0  stm32f10x_it.o(i.BusFault_Handler)
    i.DebugMon_Handler                       0x08001a78   Section        0  stm32f10x_it.o(i.DebugMon_Handler)
    i.Delay_Init                             0x08001a7a   Section        0  delay.o(i.Delay_Init)
    i.Delay_Ms                               0x08001a88   Section        0  delay.o(i.Delay_Ms)
    i.Delay_Us                               0x08001b80   Section        0  delay.o(i.Delay_Us)
    i.GPIO_Init                              0x08001bc2   Section        0  stm32f10x_gpio.o(i.GPIO_Init)
    i.GPIO_ReadInputDataBit                  0x08001cd8   Section        0  stm32f10x_gpio.o(i.GPIO_ReadInputDataBit)
    i.GPIO_ResetBits                         0x08001cea   Section        0  stm32f10x_gpio.o(i.GPIO_ResetBits)
    i.GPIO_SetBits                           0x08001cee   Section        0  stm32f10x_gpio.o(i.GPIO_SetBits)
    i.GPIO_WriteBit                          0x08001cf2   Section        0  stm32f10x_gpio.o(i.GPIO_WriteBit)
    i.HardFault_Handler                      0x08001cfc   Section        0  stm32f10x_it.o(i.HardFault_Handler)
    i.IIC_Init                               0x08001d00   Section        0  iic.o(i.IIC_Init)
    i.IIC_Read_Byte                          0x08001d40   Section        0  iic.o(i.IIC_Read_Byte)
    i.IIC_Send_Byte                          0x08001e3c   Section        0  iic.o(i.IIC_Send_Byte)
    i.IIC_Start                              0x08001ea0   Section        0  iic.o(i.IIC_Start)
    i.IIC_Stop                               0x08001ee0   Section        0  iic.o(i.IIC_Stop)
    i.IIC_Wait_Ack                           0x08001f20   Section        0  iic.o(i.IIC_Wait_Ack)
    i.KEY_Init                               0x08001f90   Section        0  key.o(i.KEY_Init)
    i.LED_AllOff                             0x08001fc8   Section        0  led.o(i.LED_AllOff)
    i.LED_Init                               0x08001ff4   Section        0  led.o(i.LED_Init)
    i.MemManage_Handler                      0x08002048   Section        0  stm32f10x_it.o(i.MemManage_Handler)
    i.NMI_Handler                            0x0800204a   Section        0  stm32f10x_it.o(i.NMI_Handler)
    i.NVIC_Init                              0x0800204c   Section        0  misc.o(i.NVIC_Init)
    i.NVIC_PriorityGroupConfig               0x080020bc   Section        0  misc.o(i.NVIC_PriorityGroupConfig)
    i.OneNet_GET                             0x080020d0   Section        0  onenet_http.o(i.OneNet_GET)
    i.PendSV_Handler                         0x08002188   Section        0  stm32f10x_it.o(i.PendSV_Handler)
    i.RCC_APB1PeriphClockCmd                 0x0800218c   Section        0  stm32f10x_rcc.o(i.RCC_APB1PeriphClockCmd)
    i.RCC_APB1PeriphResetCmd                 0x080021ac   Section        0  stm32f10x_rcc.o(i.RCC_APB1PeriphResetCmd)
    i.RCC_APB2PeriphClockCmd                 0x080021cc   Section        0  stm32f10x_rcc.o(i.RCC_APB2PeriphClockCmd)
    i.RCC_APB2PeriphResetCmd                 0x080021ec   Section        0  stm32f10x_rcc.o(i.RCC_APB2PeriphResetCmd)
    i.RCC_GetClocksFreq                      0x0800220c   Section        0  stm32f10x_rcc.o(i.RCC_GetClocksFreq)
    i.SVC_Handler                            0x080022e0   Section        0  stm32f10x_it.o(i.SVC_Handler)
    i.SetSysClock                            0x080022e2   Section        0  system_stm32f10x.o(i.SetSysClock)
    SetSysClock                              0x080022e3   Thumb Code     8  system_stm32f10x.o(i.SetSysClock)
    i.SetSysClockTo72                        0x080022ec   Section        0  system_stm32f10x.o(i.SetSysClockTo72)
    SetSysClockTo72                          0x080022ed   Thumb Code   214  system_stm32f10x.o(i.SetSysClockTo72)
    i.SysTick_CLKSourceConfig                0x080023cc   Section        0  misc.o(i.SysTick_CLKSourceConfig)
    i.SysTick_Handler                        0x08002408   Section        0  stm32f10x_it.o(i.SysTick_Handler)
    i.SystemInit                             0x0800240c   Section        0  system_stm32f10x.o(i.SystemInit)
    i.TIM2_ENABLE_3S                         0x0800246c   Section        0  timer2.o(i.TIM2_ENABLE_3S)
    i.TIM2_IRQHandler                        0x080024e4   Section        0  stm32f10x_it.o(i.TIM2_IRQHandler)
    i.TIM3_ENABLE_5S                         0x0800250c   Section        0  timer3.o(i.TIM3_ENABLE_5S)
    i.TIM3_IRQHandler                        0x08002584   Section        0  stm32f10x_it.o(i.TIM3_IRQHandler)
    i.TIM4_IRQHandler                        0x080025c4   Section        0  stm32f10x_it.o(i.TIM4_IRQHandler)
    i.TIM4_Init                              0x0800264c   Section        0  timer4.o(i.TIM4_Init)
    i.TIM_ClearITPendingBit                  0x080026b8   Section        0  stm32f10x_tim.o(i.TIM_ClearITPendingBit)
    i.TIM_Cmd                                0x080026be   Section        0  stm32f10x_tim.o(i.TIM_Cmd)
    i.TIM_DeInit                             0x080026d8   Section        0  stm32f10x_tim.o(i.TIM_DeInit)
    i.TIM_GetITStatus                        0x080028c0   Section        0  stm32f10x_tim.o(i.TIM_GetITStatus)
    i.TIM_ITConfig                           0x080028e2   Section        0  stm32f10x_tim.o(i.TIM_ITConfig)
    i.TIM_SetCounter                         0x080028f4   Section        0  stm32f10x_tim.o(i.TIM_SetCounter)
    i.TIM_TimeBaseInit                       0x080028f8   Section        0  stm32f10x_tim.o(i.TIM_TimeBaseInit)
    i.USART2_IRQHandler                      0x0800299c   Section        0  stm32f10x_it.o(i.USART2_IRQHandler)
    i.USART_ClearFlag                        0x08002a18   Section        0  stm32f10x_usart.o(i.USART_ClearFlag)
    i.USART_Cmd                              0x08002a2a   Section        0  stm32f10x_usart.o(i.USART_Cmd)
    i.USART_DeInit                           0x08002a44   Section        0  stm32f10x_usart.o(i.USART_DeInit)
    i.USART_GetITStatus                      0x08002ae0   Section        0  stm32f10x_usart.o(i.USART_GetITStatus)
    i.USART_ITConfig                         0x08002b34   Section        0  stm32f10x_usart.o(i.USART_ITConfig)
    i.USART_Init                             0x08002b80   Section        0  stm32f10x_usart.o(i.USART_Init)
    i.UsageFault_Handler                     0x08002c58   Section        0  stm32f10x_it.o(i.UsageFault_Handler)
    i.Usart1_Init                            0x08002c5c   Section        0  usart1.o(i.Usart1_Init)
    i.Usart2_Init                            0x08002cdc   Section        0  usart2.o(i.Usart2_Init)
    i.WiFi_Close                             0x08002d94   Section        0  wifi.o(i.WiFi_Close)
    i.WiFi_Connect_Server                    0x08002e2c   Section        0  wifi.o(i.WiFi_Connect_Server)
    i.WiFi_GetIP                             0x08002f70   Section        0  wifi.o(i.WiFi_GetIP)
    i.WiFi_Init                              0x08003034   Section        0  wifi.o(i.WiFi_Init)
    i.WiFi_JoinAP                            0x08003544   Section        0  wifi.o(i.WiFi_JoinAP)
    i.WiFi_Reset                             0x080035f4   Section        0  wifi.o(i.WiFi_Reset)
    i.WiFi_ResetIO_Init                      0x08003664   Section        0  wifi.o(i.WiFi_ResetIO_Init)
    i.WiFi_SendCmd                           0x08003698   Section        0  wifi.o(i.WiFi_SendCmd)
    i.WiFi_Smartconfig                       0x0800370c   Section        0  wifi.o(i.WiFi_Smartconfig)
    i.WiFi_WaitAP                            0x08003778   Section        0  wifi.o(i.WiFi_WaitAP)
    i.__ARM_fpclassify                       0x080037d0   Section        0  fpclassify.o(i.__ARM_fpclassify)
    i._is_digit                              0x080037f8   Section        0  __printf_wp.o(i._is_digit)
    i.main                                   0x08003808   Section        0  main.o(i.main)
    i.u1_printf                              0x08003b38   Section        0  usart1.o(i.u1_printf)
    i.u2_printf                              0x08003b94   Section        0  usart2.o(i.u2_printf)
    locale$$code                             0x08003bf0   Section       44  lc_numeric_c.o(locale$$code)
    locale$$code                             0x08003c1c   Section       44  lc_ctype_c.o(locale$$code)
    x$fpl$printf1                            0x08003c48   Section        4  printf1.o(x$fpl$printf1)
    .constdata                               0x08003c4c   Section       17  __printf_flags_ss_wp.o(.constdata)
    x$fpl$usenofp                            0x08003c4c   Section        0  usenofp.o(x$fpl$usenofp)
    maptable                                 0x08003c4c   Data          17  __printf_flags_ss_wp.o(.constdata)
    .constdata                               0x08003c60   Section        8  _printf_wctomb.o(.constdata)
    initial_mbstate                          0x08003c60   Data           8  _printf_wctomb.o(.constdata)
    .constdata                               0x08003c68   Section       40  _printf_hex_int_ll_ptr.o(.constdata)
    uc_hextab                                0x08003c68   Data          20  _printf_hex_int_ll_ptr.o(.constdata)
    lc_hextab                                0x08003c7c   Data          20  _printf_hex_int_ll_ptr.o(.constdata)
    .constdata                               0x08003c90   Section      148  bigflt0.o(.constdata)
    tenpwrs_x                                0x08003c90   Data          60  bigflt0.o(.constdata)
    tenpwrs_i                                0x08003ccc   Data          64  bigflt0.o(.constdata)
    .conststring                             0x08003d24   Section       14  onenet_http.o(.conststring)
    locale$$data                             0x08003d54   Section       28  lc_numeric_c.o(locale$$data)
    __lcnum_c_name                           0x08003d58   Data           2  lc_numeric_c.o(locale$$data)
    __lcnum_c_start                          0x08003d60   Data           0  lc_numeric_c.o(locale$$data)
    __lcnum_c_point                          0x08003d6c   Data           0  lc_numeric_c.o(locale$$data)
    __lcnum_c_thousands                      0x08003d6e   Data           0  lc_numeric_c.o(locale$$data)
    __lcnum_c_grouping                       0x08003d6f   Data           0  lc_numeric_c.o(locale$$data)
    locale$$data                             0x08003d70   Section      272  lc_ctype_c.o(locale$$data)
    __lcnum_c_end                            0x08003d70   Data           0  lc_numeric_c.o(locale$$data)
    __lcctype_c_name                         0x08003d74   Data           2  lc_ctype_c.o(locale$$data)
    __lcctype_c_start                        0x08003d7c   Data           0  lc_ctype_c.o(locale$$data)
    __lcctype_c_end                          0x08003e80   Data           0  lc_ctype_c.o(locale$$data)
    .data                                    0x20000000   Section        2  main.o(.data)
    .data                                    0x20000004   Section        8  usart2.o(.data)
    .data                                    0x2000000c   Section        2  wifi.o(.data)
    .data                                    0x20000010   Section        8  onenet_http.o(.data)
    .data                                    0x20000018   Section       20  stm32f10x_rcc.o(.data)
    APBAHBPrescTable                         0x20000018   Data          16  stm32f10x_rcc.o(.data)
    ADCPrescTable                            0x20000028   Data           4  stm32f10x_rcc.o(.data)
    .bss                                     0x20000030   Section      256  usart1.o(.bss)
    .bss                                     0x20000130   Section     2048  usart2.o(.bss)
    .bss                                     0x20000930   Section     4096  onenet_http.o(.bss)
    .bss                                     0x20001930   Section       96  libspace.o(.bss)
    HEAP                                     0x20001990   Section      512  startup_stm32f10x_hd.o(HEAP)
    Heap_Mem                                 0x20001990   Data         512  startup_stm32f10x_hd.o(HEAP)
    STACK                                    0x20001b90   Section     1024  startup_stm32f10x_hd.o(STACK)
    Stack_Mem                                0x20001b90   Data        1024  startup_stm32f10x_hd.o(STACK)
    __initial_sp                             0x20001f90   Data           0  startup_stm32f10x_hd.o(STACK)

    Global Symbols

    Symbol Name                              Value     Ov Type        Size  Object(Section)

    BuildAttributes$$THM_ISAv4$P$D$K$B$S$PE$A:L22UL41UL21$X:L11$S22US41US21$IEEE1$IW$USESV6$~STKCKD$USESV7$~SHL$OTIME$ROPI$IEEEJ$EBA8$UX$STANDARDLIB$REQ8$PRES8$EABIv2 0x00000000   Number         0  anon$$obj.o ABSOLUTE
    __ARM_use_no_argv                        0x00000000   Number         0  main.o ABSOLUTE
    _printf_flags                            0x00000000   Number         0  printf_stubs.o ABSOLUTE
    _printf_return_value                     0x00000000   Number         0  printf_stubs.o ABSOLUTE
    _printf_sizespec                         0x00000000   Number         0  printf_stubs.o ABSOLUTE
    _printf_widthprec                        0x00000000   Number         0  printf_stubs.o ABSOLUTE
    __ARM_exceptions_init                     - Undefined Weak Reference
    __alloca_initialize                       - Undefined Weak Reference
    __arm_preinit_                            - Undefined Weak Reference
    __cpp_initialize__aeabi_                  - Undefined Weak Reference
    __cxa_finalize                            - Undefined Weak Reference
    __sigvec_lookup                           - Undefined Weak Reference
    _atexit_init                              - Undefined Weak Reference
    _call_atexit_fns                          - Undefined Weak Reference
    _clock_init                               - Undefined Weak Reference
    _fp_trap_init                             - Undefined Weak Reference
    _fp_trap_shutdown                         - Undefined Weak Reference
    _get_lc_collate                           - Undefined Weak Reference
    _get_lc_monetary                          - Undefined Weak Reference
    _get_lc_time                              - Undefined Weak Reference
    _getenv_init                              - Undefined Weak Reference
    _handle_redirection                       - Undefined Weak Reference
    _init_alloc                               - Undefined Weak Reference
    _init_user_alloc                          - Undefined Weak Reference
    _initio                                   - Undefined Weak Reference
    _printf_fp_hex                            - Undefined Weak Reference
    _printf_mbtowc                            - Undefined Weak Reference
    _printf_wc                                - Undefined Weak Reference
    _rand_init                                - Undefined Weak Reference
    _scanf_int                                - Undefined Weak Reference
    _scanf_longlong                           - Undefined Weak Reference
    _scanf_mbtowc                             - Undefined Weak Reference
    _scanf_real                               - Undefined Weak Reference
    _scanf_wctomb                             - Undefined Weak Reference
    _scanf_wstring                            - Undefined Weak Reference
    _signal_finish                            - Undefined Weak Reference
    _signal_init                              - Undefined Weak Reference
    _terminate_alloc                          - Undefined Weak Reference
    _terminate_user_alloc                     - Undefined Weak Reference
    _terminateio                              - Undefined Weak Reference
    __Vectors_Size                           0x00000130   Number         0  startup_stm32f10x_hd.o ABSOLUTE
    __Vectors                                0x08000000   Data           4  startup_stm32f10x_hd.o(RESET)
    __Vectors_End                            0x08000130   Data           0  startup_stm32f10x_hd.o(RESET)
    __main                                   0x08000131   Thumb Code     8  __main.o(!!!main)
    __scatterload                            0x08000139   Thumb Code     0  __scatter.o(!!!scatter)
    __scatterload_rt2                        0x08000139   Thumb Code    44  __scatter.o(!!!scatter)
    __scatterload_rt2_thumb_only             0x08000139   Thumb Code     0  __scatter.o(!!!scatter)
    __scatterload_null                       0x08000147   Thumb Code     0  __scatter.o(!!!scatter)
    __scatterload_copy                       0x0800016d   Thumb Code    26  __scatter_copy.o(!!handler_copy)
    __scatterload_zeroinit                   0x08000189   Thumb Code    28  __scatter_zi.o(!!handler_zi)
    _printf_n                                0x080001a5   Thumb Code     0  _printf_n.o(.ARM.Collect$$_printf_percent$$00000001)
    _printf_percent                          0x080001a5   Thumb Code     0  _printf_percent.o(.ARM.Collect$$_printf_percent$$00000000)
    _printf_p                                0x080001ab   Thumb Code     0  _printf_p.o(.ARM.Collect$$_printf_percent$$00000002)
    _printf_f                                0x080001b1   Thumb Code     0  _printf_f.o(.ARM.Collect$$_printf_percent$$00000003)
    _printf_e                                0x080001b7   Thumb Code     0  _printf_e.o(.ARM.Collect$$_printf_percent$$00000004)
    _printf_g                                0x080001bd   Thumb Code     0  _printf_g.o(.ARM.Collect$$_printf_percent$$00000005)
    _printf_a                                0x080001c3   Thumb Code     0  _printf_a.o(.ARM.Collect$$_printf_percent$$00000006)
    _printf_ll                               0x080001c9   Thumb Code     0  _printf_ll.o(.ARM.Collect$$_printf_percent$$00000007)
    _printf_i                                0x080001d3   Thumb Code     0  _printf_i.o(.ARM.Collect$$_printf_percent$$00000008)
    _printf_d                                0x080001d9   Thumb Code     0  _printf_d.o(.ARM.Collect$$_printf_percent$$00000009)
    _printf_u                                0x080001df   Thumb Code     0  _printf_u.o(.ARM.Collect$$_printf_percent$$0000000A)
    _printf_o                                0x080001e5   Thumb Code     0  _printf_o.o(.ARM.Collect$$_printf_percent$$0000000B)
    _printf_x                                0x080001eb   Thumb Code     0  _printf_x.o(.ARM.Collect$$_printf_percent$$0000000C)
    _printf_lli                              0x080001f1   Thumb Code     0  _printf_lli.o(.ARM.Collect$$_printf_percent$$0000000D)
    _printf_lld                              0x080001f7   Thumb Code     0  _printf_lld.o(.ARM.Collect$$_printf_percent$$0000000E)
    _printf_llu                              0x080001fd   Thumb Code     0  _printf_llu.o(.ARM.Collect$$_printf_percent$$0000000F)
    _printf_llo                              0x08000203   Thumb Code     0  _printf_llo.o(.ARM.Collect$$_printf_percent$$00000010)
    _printf_llx                              0x08000209   Thumb Code     0  _printf_llx.o(.ARM.Collect$$_printf_percent$$00000011)
    _printf_l                                0x0800020f   Thumb Code     0  _printf_l.o(.ARM.Collect$$_printf_percent$$00000012)
    _printf_c                                0x08000219   Thumb Code     0  _printf_c.o(.ARM.Collect$$_printf_percent$$00000013)
    _printf_s                                0x0800021f   Thumb Code     0  _printf_s.o(.ARM.Collect$$_printf_percent$$00000014)
    _printf_lc                               0x08000225   Thumb Code     0  _printf_lc.o(.ARM.Collect$$_printf_percent$$00000015)
    _printf_ls                               0x0800022b   Thumb Code     0  _printf_ls.o(.ARM.Collect$$_printf_percent$$00000016)
    _printf_percent_end                      0x08000231   Thumb Code     0  _printf_percent_end.o(.ARM.Collect$$_printf_percent$$00000017)
    __rt_lib_init                            0x08000235   Thumb Code     0  libinit.o(.ARM.Collect$$libinit$$00000000)
    __rt_lib_init_fp_1                       0x08000237   Thumb Code     0  libinit2.o(.ARM.Collect$$libinit$$00000002)
    __rt_lib_init_heap_1                     0x08000237   Thumb Code     0  libinit2.o(.ARM.Collect$$libinit$$0000000A)
    __rt_lib_init_lc_common                  0x08000237   Thumb Code     0  libinit2.o(.ARM.Collect$$libinit$$0000000F)
    __rt_lib_init_preinit_1                  0x08000237   Thumb Code     0  libinit2.o(.ARM.Collect$$libinit$$00000004)
    __rt_lib_init_rand_1                     0x08000237   Thumb Code     0  libinit2.o(.ARM.Collect$$libinit$$0000000E)
    __rt_lib_init_user_alloc_1               0x08000237   Thumb Code     0  libinit2.o(.ARM.Collect$$libinit$$0000000C)
    __rt_lib_init_lc_collate_1               0x0800023d   Thumb Code     0  libinit2.o(.ARM.Collect$$libinit$$00000011)
    __rt_lib_init_lc_ctype_2                 0x0800023d   Thumb Code     0  libinit2.o(.ARM.Collect$$libinit$$00000012)
    __rt_lib_init_lc_ctype_1                 0x08000249   Thumb Code     0  libinit2.o(.ARM.Collect$$libinit$$00000013)
    __rt_lib_init_lc_monetary_1              0x08000249   Thumb Code     0  libinit2.o(.ARM.Collect$$libinit$$00000015)
    __rt_lib_init_lc_numeric_2               0x08000249   Thumb Code     0  libinit2.o(.ARM.Collect$$libinit$$00000016)
    __rt_lib_init_alloca_1                   0x08000253   Thumb Code     0  libinit2.o(.ARM.Collect$$libinit$$0000002E)
    __rt_lib_init_argv_1                     0x08000253   Thumb Code     0  libinit2.o(.ARM.Collect$$libinit$$0000002C)
    __rt_lib_init_atexit_1                   0x08000253   Thumb Code     0  libinit2.o(.ARM.Collect$$libinit$$0000001B)
    __rt_lib_init_clock_1                    0x08000253   Thumb Code     0  libinit2.o(.ARM.Collect$$libinit$$00000021)
    __rt_lib_init_cpp_1                      0x08000253   Thumb Code     0  libinit2.o(.ARM.Collect$$libinit$$00000032)
    __rt_lib_init_exceptions_1               0x08000253   Thumb Code     0  libinit2.o(.ARM.Collect$$libinit$$00000030)
    __rt_lib_init_fp_trap_1                  0x08000253   Thumb Code     0  libinit2.o(.ARM.Collect$$libinit$$0000001F)
    __rt_lib_init_getenv_1                   0x08000253   Thumb Code     0  libinit2.o(.ARM.Collect$$libinit$$00000023)
    __rt_lib_init_lc_numeric_1               0x08000253   Thumb Code     0  libinit2.o(.ARM.Collect$$libinit$$00000017)
    __rt_lib_init_lc_time_1                  0x08000253   Thumb Code     0  libinit2.o(.ARM.Collect$$libinit$$00000019)
    __rt_lib_init_return                     0x08000253   Thumb Code     0  libinit2.o(.ARM.Collect$$libinit$$00000033)
    __rt_lib_init_signal_1                   0x08000253   Thumb Code     0  libinit2.o(.ARM.Collect$$libinit$$0000001D)
    __rt_lib_init_stdio_1                    0x08000253   Thumb Code     0  libinit2.o(.ARM.Collect$$libinit$$00000025)
    __rt_lib_shutdown                        0x08000255   Thumb Code     0  libshutdown.o(.ARM.Collect$$libshutdown$$00000000)
    __rt_lib_shutdown_fp_trap_1              0x08000257   Thumb Code     0  libshutdown2.o(.ARM.Collect$$libshutdown$$00000006)
    __rt_lib_shutdown_heap_1                 0x08000257   Thumb Code     0  libshutdown2.o(.ARM.Collect$$libshutdown$$0000000E)
    __rt_lib_shutdown_return                 0x08000257   Thumb Code     0  libshutdown2.o(.ARM.Collect$$libshutdown$$0000000F)
    __rt_lib_shutdown_signal_1               0x08000257   Thumb Code     0  libshutdown2.o(.ARM.Collect$$libshutdown$$00000009)
    __rt_lib_shutdown_stdio_1                0x08000257   Thumb Code     0  libshutdown2.o(.ARM.Collect$$libshutdown$$00000003)
    __rt_lib_shutdown_user_alloc_1           0x08000257   Thumb Code     0  libshutdown2.o(.ARM.Collect$$libshutdown$$0000000B)
    __rt_entry                               0x08000259   Thumb Code     0  __rtentry.o(.ARM.Collect$$rtentry$$00000000)
    __rt_entry_presh_1                       0x08000259   Thumb Code     0  __rtentry2.o(.ARM.Collect$$rtentry$$00000002)
    __rt_entry_sh                            0x08000259   Thumb Code     0  __rtentry4.o(.ARM.Collect$$rtentry$$00000004)
    __rt_entry_li                            0x0800025f   Thumb Code     0  __rtentry2.o(.ARM.Collect$$rtentry$$0000000A)
    __rt_entry_postsh_1                      0x0800025f   Thumb Code     0  __rtentry2.o(.ARM.Collect$$rtentry$$00000009)
    __rt_entry_main                          0x08000263   Thumb Code     0  __rtentry2.o(.ARM.Collect$$rtentry$$0000000D)
    __rt_entry_postli_1                      0x08000263   Thumb Code     0  __rtentry2.o(.ARM.Collect$$rtentry$$0000000C)
    __rt_exit                                0x0800026b   Thumb Code     0  rtexit.o(.ARM.Collect$$rtexit$$00000000)
    __rt_exit_ls                             0x0800026d   Thumb Code     0  rtexit2.o(.ARM.Collect$$rtexit$$00000003)
    __rt_exit_prels_1                        0x0800026d   Thumb Code     0  rtexit2.o(.ARM.Collect$$rtexit$$00000002)
    __rt_exit_exit                           0x08000271   Thumb Code     0  rtexit2.o(.ARM.Collect$$rtexit$$00000004)
    Reset_Handler                            0x08000279   Thumb Code     8  startup_stm32f10x_hd.o(.text)
    ADC1_2_IRQHandler                        0x08000293   Thumb Code     0  startup_stm32f10x_hd.o(.text)
    ADC3_IRQHandler                          0x08000293   Thumb Code     0  startup_stm32f10x_hd.o(.text)
    CAN1_RX1_IRQHandler                      0x08000293   Thumb Code     0  startup_stm32f10x_hd.o(.text)
    CAN1_SCE_IRQHandler                      0x08000293   Thumb Code     0  startup_stm32f10x_hd.o(.text)
    DMA1_Channel1_IRQHandler                 0x08000293   Thumb Code     0  startup_stm32f10x_hd.o(.text)
    DMA1_Channel2_IRQHandler                 0x08000293   Thumb Code     0  startup_stm32f10x_hd.o(.text)
    DMA1_Channel3_IRQHandler                 0x08000293   Thumb Code     0  startup_stm32f10x_hd.o(.text)
    DMA1_Channel4_IRQHandler                 0x08000293   Thumb Code     0  startup_stm32f10x_hd.o(.text)
    DMA1_Channel5_IRQHandler                 0x08000293   Thumb Code     0  startup_stm32f10x_hd.o(.text)
    DMA1_Channel6_IRQHandler                 0x08000293   Thumb Code     0  startup_stm32f10x_hd.o(.text)
    DMA1_Channel7_IRQHandler                 0x08000293   Thumb Code     0  startup_stm32f10x_hd.o(.text)
    DMA2_Channel1_IRQHandler                 0x08000293   Thumb Code     0  startup_stm32f10x_hd.o(.text)
    DMA2_Channel2_IRQHandler                 0x08000293   Thumb Code     0  startup_stm32f10x_hd.o(.text)
    DMA2_Channel3_IRQHandler                 0x08000293   Thumb Code     0  startup_stm32f10x_hd.o(.text)
    DMA2_Channel4_5_IRQHandler               0x08000293   Thumb Code     0  startup_stm32f10x_hd.o(.text)
    EXTI0_IRQHandler                         0x08000293   Thumb Code     0  startup_stm32f10x_hd.o(.text)
    EXTI15_10_IRQHandler                     0x08000293   Thumb Code     0  startup_stm32f10x_hd.o(.text)
    EXTI1_IRQHandler                         0x08000293   Thumb Code     0  startup_stm32f10x_hd.o(.text)
    EXTI2_IRQHandler                         0x08000293   Thumb Code     0  startup_stm32f10x_hd.o(.text)
    EXTI3_IRQHandler                         0x08000293   Thumb Code     0  startup_stm32f10x_hd.o(.text)
    EXTI4_IRQHandler                         0x08000293   Thumb Code     0  startup_stm32f10x_hd.o(.text)
    EXTI9_5_IRQHandler                       0x08000293   Thumb Code     0  startup_stm32f10x_hd.o(.text)
    FLASH_IRQHandler                         0x08000293   Thumb Code     0  startup_stm32f10x_hd.o(.text)
    FSMC_IRQHandler                          0x08000293   Thumb Code     0  startup_stm32f10x_hd.o(.text)
    I2C1_ER_IRQHandler                       0x08000293   Thumb Code     0  startup_stm32f10x_hd.o(.text)
    I2C1_EV_IRQHandler                       0x08000293   Thumb Code     0  startup_stm32f10x_hd.o(.text)
    I2C2_ER_IRQHandler                       0x08000293   Thumb Code     0  startup_stm32f10x_hd.o(.text)
    I2C2_EV_IRQHandler                       0x08000293   Thumb Code     0  startup_stm32f10x_hd.o(.text)
    PVD_IRQHandler                           0x08000293   Thumb Code     0  startup_stm32f10x_hd.o(.text)
    RCC_IRQHandler                           0x08000293   Thumb Code     0  startup_stm32f10x_hd.o(.text)
    RTCAlarm_IRQHandler                      0x08000293   Thumb Code     0  startup_stm32f10x_hd.o(.text)
    RTC_IRQHandler                           0x08000293   Thumb Code     0  startup_stm32f10x_hd.o(.text)
    SDIO_IRQHandler                          0x08000293   Thumb Code     0  startup_stm32f10x_hd.o(.text)
    SPI1_IRQHandler                          0x08000293   Thumb Code     0  startup_stm32f10x_hd.o(.text)
    SPI2_IRQHandler                          0x08000293   Thumb Code     0  startup_stm32f10x_hd.o(.text)
    SPI3_IRQHandler                          0x08000293   Thumb Code     0  startup_stm32f10x_hd.o(.text)
    TAMPER_IRQHandler                        0x08000293   Thumb Code     0  startup_stm32f10x_hd.o(.text)
    TIM1_BRK_IRQHandler                      0x08000293   Thumb Code     0  startup_stm32f10x_hd.o(.text)
    TIM1_CC_IRQHandler                       0x08000293   Thumb Code     0  startup_stm32f10x_hd.o(.text)
    TIM1_TRG_COM_IRQHandler                  0x08000293   Thumb Code     0  startup_stm32f10x_hd.o(.text)
    TIM1_UP_IRQHandler                       0x08000293   Thumb Code     0  startup_stm32f10x_hd.o(.text)
    TIM5_IRQHandler                          0x08000293   Thumb Code     0  startup_stm32f10x_hd.o(.text)
    TIM6_IRQHandler                          0x08000293   Thumb Code     0  startup_stm32f10x_hd.o(.text)
    TIM7_IRQHandler                          0x08000293   Thumb Code     0  startup_stm32f10x_hd.o(.text)
    TIM8_BRK_IRQHandler                      0x08000293   Thumb Code     0  startup_stm32f10x_hd.o(.text)
    TIM8_CC_IRQHandler                       0x08000293   Thumb Code     0  startup_stm32f10x_hd.o(.text)
    TIM8_TRG_COM_IRQHandler                  0x08000293   Thumb Code     0  startup_stm32f10x_hd.o(.text)
    TIM8_UP_IRQHandler                       0x08000293   Thumb Code     0  startup_stm32f10x_hd.o(.text)
    UART4_IRQHandler                         0x08000293   Thumb Code     0  startup_stm32f10x_hd.o(.text)
    UART5_IRQHandler                         0x08000293   Thumb Code     0  startup_stm32f10x_hd.o(.text)
    USART1_IRQHandler                        0x08000293   Thumb Code     0  startup_stm32f10x_hd.o(.text)
    USART3_IRQHandler                        0x08000293   Thumb Code     0  startup_stm32f10x_hd.o(.text)
    USBWakeUp_IRQHandler                     0x08000293   Thumb Code     0  startup_stm32f10x_hd.o(.text)
    USB_HP_CAN1_TX_IRQHandler                0x08000293   Thumb Code     0  startup_stm32f10x_hd.o(.text)
    USB_LP_CAN1_RX0_IRQHandler               0x08000293   Thumb Code     0  startup_stm32f10x_hd.o(.text)
    WWDG_IRQHandler                          0x08000293   Thumb Code     0  startup_stm32f10x_hd.o(.text)
    __user_initial_stackheap                 0x08000295   Thumb Code     0  startup_stm32f10x_hd.o(.text)
    __c89vsprintf                            0x080002b9   Thumb Code    32  c89vsprintf.o(.text)
    __2sprintf                               0x080002dd   Thumb Code    38  __2sprintf.o(.text)
    _printf_str                              0x08000309   Thumb Code    82  _printf_str.o(.text)
    __printf                                 0x0800035d   Thumb Code   388  __printf_flags_ss_wp.o(.text)
    strstr                                   0x080004e5   Thumb Code    36  strstr.o(.text)
    strlen                                   0x08000509   Thumb Code    62  strlen.o(.text)
    strcat                                   0x08000547   Thumb Code    24  strcat.o(.text)
    __aeabi_memcpy                           0x0800055f   Thumb Code     0  rt_memcpy_v6.o(.text)
    __rt_memcpy                              0x0800055f   Thumb Code   138  rt_memcpy_v6.o(.text)
    _memcpy_lastbytes                        0x080005c5   Thumb Code     0  rt_memcpy_v6.o(.text)
    __aeabi_memclr                           0x080005e9   Thumb Code     0  rt_memclr.o(.text)
    __rt_memclr                              0x080005e9   Thumb Code    68  rt_memclr.o(.text)
    _memset                                  0x080005ed   Thumb Code     0  rt_memclr.o(.text)
    __aeabi_memclr4                          0x0800062d   Thumb Code     0  rt_memclr_w.o(.text)
    __aeabi_memclr8                          0x0800062d   Thumb Code     0  rt_memclr_w.o(.text)
    __rt_memclr_w                            0x0800062d   Thumb Code    78  rt_memclr_w.o(.text)
    _memset_w                                0x08000631   Thumb Code     0  rt_memclr_w.o(.text)
    __use_two_region_memory                  0x0800067b   Thumb Code     2  heapauxi.o(.text)
    __rt_heap_escrow$2region                 0x0800067d   Thumb Code     2  heapauxi.o(.text)
    __rt_heap_expand$2region                 0x0800067f   Thumb Code     2  heapauxi.o(.text)
    _printf_pre_padding                      0x08000681   Thumb Code    44  _printf_pad.o(.text)
    _printf_post_padding                     0x080006ad   Thumb Code    34  _printf_pad.o(.text)
    _printf_truncate_signed                  0x080006cf   Thumb Code    18  _printf_truncate.o(.text)
    _printf_truncate_unsigned                0x080006e1   Thumb Code    18  _printf_truncate.o(.text)
    _printf_int_dec                          0x080006f5   Thumb Code   104  _printf_dec.o(.text)
    _printf_charcount                        0x0800076d   Thumb Code    40  _printf_charcount.o(.text)
    _printf_char_common                      0x0800079f   Thumb Code    32  _printf_char_common.o(.text)
    _sputc                                   0x080007c5   Thumb Code    10  _sputc.o(.text)
    _printf_cs_common                        0x080007cf   Thumb Code    20  _printf_char.o(.text)
    _printf_char                             0x080007e3   Thumb Code    16  _printf_char.o(.text)
    _printf_string                           0x080007f3   Thumb Code     8  _printf_char.o(.text)
    _printf_wctomb                           0x080007fd   Thumb Code   182  _printf_wctomb.o(.text)
    _printf_longlong_dec                     0x080008b9   Thumb Code   108  _printf_longlong_dec.o(.text)
    _printf_longlong_oct                     0x08000935   Thumb Code    68  _printf_oct_int_ll.o(.text)
    _printf_int_oct                          0x08000979   Thumb Code    24  _printf_oct_int_ll.o(.text)
    _printf_ll_oct                           0x08000991   Thumb Code    12  _printf_oct_int_ll.o(.text)
    _printf_longlong_hex                     0x080009a5   Thumb Code    86  _printf_hex_int_ll_ptr.o(.text)
    _printf_int_hex                          0x080009fb   Thumb Code    28  _printf_hex_int_ll_ptr.o(.text)
    _printf_ll_hex                           0x08000a17   Thumb Code    12  _printf_hex_int_ll_ptr.o(.text)
    _printf_hex_ptr                          0x08000a23   Thumb Code    18  _printf_hex_int_ll_ptr.o(.text)
    __aeabi_memcpy4                          0x08000a39   Thumb Code     0  rt_memcpy_w.o(.text)
    __aeabi_memcpy8                          0x08000a39   Thumb Code     0  rt_memcpy_w.o(.text)
    __rt_memcpy_w                            0x08000a39   Thumb Code   100  rt_memcpy_w.o(.text)
    _memcpy_lastbytes_aligned                0x08000a81   Thumb Code     0  rt_memcpy_w.o(.text)
    _ll_udiv10                               0x08000a9d   Thumb Code   138  lludiv10.o(.text)
    _printf_int_common                       0x08000b27   Thumb Code   178  _printf_intcommon.o(.text)
    __lib_sel_fp_printf                      0x08000bd9   Thumb Code     2  _printf_fp_dec.o(.text)
    _printf_fp_dec_real                      0x08000d87   Thumb Code   620  _printf_fp_dec.o(.text)
    _printf_lcs_common                       0x08000ff3   Thumb Code    20  _printf_wchar.o(.text)
    _printf_wchar                            0x08001007   Thumb Code    16  _printf_wchar.o(.text)
    _printf_wstring                          0x08001017   Thumb Code     8  _printf_wchar.o(.text)
    _wcrtomb                                 0x0800101f   Thumb Code    64  _wcrtomb.o(.text)
    __user_setup_stackheap                   0x0800105f   Thumb Code    74  sys_stackheap_outer.o(.text)
    __rt_ctype_table                         0x080010a9   Thumb Code    16  rt_ctype_table.o(.text)
    __rt_locale                              0x080010b9   Thumb Code     8  rt_locale_intlibspace.o(.text)
    _printf_fp_infnan                        0x080010c1   Thumb Code   112  _printf_fp_infnan.o(.text)
    _btod_etento                             0x08001141   Thumb Code   216  bigflt0.o(.text)
    exit                                     0x0800121d   Thumb Code    12  exit.o(.text)
    __user_libspace                          0x08001229   Thumb Code     8  libspace.o(.text)
    __user_perproc_libspace                  0x08001229   Thumb Code     0  libspace.o(.text)
    __user_perthread_libspace                0x08001229   Thumb Code     0  libspace.o(.text)
    strcmp                                   0x08001231   Thumb Code   128  strcmpv7m.o(.text)
    _sys_exit                                0x080012b1   Thumb Code     8  sys_exit.o(.text)
    __I$use$semihosting                      0x080012bd   Thumb Code     0  use_no_semi.o(.text)
    __use_no_semihosting_swi                 0x080012bd   Thumb Code     2  use_no_semi.o(.text)
    __semihosting_library_function           0x080012bf   Thumb Code     0  indicate_semi.o(.text)
    _btod_d2e                                0x080012bf   Thumb Code    62  btod.o(CL$$btod_d2e)
    _d2e_denorm_low                          0x080012fd   Thumb Code    70  btod.o(CL$$btod_d2e_denorm_low)
    _d2e_norm_op1                            0x08001343   Thumb Code    96  btod.o(CL$$btod_d2e_norm_op1)
    __btod_div_common                        0x080013a3   Thumb Code   696  btod.o(CL$$btod_div_common)
    _e2e                                     0x080016db   Thumb Code   198  btod.o(CL$$btod_e2e)
    _btod_ediv                               0x080017a1   Thumb Code    40  btod.o(CL$$btod_ediv)
    _btod_emul                               0x080017c9   Thumb Code    40  btod.o(CL$$btod_emul)
    __btod_mult_common                       0x080017f1   Thumb Code   580  btod.o(CL$$btod_mult_common)
    AT24C02_ReadOneByte                      0x08001a35   Thumb Code    66  24c02.o(i.AT24C02_ReadOneByte)
    BusFault_Handler                         0x08001a77   Thumb Code     2  stm32f10x_it.o(i.BusFault_Handler)
    DebugMon_Handler                         0x08001a79   Thumb Code     2  stm32f10x_it.o(i.DebugMon_Handler)
    Delay_Init                               0x08001a7b   Thumb Code    12  delay.o(i.Delay_Init)
    Delay_Ms                                 0x08001a89   Thumb Code   242  delay.o(i.Delay_Ms)
    Delay_Us                                 0x08001b81   Thumb Code    66  delay.o(i.Delay_Us)
    GPIO_Init                                0x08001bc3   Thumb Code   278  stm32f10x_gpio.o(i.GPIO_Init)
    GPIO_ReadInputDataBit                    0x08001cd9   Thumb Code    18  stm32f10x_gpio.o(i.GPIO_ReadInputDataBit)
    GPIO_ResetBits                           0x08001ceb   Thumb Code     4  stm32f10x_gpio.o(i.GPIO_ResetBits)
    GPIO_SetBits                             0x08001cef   Thumb Code     4  stm32f10x_gpio.o(i.GPIO_SetBits)
    GPIO_WriteBit                            0x08001cf3   Thumb Code    10  stm32f10x_gpio.o(i.GPIO_WriteBit)
    HardFault_Handler                        0x08001cfd   Thumb Code     2  stm32f10x_it.o(i.HardFault_Handler)
    IIC_Init                                 0x08001d01   Thumb Code    60  iic.o(i.IIC_Init)
    IIC_Read_Byte                            0x08001d41   Thumb Code   246  iic.o(i.IIC_Read_Byte)
    IIC_Send_Byte                            0x08001e3d   Thumb Code    96  iic.o(i.IIC_Send_Byte)
    IIC_Start                                0x08001ea1   Thumb Code    60  iic.o(i.IIC_Start)
    IIC_Stop                                 0x08001ee1   Thumb Code    60  iic.o(i.IIC_Stop)
    IIC_Wait_Ack                             0x08001f21   Thumb Code   106  iic.o(i.IIC_Wait_Ack)
    KEY_Init                                 0x08001f91   Thumb Code    52  key.o(i.KEY_Init)
    LED_AllOff                               0x08001fc9   Thumb Code    36  led.o(i.LED_AllOff)
    LED_Init                                 0x08001ff5   Thumb Code    74  led.o(i.LED_Init)
    MemManage_Handler                        0x08002049   Thumb Code     2  stm32f10x_it.o(i.MemManage_Handler)
    NMI_Handler                              0x0800204b   Thumb Code     2  stm32f10x_it.o(i.NMI_Handler)
    NVIC_Init                                0x0800204d   Thumb Code   100  misc.o(i.NVIC_Init)
    NVIC_PriorityGroupConfig                 0x080020bd   Thumb Code    10  misc.o(i.NVIC_PriorityGroupConfig)
    OneNet_GET                               0x080020d1   Thumb Code    64  onenet_http.o(i.OneNet_GET)
    PendSV_Handler                           0x08002189   Thumb Code     2  stm32f10x_it.o(i.PendSV_Handler)
    RCC_APB1PeriphClockCmd                   0x0800218d   Thumb Code    26  stm32f10x_rcc.o(i.RCC_APB1PeriphClockCmd)
    RCC_APB1PeriphResetCmd                   0x080021ad   Thumb Code    26  stm32f10x_rcc.o(i.RCC_APB1PeriphResetCmd)
    RCC_APB2PeriphClockCmd                   0x080021cd   Thumb Code    26  stm32f10x_rcc.o(i.RCC_APB2PeriphClockCmd)
    RCC_APB2PeriphResetCmd                   0x080021ed   Thumb Code    26  stm32f10x_rcc.o(i.RCC_APB2PeriphResetCmd)
    RCC_GetClocksFreq                        0x0800220d   Thumb Code   192  stm32f10x_rcc.o(i.RCC_GetClocksFreq)
    SVC_Handler                              0x080022e1   Thumb Code     2  stm32f10x_it.o(i.SVC_Handler)
    SysTick_CLKSourceConfig                  0x080023cd   Thumb Code    60  misc.o(i.SysTick_CLKSourceConfig)
    SysTick_Handler                          0x08002409   Thumb Code     2  stm32f10x_it.o(i.SysTick_Handler)
    SystemInit                               0x0800240d   Thumb Code    78  system_stm32f10x.o(i.SystemInit)
    TIM2_ENABLE_3S                           0x0800246d   Thumb Code   118  timer2.o(i.TIM2_ENABLE_3S)
    TIM2_IRQHandler                          0x080024e5   Thumb Code    36  stm32f10x_it.o(i.TIM2_IRQHandler)
    TIM3_ENABLE_5S                           0x0800250d   Thumb Code   116  timer3.o(i.TIM3_ENABLE_5S)
    TIM3_IRQHandler                          0x08002585   Thumb Code    50  stm32f10x_it.o(i.TIM3_IRQHandler)
    TIM4_IRQHandler                          0x080025c5   Thumb Code   100  stm32f10x_it.o(i.TIM4_IRQHandler)
    TIM4_Init                                0x0800264d   Thumb Code   104  timer4.o(i.TIM4_Init)
    TIM_ClearITPendingBit                    0x080026b9   Thumb Code     6  stm32f10x_tim.o(i.TIM_ClearITPendingBit)
    TIM_Cmd                                  0x080026bf   Thumb Code    24  stm32f10x_tim.o(i.TIM_Cmd)
    TIM_DeInit                               0x080026d9   Thumb Code   424  stm32f10x_tim.o(i.TIM_DeInit)
    TIM_GetITStatus                          0x080028c1   Thumb Code    34  stm32f10x_tim.o(i.TIM_GetITStatus)
    TIM_ITConfig                             0x080028e3   Thumb Code    18  stm32f10x_tim.o(i.TIM_ITConfig)
    TIM_SetCounter                           0x080028f5   Thumb Code     4  stm32f10x_tim.o(i.TIM_SetCounter)
    TIM_TimeBaseInit                         0x080028f9   Thumb Code   122  stm32f10x_tim.o(i.TIM_TimeBaseInit)
    USART2_IRQHandler                        0x0800299d   Thumb Code   104  stm32f10x_it.o(i.USART2_IRQHandler)
    USART_ClearFlag                          0x08002a19   Thumb Code    18  stm32f10x_usart.o(i.USART_ClearFlag)
    USART_Cmd                                0x08002a2b   Thumb Code    24  stm32f10x_usart.o(i.USART_Cmd)
    USART_DeInit                             0x08002a45   Thumb Code   134  stm32f10x_usart.o(i.USART_DeInit)
    USART_GetITStatus                        0x08002ae1   Thumb Code    84  stm32f10x_usart.o(i.USART_GetITStatus)
    USART_ITConfig                           0x08002b35   Thumb Code    74  stm32f10x_usart.o(i.USART_ITConfig)
    USART_Init                               0x08002b81   Thumb Code   210  stm32f10x_usart.o(i.USART_Init)
    UsageFault_Handler                       0x08002c59   Thumb Code     2  stm32f10x_it.o(i.UsageFault_Handler)
    Usart1_Init                              0x08002c5d   Thumb Code   118  usart1.o(i.Usart1_Init)
    Usart2_Init                              0x08002cdd   Thumb Code   176  usart2.o(i.Usart2_Init)
    WiFi_Close                               0x08002d95   Thumb Code   106  wifi.o(i.WiFi_Close)
    WiFi_Connect_Server                      0x08002e2d   Thumb Code   192  wifi.o(i.WiFi_Connect_Server)
    WiFi_GetIP                               0x08002f71   Thumb Code   138  wifi.o(i.WiFi_GetIP)
    WiFi_Init                                0x08003035   Thumb Code   404  wifi.o(i.WiFi_Init)
    WiFi_JoinAP                              0x08003545   Thumb Code    88  wifi.o(i.WiFi_JoinAP)
    WiFi_Reset                               0x080035f5   Thumb Code    88  wifi.o(i.WiFi_Reset)
    WiFi_ResetIO_Init                        0x08003665   Thumb Code    48  wifi.o(i.WiFi_ResetIO_Init)
    WiFi_SendCmd                             0x08003699   Thumb Code    86  wifi.o(i.WiFi_SendCmd)
    WiFi_Smartconfig                         0x0800370d   Thumb Code    78  wifi.o(i.WiFi_Smartconfig)
    WiFi_WaitAP                              0x08003779   Thumb Code    62  wifi.o(i.WiFi_WaitAP)
    __ARM_fpclassify                         0x080037d1   Thumb Code    40  fpclassify.o(i.__ARM_fpclassify)
    _is_digit                                0x080037f9   Thumb Code    14  __printf_wp.o(i._is_digit)
    main                                     0x08003809   Thumb Code   496  main.o(i.main)
    u1_printf                                0x08003b39   Thumb Code    84  usart1.o(i.u1_printf)
    u2_printf                                0x08003b95   Thumb Code    84  usart2.o(i.u2_printf)
    _get_lc_numeric                          0x08003bf1   Thumb Code    44  lc_numeric_c.o(locale$$code)
    _get_lc_ctype                            0x08003c1d   Thumb Code    44  lc_ctype_c.o(locale$$code)
    _printf_fp_dec                           0x08003c49   Thumb Code     4  printf1.o(x$fpl$printf1)
    __I$use$fp                               0x08003c4c   Number         0  usenofp.o(x$fpl$usenofp)
    Region$$Table$$Base                      0x08003d34   Number         0  anon$$obj.o(Region$$Table)
    Region$$Table$$Limit                     0x08003d54   Number         0  anon$$obj.o(Region$$Table)
    __ctype                                  0x08003d7d   Data           0  lc_ctype_c.o(locale$$data)
    r_flag                                   0x20000000   Data           1  main.o(.data)
    s_flag                                   0x20000001   Data           1  main.o(.data)
    Usart2_RxCompleted                       0x20000004   Data           1  usart2.o(.data)
    Usart2_RxCounter                         0x20000008   Data           4  usart2.o(.data)
    wifi_mode                                0x2000000c   Data           1  wifi.o(.data)
    Connect_flag                             0x2000000d   Data           1  wifi.o(.data)
    ServerIP                                 0x20000010   Data           4  onenet_http.o(.data)
    ServerPort                               0x20000014   Data           4  onenet_http.o(.data)
    Usart1_TxBuff                            0x20000030   Data         256  usart1.o(.bss)
    Usart2_RxBuff                            0x20000130   Data        1024  usart2.o(.bss)
    USART2_TxBuff                            0x20000530   Data        1024  usart2.o(.bss)
    RXbuff                                   0x20000930   Data        2048  onenet_http.o(.bss)
    TXbuff                                   0x20001130   Data        2048  onenet_http.o(.bss)
    __libspace_start                         0x20001930   Data          96  libspace.o(.bss)
    __temporary_stack_top$libspace           0x20001990   Data           0  libspace.o(.bss)



==============================================================================

Memory Map of the image

  Image Entry point : 0x08000279

  Load Region LR_1 (Base: 0x08000000, Size: 0x00003eac, Max: 0xffffffff, ABSOLUTE)

    Execution Region ER_RO (Base: 0x08000000, Size: 0x00003e80, Max: 0xffffffff, ABSOLUTE)

    Base Addr    Size         Type   Attr      Idx    E Section Name        Object

    0x08000000   0x00000130   Data   RO          647    RESET               startup_stm32f10x_hd.o
    0x08000130   0x00000008   Code   RO         1836  * !!!main             c_w.l(__main.o)
    0x08000138   0x00000034   Code   RO         2131    !!!scatter          c_w.l(__scatter.o)
    0x0800016c   0x0000001a   Code   RO         2133    !!handler_copy      c_w.l(__scatter_copy.o)
    0x08000186   0x00000002   PAD
    0x08000188   0x0000001c   Code   RO         2135    !!handler_zi        c_w.l(__scatter_zi.o)
    0x080001a4   0x00000000   Code   RO         1817    .ARM.Collect$$_printf_percent$$00000000  c_w.l(_printf_percent.o)
    0x080001a4   0x00000006   Code   RO         1886    .ARM.Collect$$_printf_percent$$00000001  c_w.l(_printf_n.o)
    0x080001aa   0x00000006   Code   RO         1888    .ARM.Collect$$_printf_percent$$00000002  c_w.l(_printf_p.o)
    0x080001b0   0x00000006   Code   RO         1893    .ARM.Collect$$_printf_percent$$00000003  c_w.l(_printf_f.o)
    0x080001b6   0x00000006   Code   RO         1894    .ARM.Collect$$_printf_percent$$00000004  c_w.l(_printf_e.o)
    0x080001bc   0x00000006   Code   RO         1895    .ARM.Collect$$_printf_percent$$00000005  c_w.l(_printf_g.o)
    0x080001c2   0x00000006   Code   RO         1896    .ARM.Collect$$_printf_percent$$00000006  c_w.l(_printf_a.o)
    0x080001c8   0x0000000a   Code   RO         1901    .ARM.Collect$$_printf_percent$$00000007  c_w.l(_printf_ll.o)
    0x080001d2   0x00000006   Code   RO         1890    .ARM.Collect$$_printf_percent$$00000008  c_w.l(_printf_i.o)
    0x080001d8   0x00000006   Code   RO         1891    .ARM.Collect$$_printf_percent$$00000009  c_w.l(_printf_d.o)
    0x080001de   0x00000006   Code   RO         1892    .ARM.Collect$$_printf_percent$$0000000A  c_w.l(_printf_u.o)
    0x080001e4   0x00000006   Code   RO         1889    .ARM.Collect$$_printf_percent$$0000000B  c_w.l(_printf_o.o)
    0x080001ea   0x00000006   Code   RO         1887    .ARM.Collect$$_printf_percent$$0000000C  c_w.l(_printf_x.o)
    0x080001f0   0x00000006   Code   RO         1898    .ARM.Collect$$_printf_percent$$0000000D  c_w.l(_printf_lli.o)
    0x080001f6   0x00000006   Code   RO         1899    .ARM.Collect$$_printf_percent$$0000000E  c_w.l(_printf_lld.o)
    0x080001fc   0x00000006   Code   RO         1900    .ARM.Collect$$_printf_percent$$0000000F  c_w.l(_printf_llu.o)
    0x08000202   0x00000006   Code   RO         1905    .ARM.Collect$$_printf_percent$$00000010  c_w.l(_printf_llo.o)
    0x08000208   0x00000006   Code   RO         1906    .ARM.Collect$$_printf_percent$$00000011  c_w.l(_printf_llx.o)
    0x0800020e   0x0000000a   Code   RO         1902    .ARM.Collect$$_printf_percent$$00000012  c_w.l(_printf_l.o)
    0x08000218   0x00000006   Code   RO         1885    .ARM.Collect$$_printf_percent$$00000013  c_w.l(_printf_c.o)
    0x0800021e   0x00000006   Code   RO         1816    .ARM.Collect$$_printf_percent$$00000014  c_w.l(_printf_s.o)
    0x08000224   0x00000006   Code   RO         1903    .ARM.Collect$$_printf_percent$$00000015  c_w.l(_printf_lc.o)
    0x0800022a   0x00000006   Code   RO         1904    .ARM.Collect$$_printf_percent$$00000016  c_w.l(_printf_ls.o)
    0x08000230   0x00000004   Code   RO         1897    .ARM.Collect$$_printf_percent$$00000017  c_w.l(_printf_percent_end.o)
    0x08000234   0x00000002   Code   RO         1992    .ARM.Collect$$libinit$$00000000  c_w.l(libinit.o)
    0x08000236   0x00000000   Code   RO         2009    .ARM.Collect$$libinit$$00000002  c_w.l(libinit2.o)
    0x08000236   0x00000000   Code   RO         2011    .ARM.Collect$$libinit$$00000004  c_w.l(libinit2.o)
    0x08000236   0x00000000   Code   RO         2014    .ARM.Collect$$libinit$$0000000A  c_w.l(libinit2.o)
    0x08000236   0x00000000   Code   RO         2016    .ARM.Collect$$libinit$$0000000C  c_w.l(libinit2.o)
    0x08000236   0x00000000   Code   RO         2018    .ARM.Collect$$libinit$$0000000E  c_w.l(libinit2.o)
    0x08000236   0x00000006   Code   RO         2019    .ARM.Collect$$libinit$$0000000F  c_w.l(libinit2.o)
    0x0800023c   0x00000000   Code   RO         2021    .ARM.Collect$$libinit$$00000011  c_w.l(libinit2.o)
    0x0800023c   0x0000000c   Code   RO         2022    .ARM.Collect$$libinit$$00000012  c_w.l(libinit2.o)
    0x08000248   0x00000000   Code   RO         2023    .ARM.Collect$$libinit$$00000013  c_w.l(libinit2.o)
    0x08000248   0x00000000   Code   RO         2025    .ARM.Collect$$libinit$$00000015  c_w.l(libinit2.o)
    0x08000248   0x0000000a   Code   RO         2026    .ARM.Collect$$libinit$$00000016  c_w.l(libinit2.o)
    0x08000252   0x00000000   Code   RO         2027    .ARM.Collect$$libinit$$00000017  c_w.l(libinit2.o)
    0x08000252   0x00000000   Code   RO         2029    .ARM.Collect$$libinit$$00000019  c_w.l(libinit2.o)
    0x08000252   0x00000000   Code   RO         2031    .ARM.Collect$$libinit$$0000001B  c_w.l(libinit2.o)
    0x08000252   0x00000000   Code   RO         2033    .ARM.Collect$$libinit$$0000001D  c_w.l(libinit2.o)
    0x08000252   0x00000000   Code   RO         2035    .ARM.Collect$$libinit$$0000001F  c_w.l(libinit2.o)
    0x08000252   0x00000000   Code   RO         2037    .ARM.Collect$$libinit$$00000021  c_w.l(libinit2.o)
    0x08000252   0x00000000   Code   RO         2039    .ARM.Collect$$libinit$$00000023  c_w.l(libinit2.o)
    0x08000252   0x00000000   Code   RO         2041    .ARM.Collect$$libinit$$00000025  c_w.l(libinit2.o)
    0x08000252   0x00000000   Code   RO         2045    .ARM.Collect$$libinit$$0000002C  c_w.l(libinit2.o)
    0x08000252   0x00000000   Code   RO         2047    .ARM.Collect$$libinit$$0000002E  c_w.l(libinit2.o)
    0x08000252   0x00000000   Code   RO         2049    .ARM.Collect$$libinit$$00000030  c_w.l(libinit2.o)
    0x08000252   0x00000000   Code   RO         2051    .ARM.Collect$$libinit$$00000032  c_w.l(libinit2.o)
    0x08000252   0x00000002   Code   RO         2052    .ARM.Collect$$libinit$$00000033  c_w.l(libinit2.o)
    0x08000254   0x00000002   Code   RO         2072    .ARM.Collect$$libshutdown$$00000000  c_w.l(libshutdown.o)
    0x08000256   0x00000000   Code   RO         2086    .ARM.Collect$$libshutdown$$00000003  c_w.l(libshutdown2.o)
    0x08000256   0x00000000   Code   RO         2089    .ARM.Collect$$libshutdown$$00000006  c_w.l(libshutdown2.o)
    0x08000256   0x00000000   Code   RO         2092    .ARM.Collect$$libshutdown$$00000009  c_w.l(libshutdown2.o)
    0x08000256   0x00000000   Code   RO         2094    .ARM.Collect$$libshutdown$$0000000B  c_w.l(libshutdown2.o)
    0x08000256   0x00000000   Code   RO         2097    .ARM.Collect$$libshutdown$$0000000E  c_w.l(libshutdown2.o)
    0x08000256   0x00000002   Code   RO         2098    .ARM.Collect$$libshutdown$$0000000F  c_w.l(libshutdown2.o)
    0x08000258   0x00000000   Code   RO         1838    .ARM.Collect$$rtentry$$00000000  c_w.l(__rtentry.o)
    0x08000258   0x00000000   Code   RO         1916    .ARM.Collect$$rtentry$$00000002  c_w.l(__rtentry2.o)
    0x08000258   0x00000006   Code   RO         1928    .ARM.Collect$$rtentry$$00000004  c_w.l(__rtentry4.o)
    0x0800025e   0x00000000   Code   RO         1918    .ARM.Collect$$rtentry$$00000009  c_w.l(__rtentry2.o)
    0x0800025e   0x00000004   Code   RO         1919    .ARM.Collect$$rtentry$$0000000A  c_w.l(__rtentry2.o)
    0x08000262   0x00000000   Code   RO         1921    .ARM.Collect$$rtentry$$0000000C  c_w.l(__rtentry2.o)
    0x08000262   0x00000008   Code   RO         1922    .ARM.Collect$$rtentry$$0000000D  c_w.l(__rtentry2.o)
    0x0800026a   0x00000002   Code   RO         2001    .ARM.Collect$$rtexit$$00000000  c_w.l(rtexit.o)
    0x0800026c   0x00000000   Code   RO         2054    .ARM.Collect$$rtexit$$00000002  c_w.l(rtexit2.o)
    0x0800026c   0x00000004   Code   RO         2055    .ARM.Collect$$rtexit$$00000003  c_w.l(rtexit2.o)
    0x08000270   0x00000006   Code   RO         2056    .ARM.Collect$$rtexit$$00000004  c_w.l(rtexit2.o)
    0x08000276   0x00000002   PAD
    0x08000278   0x00000040   Code   RO          648  * .text               startup_stm32f10x_hd.o
    0x080002b8   0x00000024   Code   RO         1786    .text               c_w.l(c89vsprintf.o)
    0x080002dc   0x0000002c   Code   RO         1788    .text               c_w.l(__2sprintf.o)
    0x08000308   0x00000052   Code   RO         1794    .text               c_w.l(_printf_str.o)
    0x0800035a   0x00000002   PAD
    0x0800035c   0x00000188   Code   RO         1813    .text               c_w.l(__printf_flags_ss_wp.o)
    0x080004e4   0x00000024   Code   RO         1822    .text               c_w.l(strstr.o)
    0x08000508   0x0000003e   Code   RO         1824    .text               c_w.l(strlen.o)
    0x08000546   0x00000018   Code   RO         1826    .text               c_w.l(strcat.o)
    0x0800055e   0x0000008a   Code   RO         1828    .text               c_w.l(rt_memcpy_v6.o)
    0x080005e8   0x00000044   Code   RO         1830    .text               c_w.l(rt_memclr.o)
    0x0800062c   0x0000004e   Code   RO         1832    .text               c_w.l(rt_memclr_w.o)
    0x0800067a   0x00000006   Code   RO         1834    .text               c_w.l(heapauxi.o)
    0x08000680   0x0000004e   Code   RO         1839    .text               c_w.l(_printf_pad.o)
    0x080006ce   0x00000024   Code   RO         1841    .text               c_w.l(_printf_truncate.o)
    0x080006f2   0x00000002   PAD
    0x080006f4   0x00000078   Code   RO         1843    .text               c_w.l(_printf_dec.o)
    0x0800076c   0x00000028   Code   RO         1845    .text               c_w.l(_printf_charcount.o)
    0x08000794   0x00000030   Code   RO         1847    .text               c_w.l(_printf_char_common.o)
    0x080007c4   0x0000000a   Code   RO         1849    .text               c_w.l(_sputc.o)
    0x080007ce   0x0000002c   Code   RO         1851    .text               c_w.l(_printf_char.o)
    0x080007fa   0x00000002   PAD
    0x080007fc   0x000000bc   Code   RO         1853    .text               c_w.l(_printf_wctomb.o)
    0x080008b8   0x0000007c   Code   RO         1856    .text               c_w.l(_printf_longlong_dec.o)
    0x08000934   0x00000070   Code   RO         1862    .text               c_w.l(_printf_oct_int_ll.o)
    0x080009a4   0x00000094   Code   RO         1882    .text               c_w.l(_printf_hex_int_ll_ptr.o)
    0x08000a38   0x00000064   Code   RO         1911    .text               c_w.l(rt_memcpy_w.o)
    0x08000a9c   0x0000008a   Code   RO         1930    .text               c_w.l(lludiv10.o)
    0x08000b26   0x000000b2   Code   RO         1934    .text               c_w.l(_printf_intcommon.o)
    0x08000bd8   0x0000041a   Code   RO         1936    .text               c_w.l(_printf_fp_dec.o)
    0x08000ff2   0x0000002c   Code   RO         1940    .text               c_w.l(_printf_wchar.o)
    0x0800101e   0x00000040   Code   RO         1944    .text               c_w.l(_wcrtomb.o)
    0x0800105e   0x0000004a   Code   RO         1946    .text               c_w.l(sys_stackheap_outer.o)
    0x080010a8   0x00000010   Code   RO         1948    .text               c_w.l(rt_ctype_table.o)
    0x080010b8   0x00000008   Code   RO         1953    .text               c_w.l(rt_locale_intlibspace.o)
    0x080010c0   0x00000080   Code   RO         1955    .text               c_w.l(_printf_fp_infnan.o)
    0x08001140   0x000000dc   Code   RO         1957    .text               c_w.l(bigflt0.o)
    0x0800121c   0x0000000c   Code   RO         1985    .text               c_w.l(exit.o)
    0x08001228   0x00000008   Code   RO         1998    .text               c_w.l(libspace.o)
    0x08001230   0x00000080   Code   RO         2006    .text               c_w.l(strcmpv7m.o)
    0x080012b0   0x0000000c   Code   RO         2064    .text               c_w.l(sys_exit.o)
    0x080012bc   0x00000002   Code   RO         2075    .text               c_w.l(use_no_semi.o)
    0x080012be   0x00000000   Code   RO         2077    .text               c_w.l(indicate_semi.o)
    0x080012be   0x0000003e   Code   RO         1960    CL$$btod_d2e        c_w.l(btod.o)
    0x080012fc   0x00000046   Code   RO         1962    CL$$btod_d2e_denorm_low  c_w.l(btod.o)
    0x08001342   0x00000060   Code   RO         1961    CL$$btod_d2e_norm_op1  c_w.l(btod.o)
    0x080013a2   0x00000338   Code   RO         1970    CL$$btod_div_common  c_w.l(btod.o)
    0x080016da   0x000000c6   Code   RO         1967    CL$$btod_e2e        c_w.l(btod.o)
    0x080017a0   0x00000028   Code   RO         1964    CL$$btod_ediv       c_w.l(btod.o)
    0x080017c8   0x00000028   Code   RO         1963    CL$$btod_emul       c_w.l(btod.o)
    0x080017f0   0x00000244   Code   RO         1969    CL$$btod_mult_common  c_w.l(btod.o)
    0x08001a34   0x00000042   Code   RO          526    i.AT24C02_ReadOneByte  24c02.o
    0x08001a76   0x00000002   Code   RO          224    i.BusFault_Handler  stm32f10x_it.o
    0x08001a78   0x00000002   Code   RO          225    i.DebugMon_Handler  stm32f10x_it.o
    0x08001a7a   0x0000000c   Code   RO          157    i.Delay_Init        delay.o
    0x08001a86   0x00000002   PAD
    0x08001a88   0x000000f8   Code   RO          158    i.Delay_Ms          delay.o
    0x08001b80   0x00000042   Code   RO          159    i.Delay_Us          delay.o
    0x08001bc2   0x00000116   Code   RO         1622    i.GPIO_Init         stm32f10x_gpio.o
    0x08001cd8   0x00000012   Code   RO         1626    i.GPIO_ReadInputDataBit  stm32f10x_gpio.o
    0x08001cea   0x00000004   Code   RO         1629    i.GPIO_ResetBits    stm32f10x_gpio.o
    0x08001cee   0x00000004   Code   RO         1630    i.GPIO_SetBits      stm32f10x_gpio.o
    0x08001cf2   0x0000000a   Code   RO         1633    i.GPIO_WriteBit     stm32f10x_gpio.o
    0x08001cfc   0x00000002   Code   RO          226    i.HardFault_Handler  stm32f10x_it.o
    0x08001cfe   0x00000002   PAD
    0x08001d00   0x00000040   Code   RO          484    i.IIC_Init          iic.o
    0x08001d40   0x000000fc   Code   RO          485    i.IIC_Read_Byte     iic.o
    0x08001e3c   0x00000064   Code   RO          486    i.IIC_Send_Byte     iic.o
    0x08001ea0   0x00000040   Code   RO          487    i.IIC_Start         iic.o
    0x08001ee0   0x00000040   Code   RO          488    i.IIC_Stop          iic.o
    0x08001f20   0x00000070   Code   RO          489    i.IIC_Wait_Ack      iic.o
    0x08001f90   0x00000038   Code   RO          461    i.KEY_Init          key.o
    0x08001fc8   0x0000002c   Code   RO          346    i.LED_AllOff        led.o
    0x08001ff4   0x00000054   Code   RO          348    i.LED_Init          led.o
    0x08002048   0x00000002   Code   RO          227    i.MemManage_Handler  stm32f10x_it.o
    0x0800204a   0x00000002   Code   RO          228    i.NMI_Handler       stm32f10x_it.o
    0x0800204c   0x00000070   Code   RO          652    i.NVIC_Init         misc.o
    0x080020bc   0x00000014   Code   RO          653    i.NVIC_PriorityGroupConfig  misc.o
    0x080020d0   0x000000b8   Code   RO          568    i.OneNet_GET        onenet_http.o
    0x08002188   0x00000002   Code   RO          229    i.PendSV_Handler    stm32f10x_it.o
    0x0800218a   0x00000002   PAD
    0x0800218c   0x00000020   Code   RO          690    i.RCC_APB1PeriphClockCmd  stm32f10x_rcc.o
    0x080021ac   0x00000020   Code   RO          691    i.RCC_APB1PeriphResetCmd  stm32f10x_rcc.o
    0x080021cc   0x00000020   Code   RO          692    i.RCC_APB2PeriphClockCmd  stm32f10x_rcc.o
    0x080021ec   0x00000020   Code   RO          693    i.RCC_APB2PeriphResetCmd  stm32f10x_rcc.o
    0x0800220c   0x000000d4   Code   RO          700    i.RCC_GetClocksFreq  stm32f10x_rcc.o
    0x080022e0   0x00000002   Code   RO          230    i.SVC_Handler       stm32f10x_it.o
    0x080022e2   0x00000008   Code   RO          611    i.SetSysClock       system_stm32f10x.o
    0x080022ea   0x00000002   PAD
    0x080022ec   0x000000e0   Code   RO          612    i.SetSysClockTo72   system_stm32f10x.o
    0x080023cc   0x0000003c   Code   RO          656    i.SysTick_CLKSourceConfig  misc.o
    0x08002408   0x00000002   Code   RO          231    i.SysTick_Handler   stm32f10x_it.o
    0x0800240a   0x00000002   PAD
    0x0800240c   0x00000060   Code   RO          614    i.SystemInit        system_stm32f10x.o
    0x0800246c   0x00000076   Code   RO          556    i.TIM2_ENABLE_3S    timer2.o
    0x080024e2   0x00000002   PAD
    0x080024e4   0x00000028   Code   RO          232    i.TIM2_IRQHandler   stm32f10x_it.o
    0x0800250c   0x00000078   Code   RO          588    i.TIM3_ENABLE_5S    timer3.o
    0x08002584   0x00000040   Code   RO          233    i.TIM3_IRQHandler   stm32f10x_it.o
    0x080025c4   0x00000088   Code   RO          234    i.TIM4_IRQHandler   stm32f10x_it.o
    0x0800264c   0x0000006c   Code   RO          209    i.TIM4_Init         timer4.o
    0x080026b8   0x00000006   Code   RO          899    i.TIM_ClearITPendingBit  stm32f10x_tim.o
    0x080026be   0x00000018   Code   RO          904    i.TIM_Cmd           stm32f10x_tim.o
    0x080026d6   0x00000002   PAD
    0x080026d8   0x000001e8   Code   RO          909    i.TIM_DeInit        stm32f10x_tim.o
    0x080028c0   0x00000022   Code   RO          925    i.TIM_GetITStatus   stm32f10x_tim.o
    0x080028e2   0x00000012   Code   RO          929    i.TIM_ITConfig      stm32f10x_tim.o
    0x080028f4   0x00000004   Code   RO          969    i.TIM_SetCounter    stm32f10x_tim.o
    0x080028f8   0x000000a4   Code   RO          975    i.TIM_TimeBaseInit  stm32f10x_tim.o
    0x0800299c   0x0000007c   Code   RO          235    i.USART2_IRQHandler  stm32f10x_it.o
    0x08002a18   0x00000012   Code   RO         1436    i.USART_ClearFlag   stm32f10x_usart.o
    0x08002a2a   0x00000018   Code   RO         1440    i.USART_Cmd         stm32f10x_usart.o
    0x08002a42   0x00000002   PAD
    0x08002a44   0x0000009c   Code   RO         1442    i.USART_DeInit      stm32f10x_usart.o
    0x08002ae0   0x00000054   Code   RO         1444    i.USART_GetITStatus  stm32f10x_usart.o
    0x08002b34   0x0000004a   Code   RO         1446    i.USART_ITConfig    stm32f10x_usart.o
    0x08002b7e   0x00000002   PAD
    0x08002b80   0x000000d8   Code   RO         1447    i.USART_Init        stm32f10x_usart.o
    0x08002c58   0x00000002   Code   RO          236    i.UsageFault_Handler  stm32f10x_it.o
    0x08002c5a   0x00000002   PAD
    0x08002c5c   0x00000080   Code   RO          181    i.Usart1_Init       usart1.o
    0x08002cdc   0x000000b8   Code   RO          315    i.Usart2_Init       usart2.o
    0x08002d94   0x00000098   Code   RO          370    i.WiFi_Close        wifi.o
    0x08002e2c   0x00000144   Code   RO          371    i.WiFi_Connect_Server  wifi.o
    0x08002f70   0x000000c4   Code   RO          372    i.WiFi_GetIP        wifi.o
    0x08003034   0x00000510   Code   RO          375    i.WiFi_Init         wifi.o
    0x08003544   0x000000b0   Code   RO          376    i.WiFi_JoinAP       wifi.o
    0x080035f4   0x00000070   Code   RO          377    i.WiFi_Reset        wifi.o
    0x08003664   0x00000034   Code   RO          378    i.WiFi_ResetIO_Init  wifi.o
    0x08003698   0x00000074   Code   RO          379    i.WiFi_SendCmd      wifi.o
    0x0800370c   0x0000006c   Code   RO          381    i.WiFi_Smartconfig  wifi.o
    0x08003778   0x00000058   Code   RO          382    i.WiFi_WaitAP       wifi.o
    0x080037d0   0x00000028   Code   RO         1996    i.__ARM_fpclassify  m_ws.l(fpclassify.o)
    0x080037f8   0x0000000e   Code   RO         1806    i._is_digit         c_w.l(__printf_wp.o)
    0x08003806   0x00000002   PAD
    0x08003808   0x00000330   Code   RO            1    i.main              main.o
    0x08003b38   0x0000005c   Code   RO          182    i.u1_printf         usart1.o
    0x08003b94   0x0000005c   Code   RO          317    i.u2_printf         usart2.o
    0x08003bf0   0x0000002c   Code   RO         1983    locale$$code        c_w.l(lc_numeric_c.o)
    0x08003c1c   0x0000002c   Code   RO         2004    locale$$code        c_w.l(lc_ctype_c.o)
    0x08003c48   0x00000004   Code   RO         1913    x$fpl$printf1       fz_ws.l(printf1.o)
    0x08003c4c   0x00000000   Code   RO         1995    x$fpl$usenofp       fz_ws.l(usenofp.o)
    0x08003c4c   0x00000011   Data   RO         1814    .constdata          c_w.l(__printf_flags_ss_wp.o)
    0x08003c5d   0x00000003   PAD
    0x08003c60   0x00000008   Data   RO         1854    .constdata          c_w.l(_printf_wctomb.o)
    0x08003c68   0x00000028   Data   RO         1883    .constdata          c_w.l(_printf_hex_int_ll_ptr.o)
    0x08003c90   0x00000094   Data   RO         1958    .constdata          c_w.l(bigflt0.o)
    0x08003d24   0x0000000e   Data   RO          570    .conststring        onenet_http.o
    0x08003d32   0x00000002   PAD
    0x08003d34   0x00000020   Data   RO         2129    Region$$Table       anon$$obj.o
    0x08003d54   0x0000001c   Data   RO         1982    locale$$data        c_w.l(lc_numeric_c.o)
    0x08003d70   0x00000110   Data   RO         2003    locale$$data        c_w.l(lc_ctype_c.o)


    Execution Region ER_RW (Base: 0x20000000, Size: 0x0000002c, Max: 0xffffffff, ABSOLUTE)

    Base Addr    Size         Type   Attr      Idx    E Section Name        Object

    0x20000000   0x00000002   Data   RW            2    .data               main.o
    0x20000002   0x00000002   PAD
    0x20000004   0x00000008   Data   RW          319    .data               usart2.o
    0x2000000c   0x00000002   Data   RW          383    .data               wifi.o
    0x2000000e   0x00000002   PAD
    0x20000010   0x00000008   Data   RW          571    .data               onenet_http.o
    0x20000018   0x00000014   Data   RW          720    .data               stm32f10x_rcc.o


    Execution Region ER_ZI (Base: 0x2000002c, Size: 0x00001f64, Max: 0xffffffff, ABSOLUTE)

    Base Addr    Size         Type   Attr      Idx    E Section Name        Object

    0x2000002c   0x00000004   PAD
    0x20000030   0x00000100   Zero   RW          183    .bss                usart1.o
    0x20000130   0x00000800   Zero   RW          318    .bss                usart2.o
    0x20000930   0x00001000   Zero   RW          569    .bss                onenet_http.o
    0x20001930   0x00000060   Zero   RW         1999    .bss                c_w.l(libspace.o)
    0x20001990   0x00000200   Zero   RW          646    HEAP                startup_stm32f10x_hd.o
    0x20001b90   0x00000400   Zero   RW          645    STACK               startup_stm32f10x_hd.o


==============================================================================

Image component sizes


      Code (inc. data)   RO Data    RW Data    ZI Data      Debug   Object Name

        66          0          0          0          0        702   24c02.o
         0          0          0          0          0         32   core_cm3.o
       326          6          0          0          0       1975   delay.o
       656         28          0          0          0       3869   iic.o
        56          4          0          0          0        587   key.o
       128         18          0          0          0       1156   led.o
       816        320          0          2          0     254447   main.o
       192         22          0          0          0       2421   misc.o
       184        120         14          8       4096       1693   onenet_http.o
        64         26        304          0       1536        864   startup_stm32f10x_hd.o
       314          0          0          0          0       4640   stm32f10x_gpio.o
       382         74          0          0          0       7232   stm32f10x_it.o
       340         44          0         20          0       6096   stm32f10x_rcc.o
       738        106          0          0          0       5432   stm32f10x_tim.o
       572         28          0          0          0       6063   stm32f10x_usart.o
       328         28          0          0          0       2249   system_stm32f10x.o
       118          0          0          0          0        673   timer2.o
       120          4          0          0          0        673   timer3.o
       108          4          0          0          0        752   timer4.o
       220         18          0          0        256       2818   usart1.o
       276         16          0          8       2048       2544   usart2.o
      2620       1330          0          2          0       7796   wifi.o

    ----------------------------------------------------------------------
      8644       2196        352         44       7940     314714   Object Totals
         0          0         32          0          0          0   (incl. Generated)
        20          0          2          4          4          0   (incl. Padding)

    ----------------------------------------------------------------------

      Code (inc. data)   RO Data    RW Data    ZI Data      Debug   Library Member Name

        44          6          0          0          0         84   __2sprintf.o
         8          0          0          0          0         68   __main.o
       392          4         17          0          0         92   __printf_flags_ss_wp.o
        14          0          0          0          0         68   __printf_wp.o
         0          0          0          0          0          0   __rtentry.o
        12          0          0          0          0          0   __rtentry2.o
         6          0          0          0          0          0   __rtentry4.o
        52          8          0          0          0          0   __scatter.o
        26          0          0          0          0          0   __scatter_copy.o
        28          0          0          0          0          0   __scatter_zi.o
         6          0          0          0          0          0   _printf_a.o
         6          0          0          0          0          0   _printf_c.o
        44          0          0          0          0        108   _printf_char.o
        48          6          0          0          0         96   _printf_char_common.o
        40          0          0          0          0         68   _printf_charcount.o
         6          0          0          0          0          0   _printf_d.o
       120         16          0          0          0         92   _printf_dec.o
         6          0          0          0          0          0   _printf_e.o
         6          0          0          0          0          0   _printf_f.o
      1050          0          0          0          0        216   _printf_fp_dec.o
       128         16          0          0          0         84   _printf_fp_infnan.o
         6          0          0          0          0          0   _printf_g.o
       148          4         40          0          0        160   _printf_hex_int_ll_ptr.o
         6          0          0          0          0          0   _printf_i.o
       178          0          0          0          0         88   _printf_intcommon.o
        10          0          0          0          0          0   _printf_l.o
         6          0          0          0          0          0   _printf_lc.o
        10          0          0          0          0          0   _printf_ll.o
         6          0          0          0          0          0   _printf_lld.o
         6          0          0          0          0          0   _printf_lli.o
         6          0          0          0          0          0   _printf_llo.o
         6          0          0          0          0          0   _printf_llu.o
         6          0          0          0          0          0   _printf_llx.o
       124         16          0          0          0         92   _printf_longlong_dec.o
         6          0          0          0          0          0   _printf_ls.o
         6          0          0          0          0          0   _printf_n.o
         6          0          0          0          0          0   _printf_o.o
       112          8          0          0          0        124   _printf_oct_int_ll.o
         6          0          0          0          0          0   _printf_p.o
        78          0          0          0          0        108   _printf_pad.o
         0          0          0          0          0          0   _printf_percent.o
         4          0          0          0          0          0   _printf_percent_end.o
         6          0          0          0          0          0   _printf_s.o
        82          0          0          0          0         80   _printf_str.o
        36          0          0          0          0         84   _printf_truncate.o
         6          0          0          0          0          0   _printf_u.o
        44          0          0          0          0        108   _printf_wchar.o
       188          6          8          0          0         92   _printf_wctomb.o
         6          0          0          0          0          0   _printf_x.o
        10          0          0          0          0         68   _sputc.o
        64          0          0          0          0         92   _wcrtomb.o
       220          4        148          0          0         96   bigflt0.o
      1910        128          0          0          0        672   btod.o
        36          4          0          0          0         76   c89vsprintf.o
        12          0          0          0          0         72   exit.o
         6          0          0          0          0        152   heapauxi.o
         0          0          0          0          0          0   indicate_semi.o
        44         10        272          0          0         76   lc_ctype_c.o
        44         10         28          0          0         76   lc_numeric_c.o
         2          0          0          0          0          0   libinit.o
        30          0          0          0          0          0   libinit2.o
         2          0          0          0          0          0   libshutdown.o
         2          0          0          0          0          0   libshutdown2.o
         8          4          0          0         96         68   libspace.o
       138          0          0          0          0         80   lludiv10.o
        16          4          0          0          0         76   rt_ctype_table.o
         8          4          0          0          0         68   rt_locale_intlibspace.o
        68          0          0          0          0         68   rt_memclr.o
        78          0          0          0          0         80   rt_memclr_w.o
       138          0          0          0          0         68   rt_memcpy_v6.o
       100          0          0          0          0         80   rt_memcpy_w.o
         2          0          0          0          0          0   rtexit.o
        10          0          0          0          0          0   rtexit2.o
        24          0          0          0          0         68   strcat.o
       128          0          0          0          0         68   strcmpv7m.o
        62          0          0          0          0         76   strlen.o
        36          0          0          0          0         80   strstr.o
        12          4          0          0          0         68   sys_exit.o
        74          0          0          0          0         80   sys_stackheap_outer.o
         2          0          0          0          0         68   use_no_semi.o
         4          0          0          0          0         68   printf1.o
         0          0          0          0          0          0   usenofp.o
        40          0          0          0          0         68   fpclassify.o

    ----------------------------------------------------------------------
      6488        262        516          0         96       4524   Library Totals
        12          0          3          0          0          0   (incl. Padding)

    ----------------------------------------------------------------------

      Code (inc. data)   RO Data    RW Data    ZI Data      Debug   Library Name

      6432        262        513          0         96       4388   c_w.l
         4          0          0          0          0         68   fz_ws.l
        40          0          0          0          0         68   m_ws.l

    ----------------------------------------------------------------------
      6488        262        516          0         96       4524   Library Totals

    ----------------------------------------------------------------------

==============================================================================


      Code (inc. data)   RO Data    RW Data    ZI Data      Debug   

     15132       2458        868         44       8036     313046   Grand Totals
     15132       2458        868         44       8036     313046   ELF Image Totals
     15132       2458        868         44          0          0   ROM Totals

==============================================================================

    Total RO  Size (Code + RO Data)                16000 (  15.63kB)
    Total RW  Size (RW Data + ZI Data)              8080 (   7.89kB)
    Total ROM Size (Code + RO Data + RW Data)      16044 (  15.67kB)

==============================================================================

