<html>
<body>
<pre>
<h1>礦ision Build Log</h1>
<h2>Tool Versions:</h2>
IDE-Version: μVision V5.14.0.0
Copyright (C) 2015 ARM Ltd and ARM Germany GmbH. All rights reserved.
License Information: CWDZ 微软用户, 微软中国, LIC=V8574-FPXKP-49PG2-9W4YP-EXBRY-R6UV1
 
Tool Versions:
Toolchain:       MDK-ARM Professional  Version: 5.14.0.0
Toolchain Path:  D:\Keil_v5\ARM\ARMCC\Bin
C Compiler:      Armcc.exe V5.05 update 1 (build 106)
Assembler:       Armasm.exe V5.05 update 1 (build 106)
Linker/Locator:  ArmLink.exe V5.05 update 1 (build 106)
Library Manager: ArmAr.exe V5.05 update 1 (build 106)
Hex Converter:   FromElf.exe V5.05 update 1 (build 106)
CPU DLL:         SARMCM3.DLL V5.14.0.0
Dialog DLL:      DCM.DLL V1.13.1.0
Target DLL:      Segger\JL2CM3.dll V2.99.13.0
Dialog DLL:      TCM.DLL V1.14.4.0
 
<h2>Project:</h2>
D:\开发板资料文件\最新版\STM32+SIM800C开发板\新版本\1-最新例程（Keil5.14）\40-SIM800C 动态再认证 阿里智能生活平台 云智能APP 4路开关控制\USER\工程文件.uvprojx
Project File Date:  08/24/2019

<h2>Output:</h2>
Rebuild target '工程'
compiling main.c...
compiling delay.c...
compiling usart1.c...
compiling stm32f10x_it.c...
compiling mqtt.c...
compiling timer4.c...
compiling iic.c...
compiling led.c...
compiling timer6.c...
compiling sim800c.c...
compiling 24c02.c...
compiling usart3.c...
compiling core_cm3.c...
compiling system_stm32f10x.c...
assembling startup_stm32f10x_hd.s...
compiling misc.c...
compiling stm32f10x_rcc.c...
compiling stm32f10x_tim.c...
compiling stm32f10x_usart.c...
compiling stm32f10x_gpio.c...
compiling utils_hmac.c...
compiling utils_md5.c...
compiling utils_sha1.c...
linking...
Program Size: Code=24052 RO-data=2064 RW-data=100 ZI-data=10668  
FromELF: creating hex file...
"..\OBJ\工程文件.axf" - 0 Error(s), 0 Warning(s).

<h2>Collection of Component include folders:</h2>
  D:\开发板资料文件\最新版\STM32+SIM800C开发板\新版本\1-最新例程（Keil5.14）\40-SIM800C 动态再认证 阿里智能生活平台 云智能APP 4路开关控制\USER\RTE
  D:\Keil_v5\ARM\PACK\Keil\STM32F1xx_DFP\1.0.5\Device\Include

<h2>Collection of Component Files used:</h2>
</pre>
</body>
</html>
